Archive member included to satisfy reference by file (symbol)

/opt/st/stm32cubeclt_1.18.0/GNU-tools-for-STM32/bin/../lib/gcc/arm-none-eabi/13.3.1/../../../../arm-none-eabi/lib/thumb/v7e-m+fp/hard/libc_nano.a(libc_a-exit.o)
                              /opt/st/stm32cubeclt_1.18.0/GNU-tools-for-STM32/bin/../lib/gcc/arm-none-eabi/13.3.1/../../../../arm-none-eabi/lib/thumb/v7e-m+fp/hard/crt0.o (exit)
/opt/st/stm32cubeclt_1.18.0/GNU-tools-for-STM32/bin/../lib/gcc/arm-none-eabi/13.3.1/../../../../arm-none-eabi/lib/thumb/v7e-m+fp/hard/libc_nano.a(libc_a-findfp.o)
                              /opt/st/stm32cubeclt_1.18.0/GNU-tools-for-STM32/bin/../lib/gcc/arm-none-eabi/13.3.1/../../../../arm-none-eabi/lib/thumb/v7e-m+fp/hard/libc_nano.a(libc_a-exit.o) (__stdio_exit_handler)
/opt/st/stm32cubeclt_1.18.0/GNU-tools-for-STM32/bin/../lib/gcc/arm-none-eabi/13.3.1/../../../../arm-none-eabi/lib/thumb/v7e-m+fp/hard/libc_nano.a(libc_a-fwalk.o)
                              /opt/st/stm32cubeclt_1.18.0/GNU-tools-for-STM32/bin/../lib/gcc/arm-none-eabi/13.3.1/../../../../arm-none-eabi/lib/thumb/v7e-m+fp/hard/libc_nano.a(libc_a-findfp.o) (_fwalk_sglue)
/opt/st/stm32cubeclt_1.18.0/GNU-tools-for-STM32/bin/../lib/gcc/arm-none-eabi/13.3.1/../../../../arm-none-eabi/lib/thumb/v7e-m+fp/hard/libc_nano.a(libc_a-stdio.o)
                              /opt/st/stm32cubeclt_1.18.0/GNU-tools-for-STM32/bin/../lib/gcc/arm-none-eabi/13.3.1/../../../../arm-none-eabi/lib/thumb/v7e-m+fp/hard/libc_nano.a(libc_a-findfp.o) (__sread)
/opt/st/stm32cubeclt_1.18.0/GNU-tools-for-STM32/bin/../lib/gcc/arm-none-eabi/13.3.1/../../../../arm-none-eabi/lib/thumb/v7e-m+fp/hard/libc_nano.a(libc_a-memset.o)
                              /opt/st/stm32cubeclt_1.18.0/GNU-tools-for-STM32/bin/../lib/gcc/arm-none-eabi/13.3.1/../../../../arm-none-eabi/lib/thumb/v7e-m+fp/hard/crt0.o (memset)
/opt/st/stm32cubeclt_1.18.0/GNU-tools-for-STM32/bin/../lib/gcc/arm-none-eabi/13.3.1/../../../../arm-none-eabi/lib/thumb/v7e-m+fp/hard/libc_nano.a(libc_a-closer.o)
                              /opt/st/stm32cubeclt_1.18.0/GNU-tools-for-STM32/bin/../lib/gcc/arm-none-eabi/13.3.1/../../../../arm-none-eabi/lib/thumb/v7e-m+fp/hard/libc_nano.a(libc_a-stdio.o) (_close_r)
/opt/st/stm32cubeclt_1.18.0/GNU-tools-for-STM32/bin/../lib/gcc/arm-none-eabi/13.3.1/../../../../arm-none-eabi/lib/thumb/v7e-m+fp/hard/libc_nano.a(libc_a-reent.o)
                              /opt/st/stm32cubeclt_1.18.0/GNU-tools-for-STM32/bin/../lib/gcc/arm-none-eabi/13.3.1/../../../../arm-none-eabi/lib/thumb/v7e-m+fp/hard/libc_nano.a(libc_a-closer.o) (errno)
/opt/st/stm32cubeclt_1.18.0/GNU-tools-for-STM32/bin/../lib/gcc/arm-none-eabi/13.3.1/../../../../arm-none-eabi/lib/thumb/v7e-m+fp/hard/libc_nano.a(libc_a-impure.o)
                              /opt/st/stm32cubeclt_1.18.0/GNU-tools-for-STM32/bin/../lib/gcc/arm-none-eabi/13.3.1/../../../../arm-none-eabi/lib/thumb/v7e-m+fp/hard/libc_nano.a(libc_a-reent.o) (_impure_ptr)
/opt/st/stm32cubeclt_1.18.0/GNU-tools-for-STM32/bin/../lib/gcc/arm-none-eabi/13.3.1/../../../../arm-none-eabi/lib/thumb/v7e-m+fp/hard/libc_nano.a(libc_a-lseekr.o)
                              /opt/st/stm32cubeclt_1.18.0/GNU-tools-for-STM32/bin/../lib/gcc/arm-none-eabi/13.3.1/../../../../arm-none-eabi/lib/thumb/v7e-m+fp/hard/libc_nano.a(libc_a-stdio.o) (_lseek_r)
/opt/st/stm32cubeclt_1.18.0/GNU-tools-for-STM32/bin/../lib/gcc/arm-none-eabi/13.3.1/../../../../arm-none-eabi/lib/thumb/v7e-m+fp/hard/libc_nano.a(libc_a-readr.o)
                              /opt/st/stm32cubeclt_1.18.0/GNU-tools-for-STM32/bin/../lib/gcc/arm-none-eabi/13.3.1/../../../../arm-none-eabi/lib/thumb/v7e-m+fp/hard/libc_nano.a(libc_a-stdio.o) (_read_r)
/opt/st/stm32cubeclt_1.18.0/GNU-tools-for-STM32/bin/../lib/gcc/arm-none-eabi/13.3.1/../../../../arm-none-eabi/lib/thumb/v7e-m+fp/hard/libc_nano.a(libc_a-writer.o)
                              /opt/st/stm32cubeclt_1.18.0/GNU-tools-for-STM32/bin/../lib/gcc/arm-none-eabi/13.3.1/../../../../arm-none-eabi/lib/thumb/v7e-m+fp/hard/libc_nano.a(libc_a-stdio.o) (_write_r)
/opt/st/stm32cubeclt_1.18.0/GNU-tools-for-STM32/bin/../lib/gcc/arm-none-eabi/13.3.1/../../../../arm-none-eabi/lib/thumb/v7e-m+fp/hard/libc_nano.a(libc_a-init.o)
                              /opt/st/stm32cubeclt_1.18.0/GNU-tools-for-STM32/bin/../lib/gcc/arm-none-eabi/13.3.1/../../../../arm-none-eabi/lib/thumb/v7e-m+fp/hard/crt0.o (__libc_init_array)
/opt/st/stm32cubeclt_1.18.0/GNU-tools-for-STM32/bin/../lib/gcc/arm-none-eabi/13.3.1/../../../../arm-none-eabi/lib/thumb/v7e-m+fp/hard/libc_nano.a(libc_a-lock.o)
                              /opt/st/stm32cubeclt_1.18.0/GNU-tools-for-STM32/bin/../lib/gcc/arm-none-eabi/13.3.1/../../../../arm-none-eabi/lib/thumb/v7e-m+fp/hard/libc_nano.a(libc_a-findfp.o) (__retarget_lock_init_recursive)
/opt/st/stm32cubeclt_1.18.0/GNU-tools-for-STM32/bin/../lib/gcc/arm-none-eabi/13.3.1/../../../../arm-none-eabi/lib/thumb/v7e-m+fp/hard/libc_nano.a(libc_a-freer.o)
[...]
Memory Configuration

Name             Origin             Length             Attributes
RAM              0x20000000         0x00018000         xrw
FLASH            0x08000000         0x00080000         xr
*default*        0x00000000         0xffffffff

Linker script and memory map

LOAD /opt/st/stm32cubeclt_1.18.0/GNU-tools-for-STM32/bin/../lib/gcc/arm-none-eabi/13.3.1/thumb/v7e-m+fp/hard/crti.o
LOAD /opt/st/stm32cubeclt_1.18.0/GNU-tools-for-STM32/bin/../lib/gcc/arm-none-eabi/13.3.1/thumb/v7e-m+fp/hard/crtbegin.o
LOAD /opt/st/stm32cubeclt_1.18.0/GNU-tools-for-STM32/bin/../lib/gcc/arm-none-eabi/13.3.1/../../../../arm-none-eabi/lib/thumb/v7e-m+fp/hard/crt0.o
START GROUP
LOAD /opt/st/stm32cubeclt_1.18.0/GNU-tools-for-STM32/bin/../lib/gcc/arm-none-eabi/13.3.1/../../../../arm-none-eabi/lib/thumb/v7e-m+fp/hard/libc_nano.a
LOAD /opt/st/stm32cubeclt_1.18.0/GNU-tools-for-STM32/bin/../lib/gcc/arm-none-eabi/13.3.1/../../../../arm-none-eabi/lib/thumb/v7e-m+fp/hard/libm.a
END GROUP
LOAD cmake/stm32cubemx/CMakeFiles/STM32_Drivers.dir/__/__/Core/Src/system_stm32f4xx.c.obj
LOAD cmake/stm32cubemx/CMakeFiles/STM32_Drivers.dir/__/__/Drivers/STM32F4xx_HAL_Driver/Src/stm32f4xx_hal_tim.c.obj
LOAD cmake/stm32cubemx/CMakeFiles/STM32_Drivers.dir/__/__/Drivers/STM32F4xx_HAL_Driver/Src/stm32f4xx_hal_tim_ex.c.obj
LOAD cmake/stm32cubemx/CMakeFiles/STM32_Drivers.dir/__/__/Drivers/STM32F4xx_HAL_Driver/Src/stm32f4xx_hal_uart.c.obj
LOAD cmake/stm32cubemx/CMakeFiles/STM32_Drivers.dir/__/__/Drivers/STM32F4xx_HAL_Driver/Src/stm32f4xx_hal_rcc.c.obj
LOAD cmake/stm32cubemx/CMakeFiles/STM32_Drivers.dir/__/__/Drivers/STM32F4xx_HAL_Driver/Src/stm32f4xx_hal_rcc_ex.c.obj
LOAD cmake/stm32cubemx/CMakeFiles/STM32_Drivers.dir/__/__/Drivers/STM32F4xx_HAL_Driver/Src/stm32f4xx_hal_flash.c.obj
LOAD cmake/stm32cubemx/CMakeFiles/STM32_Drivers.dir/__/__/Drivers/STM32F4xx_HAL_Driver/Src/stm32f4xx_hal_flash_ex.c.obj
LOAD cmake/stm32cubemx/CMakeFiles/STM32_Drivers.dir/__/__/Drivers/STM32F4xx_HAL_Driver/Src/stm32f4xx_hal_flash_ramfunc.c.obj
LOAD cmake/stm32cubemx/CMakeFiles/STM32_Drivers.dir/__/__/Drivers/STM32F4xx_HAL_Driver/Src/stm32f4xx_hal_gpio.c.obj
LOAD cmake/stm32cubemx/CMakeFiles/STM32_Drivers.dir/__/__/Drivers/STM32F4xx_HAL_Driver/Src/stm32f4xx_hal_dma_ex.c.obj
LOAD cmake/stm32cubemx/CMakeFiles/STM32_Drivers.dir/__/__/Drivers/STM32F4xx_HAL_Driver/Src/stm32f4xx_hal_dma.c.obj
LOAD cmake/stm32cubemx/CMakeFiles/STM32_Drivers.dir/__/__/Drivers/STM32F4xx_HAL_Driver/Src/stm32f4xx_hal_pwr.c.obj
LOAD cmake/stm32cubemx/CMakeFiles/STM32_Drivers.dir/__/__/Drivers/STM32F4xx_HAL_Driver/Src/stm32f4xx_hal_pwr_ex.c.obj
LOAD cmake/stm32cubemx/CMakeFiles/STM32_Drivers.dir/__/__/Drivers/STM32F4xx_HAL_Driver/Src/stm32f4xx_hal_cortex.c.obj
LOAD cmake/stm32cubemx/CMakeFiles/STM32_Drivers.dir/__/__/Drivers/STM32F4xx_HAL_Driver/Src/stm32f4xx_hal.c.obj
LOAD cmake/stm32cubemx/CMakeFiles/STM32_Drivers.dir/__/__/Drivers/STM32F4xx_HAL_Driver/Src/stm32f4xx_hal_exti.c.obj
LOAD CMakeFiles/freertos.dir/Core/Src/main.c.obj
LOAD CMakeFiles/freertos.dir/Core/Src/stm32f4xx_it.c.obj
LOAD CMakeFiles/freertos.dir/Core/Src/stm32f4xx_hal_msp.c.obj
LOAD CMakeFiles/freertos.dir/Core/Src/stm32f4xx_hal_timebase_tim.c.obj
LOAD CMakeFiles/freertos.dir/Core/Src/sysmem.c.obj
LOAD CMakeFiles/freertos.dir/Core/Src/syscalls.c.obj
LOAD CMakeFiles/freertos.dir/startup_stm32f401xe.s.obj
LOAD CMakeFiles/freertos.dir/FreeRTOS/portable/MemMang/heap_4.c.obj
LOAD CMakeFiles/freertos.dir/Systemview/Config/SEGGER_SYSVIEW_Config_FreeRTOS.c.obj
LOAD CMakeFiles/freertos.dir/Systemview/OS/SEGGER_SYSVIEW_FreeRTOS.c.obj
LOAD CMakeFiles/freertos.dir/Systemview/SEGGER/SEGGER_SYSVIEW.c.obj
LOAD CMakeFiles/freertos.dir/Systemview/SEGGER/SEGGER_RTT.c.obj
LOAD CMakeFiles/freertos.dir/Systemview/SEGGER/SEGGER_RTT_printf.c.obj
LOAD CMakeFiles/freertos.dir/Systemview/SEGGER/Syscalls/SEGGER_RTT_Syscalls_GCC.c.obj
LOAD CMakeFiles/freertos.dir/Systemview/SEGGER/SEGGER_RTT_ASM_ARMv7M.S.obj
LOAD FreeRTOS/libfreertos_kernel.a
START GROUP
LOAD /opt/st/stm32cubeclt_1.18.0/GNU-tools-for-STM32/bin/../lib/gcc/arm-none-eabi/13.3.1/thumb/v7e-m+fp/hard/libgcc.a
LOAD /opt/st/stm32cubeclt_1.18.0/GNU-tools-for-STM32/bin/../lib/gcc/arm-none-eabi/13.3.1/../../../../arm-none-eabi/lib/thumb/v7e-m+fp/hard/libg_nano.a
LOAD /opt/st/stm32cubeclt_1.18.0/GNU-tools-for-STM32/bin/../lib/gcc/arm-none-eabi/13.3.1/../../../../arm-none-eabi/lib/thumb/v7e-m+fp/hard/libc_nano.a
END GROUP
START GROUP
LOAD /opt/st/stm32cubeclt_1.18.0/GNU-tools-for-STM32/bin/../lib/gcc/arm-none-eabi/13.3.1/thumb/v7e-m+fp/hard/libgcc.a
LOAD /opt/st/stm32cubeclt_1.18.0/GNU-tools-for-STM32/bin/../lib/gcc/arm-none-eabi/13.3.1/../../../../arm-none-eabi/lib/thumb/v7e-m+fp/hard/libc_nano.a
END GROUP
LOAD /opt/st/stm32cubeclt_1.18.0/GNU-tools-for-STM32/bin/../lib/gcc/arm-none-eabi/13.3.1/thumb/v7e-m+fp/hard/crtend.o
LOAD /opt/st/stm32cubeclt_1.18.0/GNU-tools-for-STM32/bin/../lib/gcc/arm-none-eabi/13.3.1/thumb/v7e-m+fp/hard/crtn.o
                0x20018000                        _estack = (ORIGIN (RAM) + LENGTH (RAM))
                0x00000200                        _Min_Heap_Size = 0x200
                0x00000400                        _Min_Stack_Size = 0x400

.isr_vector     0x08000000      0x194
                0x08000000                        . = ALIGN (0x4)
 *(.isr_vector)
 .isr_vector    0x08000000      0x194 CMakeFiles/freertos.dir/startup_stm32f401xe.s.obj
                0x08000000                g_pfnVectors
                0x08000194                        . = ALIGN (0x4)

.text           0x080001a0     0x6c94
                0x080001a0                        . = ALIGN (0x4)
 *(.text)
 .text          0x080001a0       0x40 /opt/st/stm32cubeclt_1.18.0/GNU-tools-for-STM32/bin/../lib/gcc/arm-none-eabi/13.3.1/thumb/v7e-m+fp/hard/crtbegin.o
 .text          0x080001e0       0x94 CMakeFiles/freertos.dir/Systemview/SEGGER/SEGGER_RTT_ASM_ARMv7M.S.obj
                0x080001e0                SEGGER_RTT_ASM_WriteSkipNoLock
 .text          0x08000274       0x30 /opt/st/stm32cubeclt_1.18.0/GNU-tools-for-STM32/bin/../lib/gcc/arm-none-eabi/13.3.1/thumb/v7e-m+fp/hard/libgcc.a(_aeabi_uldivmod.o)
                0x08000274                __aeabi_uldivmod
 .text          0x080002a4      0x2f8 /opt/st/stm32cubeclt_1.18.0/GNU-tools-for-STM32/bin/../lib/gcc/arm-none-eabi/13.3.1/thumb/v7e-m+fp/hard/libgcc.a(_udivmoddi4.o)
                0x080002a4                __udivmoddi4
 .text          0x0800059c        0x4 /opt/st/stm32cubeclt_1.18.0/GNU-tools-for-STM32/bin/../lib/gcc/arm-none-eabi/13.3.1/thumb/v7e-m+fp/hard/libgcc.a(_dvmd_tls.o)
                0x0800059c                __aeabi_ldiv0
                0x0800059c                __aeabi_idiv0
 *(.text*)
 .text.memset   0x080005a0       0x10 /opt/st/stm32cubeclt_1.18.0/GNU-tools-for-STM32/bin/../lib/gcc/arm-none-eabi/13.3.1/../../../../arm-none-eabi/lib/thumb/v7e-m+fp/hard/libc_nano.a(libc_a-memset.o)
                0x080005a0                memset
 .text.__libc_init_array
                0x080005b0       0x48 /opt/st/stm32cubeclt_1.18.0/GNU-tools-for-STM32/bin/../lib/gcc/arm-none-eabi/13.3.1/../../../../arm-none-eabi/lib/thumb/v7e-m+fp/hard/libc_nano.a(libc_a-init.o)
                0x080005b0                __libc_init_array
 .text.SystemInit
                0x080005f8       0x24 cmake/stm32cubemx/CMakeFiles/STM32_Drivers.dir/__/__/Core/Src/system_stm32f4xx.c.obj
                0x080005f8                SystemInit
 .text.HAL_TIM_Base_Init
                0x0800061c       0x9e cmake/stm32cubemx/CMakeFiles/STM32_Drivers.dir/__/__/Drivers/STM32F4xx_HAL_Driver/Src/stm32f4xx_hal_tim.c.obj
                0x0800061c                HAL_TIM_Base_Init
 .text.HAL_TIM_Base_MspInit
                0x080006ba       0x14 cmake/stm32cubemx/CMakeFiles/STM32_Drivers.dir/__/__/Drivers/STM32F4xx_HAL_Driver/Src/stm32f4xx_hal_tim.c.obj
                0x080006ba                HAL_TIM_Base_MspInit
 *fill*         0x080006ce        0x2 
 .text.HAL_TIM_Base_Start_IT
                0x080006d0       0xc4 cmake/stm32cubemx/CMakeFiles/STM32_Drivers.dir/__/__/Drivers/STM32F4xx_HAL_Driver/Src/stm32f4xx_hal_tim.c.obj
                0x080006d0                HAL_TIM_Base_Start_IT
 .text.HAL_TIM_IRQHandler
                0x08000794      0x1e0 cmake/stm32cubemx/CMakeFiles/STM32_Drivers.dir/__/__/Drivers/STM32F4xx_HAL_Driver/Src/stm32f4xx_hal_tim.c.obj
                0x08000794                HAL_TIM_IRQHandler
 .text.HAL_TIM_OC_DelayElapsedCallback
                0x08000974       0x14 cmake/stm32cubemx/CMakeFiles/STM32_Drivers.dir/__/__/Drivers/STM32F4xx_HAL_Driver/Src/stm32f4xx_hal_tim.c.obj
                0x08000974                HAL_TIM_OC_DelayElapsedCallback
 .text.HAL_TIM_IC_CaptureCallback
                0x08000988       0x14 cmake/stm32cubemx/CMakeFiles/STM32_Drivers.dir/__/__/Drivers/STM32F4xx_HAL_Driver/Src/stm32f4xx_hal_tim.c.obj
                0x08000988                HAL_TIM_IC_CaptureCallback
 .text.HAL_TIM_PWM_PulseFinishedCallback
                0x0800099c       0x14 cmake/stm32cubemx/CMakeFiles/STM32_Drivers.dir/__/__/Drivers/STM32F4xx_HAL_Driver/Src/stm32f4xx_hal_tim.c.obj
                0x0800099c                HAL_TIM_PWM_PulseFinishedCallback
 .text.HAL_TIM_TriggerCallback
                0x080009b0       0x14 cmake/stm32cubemx/CMakeFiles/STM32_Drivers.dir/__/__/Drivers/STM32F4xx_HAL_Driver/Src/stm32f4xx_hal_tim.c.obj
                0x080009b0                HAL_TIM_TriggerCallback
 .text.TIM_Base_SetConfig
                0x080009c4      0x10c cmake/stm32cubemx/CMakeFiles/STM32_Drivers.dir/__/__/Drivers/STM32F4xx_HAL_Driver/Src/stm32f4xx_hal_tim.c.obj
                0x080009c4                TIM_Base_SetConfig
 .text.HAL_TIMEx_CommutCallback
                0x08000ad0       0x14 cmake/stm32cubemx/CMakeFiles/STM32_Drivers.dir/__/__/Drivers/STM32F4xx_HAL_Driver/Src/stm32f4xx_hal_tim_ex.c.obj
                0x08000ad0                HAL_TIMEx_CommutCallback
 .text.HAL_TIMEx_BreakCallback
                0x08000ae4       0x14 cmake/stm32cubemx/CMakeFiles/STM32_Drivers.dir/__/__/Drivers/STM32F4xx_HAL_Driver/Src/stm32f4xx_hal_tim_ex.c.obj
                0x08000ae4                HAL_TIMEx_BreakCallback
 .text.HAL_UART_Init
                0x08000af8       0xa0 cmake/stm32cubemx/CMakeFiles/STM32_Drivers.dir/__/__/Drivers/STM32F4xx_HAL_Driver/Src/stm32f4xx_hal_uart.c.obj
                0x08000af8                HAL_UART_Init
 .text.UART_SetConfig
                0x08000b98      0x4e8 cmake/stm32cubemx/CMakeFiles/STM32_Drivers.dir/__/__/Drivers/STM32F4xx_HAL_Driver/Src/stm32f4xx_hal_uart.c.obj
 .text.HAL_RCC_OscConfig
                0x08001080      0x4f0 cmake/stm32cubemx/CMakeFiles/STM32_Drivers.dir/__/__/Drivers/STM32F4xx_HAL_Driver/Src/stm32f4xx_hal_rcc.c.obj
                0x08001080                HAL_RCC_OscConfig
 .text.HAL_RCC_ClockConfig
                0x08001570      0x1cc cmake/stm32cubemx/CMakeFiles/STM32_Drivers.dir/__/__/Drivers/STM32F4xx_HAL_Driver/Src/stm32f4xx_hal_rcc.c.obj
                0x08001570                HAL_RCC_ClockConfig
 .text.HAL_RCC_GetSysClockFreq
                0x0800173c      0x20c cmake/stm32cubemx/CMakeFiles/STM32_Drivers.dir/__/__/Drivers/STM32F4xx_HAL_Driver/Src/stm32f4xx_hal_rcc.c.obj
                0x0800173c                HAL_RCC_GetSysClockFreq
 .text.HAL_RCC_GetHCLKFreq
                0x08001948       0x18 cmake/stm32cubemx/CMakeFiles/STM32_Drivers.dir/__/__/Drivers/STM32F4xx_HAL_Driver/Src/stm32f4xx_hal_rcc.c.obj
                0x08001948                HAL_RCC_GetHCLKFreq
 .text.HAL_RCC_GetPCLK1Freq
                0x08001960       0x28 cmake/stm32cubemx/CMakeFiles/STM32_Drivers.dir/__/__/Drivers/STM32F4xx_HAL_Driver/Src/stm32f4xx_hal_rcc.c.obj
                0x08001960                HAL_RCC_GetPCLK1Freq
 .text.HAL_RCC_GetPCLK2Freq
                0x08001988       0x28 cmake/stm32cubemx/CMakeFiles/STM32_Drivers.dir/__/__/Drivers/STM32F4xx_HAL_Driver/Src/stm32f4xx_hal_rcc.c.obj
                0x08001988                HAL_RCC_GetPCLK2Freq
 .text.HAL_RCC_GetClockConfig
                0x080019b0       0x64 cmake/stm32cubemx/CMakeFiles/STM32_Drivers.dir/__/__/Drivers/STM32F4xx_HAL_Driver/Src/stm32f4xx_hal_rcc.c.obj
                0x080019b0                HAL_RCC_GetClockConfig
 .text.HAL_GPIO_Init
                0x08001a14      0x308 cmake/stm32cubemx/CMakeFiles/STM32_Drivers.dir/__/__/Drivers/STM32F4xx_HAL_Driver/Src/stm32f4xx_hal_gpio.c.obj
                0x08001a14                HAL_GPIO_Init
 .text.HAL_GPIO_WritePin
                0x08001d1c       0x32 cmake/stm32cubemx/CMakeFiles/STM32_Drivers.dir/__/__/Drivers/STM32F4xx_HAL_Driver/Src/stm32f4xx_hal_gpio.c.obj
                0x08001d1c                HAL_GPIO_WritePin
 *fill*         0x08001d4e        0x2 
 .text.__NVIC_SetPriorityGrouping
                0x08001d50       0x48 cmake/stm32cubemx/CMakeFiles/STM32_Drivers.dir/__/__/Drivers/STM32F4xx_HAL_Driver/Src/stm32f4xx_hal_cortex.c.obj
 .text.__NVIC_GetPriorityGrouping
                0x08001d98       0x1c cmake/stm32cubemx/CMakeFiles/STM32_Drivers.dir/__/__/Drivers/STM32F4xx_HAL_Driver/Src/stm32f4xx_hal_cortex.c.obj
 .text.__NVIC_EnableIRQ
                0x08001db4       0x3c cmake/stm32cubemx/CMakeFiles/STM32_Drivers.dir/__/__/Drivers/STM32F4xx_HAL_Driver/Src/stm32f4xx_hal_cortex.c.obj
 .text.__NVIC_SetPriority
                0x08001df0       0x54 cmake/stm32cubemx/CMakeFiles/STM32_Drivers.dir/__/__/Drivers/STM32F4xx_HAL_Driver/Src/stm32f4xx_hal_cortex.c.obj
 .text.NVIC_EncodePriority
                0x08001e44       0x66 cmake/stm32cubemx/CMakeFiles/STM32_Drivers.dir/__/__/Drivers/STM32F4xx_HAL_Driver/Src/stm32f4xx_hal_cortex.c.obj
 .text.HAL_NVIC_SetPriorityGrouping
                0x08001eaa       0x16 cmake/stm32cubemx/CMakeFiles/STM32_Drivers.dir/__/__/Drivers/STM32F4xx_HAL_Driver/Src/stm32f4xx_hal_cortex.c.obj
                0x08001eaa                HAL_NVIC_SetPriorityGrouping
 .text.HAL_NVIC_SetPriority
                0x08001ec0       0x38 cmake/stm32cubemx/CMakeFiles/STM32_Drivers.dir/__/__/Drivers/STM32F4xx_HAL_Driver/Src/stm32f4xx_hal_cortex.c.obj
                0x08001ec0                HAL_NVIC_SetPriority
 .text.HAL_NVIC_EnableIRQ
                0x08001ef8       0x1c cmake/stm32cubemx/CMakeFiles/STM32_Drivers.dir/__/__/Drivers/STM32F4xx_HAL_Driver/Src/stm32f4xx_hal_cortex.c.obj
                0x08001ef8                HAL_NVIC_EnableIRQ
 .text.HAL_Init
                0x08001f14       0x44 cmake/stm32cubemx/CMakeFiles/STM32_Drivers.dir/__/__/Drivers/STM32F4xx_HAL_Driver/Src/stm32f4xx_hal.c.obj
                0x08001f14                HAL_Init
 .text.HAL_IncTick
                0x08001f58       0x28 cmake/stm32cubemx/CMakeFiles/STM32_Drivers.dir/__/__/Drivers/STM32F4xx_HAL_Driver/Src/stm32f4xx_hal.c.obj
                0x08001f58                HAL_IncTick
 .text.HAL_GetTick
                0x08001f80       0x18 cmake/stm32cubemx/CMakeFiles/STM32_Drivers.dir/__/__/Drivers/STM32F4xx_HAL_Driver/Src/stm32f4xx_hal.c.obj
                0x08001f80                HAL_GetTick
 .text.task_1   0x08001f98       0x30 CMakeFiles/freertos.dir/Core/Src/main.c.obj
                0x08001f98                task_1
 .text.task_2   0x08001fc8       0x30 CMakeFiles/freertos.dir/Core/Src/main.c.obj
                0x08001fc8                task_2
 .text.main     0x08001ff8       0x7c CMakeFiles/freertos.dir/Core/Src/main.c.obj
                0x08001ff8                main
 .text.SystemClock_Config
                0x08002074       0xd8 CMakeFiles/freertos.dir/Core/Src/main.c.obj
                0x08002074                SystemClock_Config
 .text.MX_USART2_UART_Init
                0x0800214c       0x54 CMakeFiles/freertos.dir/Core/Src/main.c.obj
 .text.MX_GPIO_Init
                0x080021a0       0xdc CMakeFiles/freertos.dir/Core/Src/main.c.obj
 .text.HAL_TIM_PeriodElapsedCallback
                0x0800227c       0x1e CMakeFiles/freertos.dir/Core/Src/main.c.obj
                0x0800227c                HAL_TIM_PeriodElapsedCallback
 .text.Error_Handler
                0x0800229a        0xc CMakeFiles/freertos.dir/Core/Src/main.c.obj
                0x0800229a                Error_Handler
 .text.NMI_Handler
                0x080022a6        0x8 CMakeFiles/freertos.dir/Core/Src/stm32f4xx_it.c.obj
                0x080022a6                NMI_Handler
 .text.HardFault_Handler
                0x080022ae        0x8 CMakeFiles/freertos.dir/Core/Src/stm32f4xx_it.c.obj
                0x080022ae                HardFault_Handler
 .text.MemManage_Handler
                0x080022b6        0x8 CMakeFiles/freertos.dir/Core/Src/stm32f4xx_it.c.obj
                0x080022b6                MemManage_Handler
 .text.BusFault_Handler
                0x080022be        0x8 CMakeFiles/freertos.dir/Core/Src/stm32f4xx_it.c.obj
                0x080022be                BusFault_Handler
 .text.UsageFault_Handler
                0x080022c6        0x8 CMakeFiles/freertos.dir/Core/Src/stm32f4xx_it.c.obj
                0x080022c6                UsageFault_Handler
 .text.DebugMon_Handler
                0x080022ce        0xe CMakeFiles/freertos.dir/Core/Src/stm32f4xx_it.c.obj
                0x080022ce                DebugMon_Handler
 .text.TIM2_IRQHandler
                0x080022dc       0x14 CMakeFiles/freertos.dir/Core/Src/stm32f4xx_it.c.obj
                0x080022dc                TIM2_IRQHandler
 .text.__NVIC_SetPriorityGrouping
                0x080022f0       0x48 CMakeFiles/freertos.dir/Core/Src/stm32f4xx_hal_msp.c.obj
 .text.HAL_MspInit
                0x08002338       0x50 CMakeFiles/freertos.dir/Core/Src/stm32f4xx_hal_msp.c.obj
                0x08002338                HAL_MspInit
 .text.HAL_UART_MspInit
                0x08002388       0x90 CMakeFiles/freertos.dir/Core/Src/stm32f4xx_hal_msp.c.obj
                0x08002388                HAL_UART_MspInit
 .text.HAL_InitTick
                0x08002418       0xf8 CMakeFiles/freertos.dir/Core/Src/stm32f4xx_hal_timebase_tim.c.obj
                0x08002418                HAL_InitTick
 .text.Reset_Handler
                0x08002510       0x50 CMakeFiles/freertos.dir/startup_stm32f401xe.s.obj
                0x08002510                Reset_Handler
 .text.Default_Handler
                0x08002560        0x2 CMakeFiles/freertos.dir/startup_stm32f401xe.s.obj
                0x08002560                RTC_Alarm_IRQHandler
                0x08002560                EXTI2_IRQHandler
                0x08002560                SPI4_IRQHandler
                0x08002560                TIM1_CC_IRQHandler
                0x08002560                DMA2_Stream5_IRQHandler
                0x08002560                DMA1_Stream5_IRQHandler
                0x08002560                PVD_IRQHandler
                0x08002560                SDIO_IRQHandler
                0x08002560                TAMP_STAMP_IRQHandler
                0x08002560                EXTI3_IRQHandler
                0x08002560                TIM1_UP_TIM10_IRQHandler
                0x08002560                I2C3_ER_IRQHandler
                0x08002560                EXTI0_IRQHandler
                0x08002560                I2C2_EV_IRQHandler
                0x08002560                DMA1_Stream2_IRQHandler
                0x08002560                FPU_IRQHandler
                0x08002560                DMA2_Stream2_IRQHandler
                0x08002560                SPI1_IRQHandler
                0x08002560                TIM1_BRK_TIM9_IRQHandler
                0x08002560                DMA2_Stream3_IRQHandler
                0x08002560                USART6_IRQHandler
                0x08002560                DMA2_Stream0_IRQHandler
                0x08002560                TIM4_IRQHandler
                0x08002560                I2C1_EV_IRQHandler
                0x08002560                DMA1_Stream6_IRQHandler
                0x08002560                DMA1_Stream1_IRQHandler
                0x08002560                TIM3_IRQHandler
                0x08002560                RCC_IRQHandler
                0x08002560                Default_Handler
                0x08002560                EXTI15_10_IRQHandler
                0x08002560                ADC_IRQHandler
                0x08002560                DMA1_Stream7_IRQHandler
                0x08002560                TIM5_IRQHandler
                0x08002560                DMA2_Stream7_IRQHandler
                0x08002560                I2C3_EV_IRQHandler
                0x08002560                EXTI9_5_IRQHandler
                0x08002560                RTC_WKUP_IRQHandler
                0x08002560                SPI2_IRQHandler
                0x08002560                DMA1_Stream0_IRQHandler
                0x08002560                EXTI4_IRQHandler
                0x08002560                WWDG_IRQHandler
                0x08002560                OTG_FS_WKUP_IRQHandler
                0x08002560                TIM1_TRG_COM_TIM11_IRQHandler
                0x08002560                EXTI1_IRQHandler
                0x08002560                USART2_IRQHandler
                0x08002560                I2C2_ER_IRQHandler
                0x08002560                DMA2_Stream1_IRQHandler
                0x08002560                FLASH_IRQHandler
                0x08002560                DMA2_Stream4_IRQHandler
                0x08002560                USART1_IRQHandler
                0x08002560                OTG_FS_IRQHandler
                0x08002560                SPI3_IRQHandler
                0x08002560                DMA1_Stream4_IRQHandler
                0x08002560                I2C1_ER_IRQHandler
                0x08002560                DMA2_Stream6_IRQHandler
                0x08002560                DMA1_Stream3_IRQHandler
 *fill*         0x08002562        0x2 
 .text.pvPortMalloc
                0x08002564      0x264 CMakeFiles/freertos.dir/FreeRTOS/portable/MemMang/heap_4.c.obj
                0x08002564                pvPortMalloc
 .text.vPortFree
                0x080027c8       0xec CMakeFiles/freertos.dir/FreeRTOS/portable/MemMang/heap_4.c.obj
                0x080027c8                vPortFree
 .text.prvHeapInit
                0x080028b4       0xb4 CMakeFiles/freertos.dir/FreeRTOS/portable/MemMang/heap_4.c.obj
 .text.prvInsertBlockIntoFreeList
                0x08002968       0xf4 CMakeFiles/freertos.dir/FreeRTOS/portable/MemMang/heap_4.c.obj
 .text._cbSendSystemDesc
                0x08002a5c       0x1c CMakeFiles/freertos.dir/Systemview/Config/SEGGER_SYSVIEW_Config_FreeRTOS.c.obj
 .text.SEGGER_SYSVIEW_Conf
                0x08002a78       0x2c CMakeFiles/freertos.dir/Systemview/Config/SEGGER_SYSVIEW_Config_FreeRTOS.c.obj
                0x08002a78                SEGGER_SYSVIEW_Conf
 .text._cbSendTaskList
                0x08002aa4       0x90 CMakeFiles/freertos.dir/Systemview/OS/SEGGER_SYSVIEW_FreeRTOS.c.obj
 .text._cbGetTime
                0x08002b34       0x86 CMakeFiles/freertos.dir/Systemview/OS/SEGGER_SYSVIEW_FreeRTOS.c.obj
 *fill*         0x08002bba        0x2 
 .text.SYSVIEW_AddTask
                0x08002bbc       0xd0 CMakeFiles/freertos.dir/Systemview/OS/SEGGER_SYSVIEW_FreeRTOS.c.obj
                0x08002bbc                SYSVIEW_AddTask
 .text.SYSVIEW_SendTaskInfo
                0x08002c8c       0x42 CMakeFiles/freertos.dir/Systemview/OS/SEGGER_SYSVIEW_FreeRTOS.c.obj
                0x08002c8c                SYSVIEW_SendTaskInfo
 .text._EncodeStr
                0x08002cce       0x72 CMakeFiles/freertos.dir/Systemview/SEGGER/SEGGER_SYSVIEW.c.obj
 .text._PreparePacket
                0x08002d40       0x18 CMakeFiles/freertos.dir/Systemview/SEGGER/SEGGER_SYSVIEW.c.obj
 .text._HandleIncomingPacket
                0x08002d58       0xdc CMakeFiles/freertos.dir/Systemview/SEGGER/SEGGER_SYSVIEW.c.obj
 .text._TrySendOverflowPacket
                0x08002e34       0xe4 CMakeFiles/freertos.dir/Systemview/SEGGER/SEGGER_SYSVIEW.c.obj
 .text._SendPacket
                0x08002f18      0x2dc CMakeFiles/freertos.dir/Systemview/SEGGER/SEGGER_SYSVIEW.c.obj
 .text._StoreChar
                0x080031f4       0xf6 CMakeFiles/freertos.dir/Systemview/SEGGER/SEGGER_SYSVIEW.c.obj
 *fill*         0x080032ea        0x2 
 .text._PrintUnsigned
                0x080032ec      0x12c CMakeFiles/freertos.dir/Systemview/SEGGER/SEGGER_SYSVIEW.c.obj
 .text._PrintInt
                0x08003418      0x11e CMakeFiles/freertos.dir/Systemview/SEGGER/SEGGER_SYSVIEW.c.obj
 *fill*         0x08003536        0x2 
 .text._VPrintTarget
                0x08003538      0x440 CMakeFiles/freertos.dir/Systemview/SEGGER/SEGGER_SYSVIEW.c.obj
 .text.SEGGER_SYSVIEW_Init
                0x08003978       0x88 CMakeFiles/freertos.dir/Systemview/SEGGER/SEGGER_SYSVIEW.c.obj
                0x08003978                SEGGER_SYSVIEW_Init
 .text.SEGGER_SYSVIEW_SetRAMBase
                0x08003a00       0x20 CMakeFiles/freertos.dir/Systemview/SEGGER/SEGGER_SYSVIEW.c.obj
                0x08003a00                SEGGER_SYSVIEW_SetRAMBase
 .text.SEGGER_SYSVIEW_RecordVoid
                0x08003a20       0x3c CMakeFiles/freertos.dir/Systemview/SEGGER/SEGGER_SYSVIEW.c.obj
                0x08003a20                SEGGER_SYSVIEW_RecordVoid
 .text.SEGGER_SYSVIEW_RecordU32
                0x08003a5c       0x78 CMakeFiles/freertos.dir/Systemview/SEGGER/SEGGER_SYSVIEW.c.obj
                0x08003a5c                SEGGER_SYSVIEW_RecordU32
 .text.SEGGER_SYSVIEW_RecordU32x2
                0x08003ad4       0xb4 CMakeFiles/freertos.dir/Systemview/SEGGER/SEGGER_SYSVIEW.c.obj
                0x08003ad4                SEGGER_SYSVIEW_RecordU32x2
 .text.SEGGER_SYSVIEW_Start
                0x08003b88      0x174 CMakeFiles/freertos.dir/Systemview/SEGGER/SEGGER_SYSVIEW.c.obj
                0x08003b88                SEGGER_SYSVIEW_Start
 .text.SEGGER_SYSVIEW_Stop
                0x08003cfc       0x4c CMakeFiles/freertos.dir/Systemview/SEGGER/SEGGER_SYSVIEW.c.obj
                0x08003cfc                SEGGER_SYSVIEW_Stop
 .text.SEGGER_SYSVIEW_GetSysDesc
                0x08003d48      0x134 CMakeFiles/freertos.dir/Systemview/SEGGER/SEGGER_SYSVIEW.c.obj
                0x08003d48                SEGGER_SYSVIEW_GetSysDesc
 .text.SEGGER_SYSVIEW_SendTaskInfo
                0x08003e7c      0x1c8 CMakeFiles/freertos.dir/Systemview/SEGGER/SEGGER_SYSVIEW.c.obj
                0x08003e7c                SEGGER_SYSVIEW_SendTaskInfo
 .text.SEGGER_SYSVIEW_SendTaskList
                0x08004044       0x28 CMakeFiles/freertos.dir/Systemview/SEGGER/SEGGER_SYSVIEW.c.obj
                0x08004044                SEGGER_SYSVIEW_SendTaskList
 .text.SEGGER_SYSVIEW_SendSysDesc
                0x0800406c       0x48 CMakeFiles/freertos.dir/Systemview/SEGGER/SEGGER_SYSVIEW.c.obj
                0x0800406c                SEGGER_SYSVIEW_SendSysDesc
 .text.SEGGER_SYSVIEW_RecordSystime
                0x080040b4       0x64 CMakeFiles/freertos.dir/Systemview/SEGGER/SEGGER_SYSVIEW.c.obj
                0x080040b4                SEGGER_SYSVIEW_RecordSystime
 .text.SEGGER_SYSVIEW_RecordEnterISR
                0x08004118       0x84 CMakeFiles/freertos.dir/Systemview/SEGGER/SEGGER_SYSVIEW.c.obj
                0x08004118                SEGGER_SYSVIEW_RecordEnterISR
 .text.SEGGER_SYSVIEW_RecordExitISR
                0x0800419c       0x38 CMakeFiles/freertos.dir/Systemview/SEGGER/SEGGER_SYSVIEW.c.obj
                0x0800419c                SEGGER_SYSVIEW_RecordExitISR
 .text.SEGGER_SYSVIEW_RecordExitISRToScheduler
                0x080041d4       0x38 CMakeFiles/freertos.dir/Systemview/SEGGER/SEGGER_SYSVIEW.c.obj
                0x080041d4                SEGGER_SYSVIEW_RecordExitISRToScheduler
 .text.SEGGER_SYSVIEW_RecordEndCall
                0x0800420c       0x78 CMakeFiles/freertos.dir/Systemview/SEGGER/SEGGER_SYSVIEW.c.obj
                0x0800420c                SEGGER_SYSVIEW_RecordEndCall
 .text.SEGGER_SYSVIEW_RecordEndCallU32
                0x08004284       0xb0 CMakeFiles/freertos.dir/Systemview/SEGGER/SEGGER_SYSVIEW.c.obj
                0x08004284                SEGGER_SYSVIEW_RecordEndCallU32
 .text.SEGGER_SYSVIEW_OnIdle
                0x08004334       0x38 CMakeFiles/freertos.dir/Systemview/SEGGER/SEGGER_SYSVIEW.c.obj
                0x08004334                SEGGER_SYSVIEW_OnIdle
 .text.SEGGER_SYSVIEW_OnTaskCreate
                0x0800436c       0x84 CMakeFiles/freertos.dir/Systemview/SEGGER/SEGGER_SYSVIEW.c.obj
                0x0800436c                SEGGER_SYSVIEW_OnTaskCreate
 .text.SEGGER_SYSVIEW_OnTaskStartExec
                0x080043f0       0x84 CMakeFiles/freertos.dir/Systemview/SEGGER/SEGGER_SYSVIEW.c.obj
                0x080043f0                SEGGER_SYSVIEW_OnTaskStartExec
 .text.SEGGER_SYSVIEW_OnTaskStartReady
                0x08004474       0x84 CMakeFiles/freertos.dir/Systemview/SEGGER/SEGGER_SYSVIEW.c.obj
                0x08004474                SEGGER_SYSVIEW_OnTaskStartReady
 .text.SEGGER_SYSVIEW_OnTaskStopReady
                0x080044f8       0xc0 CMakeFiles/freertos.dir/Systemview/SEGGER/SEGGER_SYSVIEW.c.obj
                0x080044f8                SEGGER_SYSVIEW_OnTaskStopReady
 .text.SEGGER_SYSVIEW_ShrinkId
                0x080045b8       0x20 CMakeFiles/freertos.dir/Systemview/SEGGER/SEGGER_SYSVIEW.c.obj
                0x080045b8                SEGGER_SYSVIEW_ShrinkId
 .text.SEGGER_SYSVIEW_SendModule
                0x080045d8      0x114 CMakeFiles/freertos.dir/Systemview/SEGGER/SEGGER_SYSVIEW.c.obj
                0x080045d8                SEGGER_SYSVIEW_SendModule
 .text.SEGGER_SYSVIEW_SendModuleDescription
                0x080046ec       0x3c CMakeFiles/freertos.dir/Systemview/SEGGER/SEGGER_SYSVIEW.c.obj
                0x080046ec                SEGGER_SYSVIEW_SendModuleDescription
 .text.SEGGER_SYSVIEW_SendNumModules
                0x08004728       0x7c CMakeFiles/freertos.dir/Systemview/SEGGER/SEGGER_SYSVIEW.c.obj
                0x08004728                SEGGER_SYSVIEW_SendNumModules
 .text.SEGGER_SYSVIEW_PrintfTarget
                0x080047a4       0x28 CMakeFiles/freertos.dir/Systemview/SEGGER/SEGGER_SYSVIEW.c.obj
                0x080047a4                SEGGER_SYSVIEW_PrintfTarget
 .text.SEGGER_SYSVIEW_Warn
                0x080047cc       0xb8 CMakeFiles/freertos.dir/Systemview/SEGGER/SEGGER_SYSVIEW.c.obj
                0x080047cc                SEGGER_SYSVIEW_Warn
 .text._DoInit  0x08004884       0xb4 CMakeFiles/freertos.dir/Systemview/SEGGER/SEGGER_RTT.c.obj
 .text.SEGGER_RTT_ReadNoLock
                0x08004938      0x10c CMakeFiles/freertos.dir/Systemview/SEGGER/SEGGER_RTT.c.obj
                0x08004938                SEGGER_RTT_ReadNoLock
 .text.SEGGER_RTT_AllocUpBuffer
                0x08004a44      0x108 CMakeFiles/freertos.dir/Systemview/SEGGER/SEGGER_RTT.c.obj
                0x08004a44                SEGGER_RTT_AllocUpBuffer
 .text.SEGGER_RTT_ConfigDownBuffer
                0x08004b4c       0x98 CMakeFiles/freertos.dir/Systemview/SEGGER/SEGGER_RTT.c.obj
                0x08004b4c                SEGGER_RTT_ConfigDownBuffer
 .text.pxPortInitialiseStack
                0x08004be4       0x68 FreeRTOS/libfreertos_kernel.a(port.c.obj)
                0x08004be4                pxPortInitialiseStack
 .text.prvTaskExitError
                0x08004c4c       0x5c FreeRTOS/libfreertos_kernel.a(port.c.obj)
 *fill*         0x08004ca8        0x8 
 .text.SVC_Handler
                0x08004cb0       0x28 FreeRTOS/libfreertos_kernel.a(port.c.obj)
                0x08004cb0                SVC_Handler
 .text.prvPortStartFirstTask
                0x08004cd8       0x2c FreeRTOS/libfreertos_kernel.a(port.c.obj)
 .text.xPortStartScheduler
                0x08004d04      0x1e0 FreeRTOS/libfreertos_kernel.a(port.c.obj)
                0x08004d04                xPortStartScheduler
 .text.vPortEnterCritical
                0x08004ee4       0x64 FreeRTOS/libfreertos_kernel.a(port.c.obj)
                0x08004ee4                vPortEnterCritical
 .text.vPortExitCritical
                0x08004f48       0x54 FreeRTOS/libfreertos_kernel.a(port.c.obj)
                0x08004f48                vPortExitCritical
 *fill*         0x08004f9c        0x4 
 .text.PendSV_Handler
                0x08004fa0       0x68 FreeRTOS/libfreertos_kernel.a(port.c.obj)
                0x08004fa0                PendSV_Handler
 .text.SysTick_Handler
                0x08005008       0x54 FreeRTOS/libfreertos_kernel.a(port.c.obj)
                0x08005008                SysTick_Handler
 .text.vPortSetupTimerInterrupt
                0x0800505c       0x48 FreeRTOS/libfreertos_kernel.a(port.c.obj)
                0x0800505c                vPortSetupTimerInterrupt
 .text.vPortEnableVFP
                0x080050a4       0x18 FreeRTOS/libfreertos_kernel.a(port.c.obj)
 .text.vPortValidateInterruptPriority
                0x080050bc       0x84 FreeRTOS/libfreertos_kernel.a(port.c.obj)
                0x080050bc                vPortValidateInterruptPriority
 .text.prvCreateTask
                0x08005140       0x78 FreeRTOS/libfreertos_kernel.a(tasks.c.obj)
 .text.xTaskCreate
                0x080051b8       0x50 FreeRTOS/libfreertos_kernel.a(tasks.c.obj)
                0x080051b8                xTaskCreate
 .text.prvInitialiseNewTask
                0x08005208      0x120 FreeRTOS/libfreertos_kernel.a(tasks.c.obj)
 .text.prvAddNewTaskToReadyList
                0x08005328      0x148 FreeRTOS/libfreertos_kernel.a(tasks.c.obj)
 .text.prvCreateIdleTasks
                0x08005470       0x94 FreeRTOS/libfreertos_kernel.a(tasks.c.obj)
 .text.vTaskStartScheduler
                0x08005504       0xb4 FreeRTOS/libfreertos_kernel.a(tasks.c.obj)
                0x08005504                vTaskStartScheduler
 .text.vTaskSuspendAll
                0x080055b8       0x1c FreeRTOS/libfreertos_kernel.a(tasks.c.obj)
                0x080055b8                vTaskSuspendAll
 .text.xTaskResumeAll
                0x080055d4      0x204 FreeRTOS/libfreertos_kernel.a(tasks.c.obj)
                0x080055d4                xTaskResumeAll
 .text.xTaskGetTickCount
                0x080057d8       0x24 FreeRTOS/libfreertos_kernel.a(tasks.c.obj)
                0x080057d8                xTaskGetTickCount
 .text.xTaskGetTickCountFromISR
                0x080057fc       0x2c FreeRTOS/libfreertos_kernel.a(tasks.c.obj)
                0x080057fc                xTaskGetTickCountFromISR
 .text.xTaskIncrementTick
                0x08005828      0x200 FreeRTOS/libfreertos_kernel.a(tasks.c.obj)
                0x08005828                xTaskIncrementTick
 .text.vTaskSwitchContext
                0x08005a28       0xd8 FreeRTOS/libfreertos_kernel.a(tasks.c.obj)
                0x08005a28                vTaskSwitchContext
 .text.vTaskPlaceOnEventList
                0x08005b00       0x50 FreeRTOS/libfreertos_kernel.a(tasks.c.obj)
                0x08005b00                vTaskPlaceOnEventList
 .text.vTaskPlaceOnEventListRestricted
                0x08005b50       0x94 FreeRTOS/libfreertos_kernel.a(tasks.c.obj)
                0x08005b50                vTaskPlaceOnEventListRestricted
 .text.xTaskRemoveFromEventList
                0x08005be4      0x1c0 FreeRTOS/libfreertos_kernel.a(tasks.c.obj)
                0x08005be4                xTaskRemoveFromEventList
 .text.vTaskInternalSetTimeOutState
                0x08005da4       0x30 FreeRTOS/libfreertos_kernel.a(tasks.c.obj)
                0x08005da4                vTaskInternalSetTimeOutState
 .text.xTaskCheckForTimeOut
                0x08005dd4       0xd8 FreeRTOS/libfreertos_kernel.a(tasks.c.obj)
                0x08005dd4                xTaskCheckForTimeOut
 .text.vTaskMissedYield
                0x08005eac       0x18 FreeRTOS/libfreertos_kernel.a(tasks.c.obj)
                0x08005eac                vTaskMissedYield
 .text.prvIdleTask
                0x08005ec4       0x24 FreeRTOS/libfreertos_kernel.a(tasks.c.obj)
 .text.prvInitialiseTaskLists
                0x08005ee8       0x80 FreeRTOS/libfreertos_kernel.a(tasks.c.obj)
 .text.prvCheckTasksWaitingTermination
                0x08005f68       0x5c FreeRTOS/libfreertos_kernel.a(tasks.c.obj)
 .text.prvDeleteTCB
                0x08005fc4       0x20 FreeRTOS/libfreertos_kernel.a(tasks.c.obj)
 .text.prvResetNextTaskUnblockTime
                0x08005fe4       0x38 FreeRTOS/libfreertos_kernel.a(tasks.c.obj)
 .text.xTaskGetSchedulerState
                0x0800601c       0x44 FreeRTOS/libfreertos_kernel.a(tasks.c.obj)
                0x0800601c                xTaskGetSchedulerState
 .text.prvAddCurrentTaskToDelayedList
                0x08006060      0x11c FreeRTOS/libfreertos_kernel.a(tasks.c.obj)
 .text.xTimerCreateTimerTask
                0x0800617c       0x74 FreeRTOS/libfreertos_kernel.a(timers.c.obj)
                0x0800617c                xTimerCreateTimerTask
 .text.prvReloadTimer
                0x080061f0       0x42 FreeRTOS/libfreertos_kernel.a(timers.c.obj)
 *fill*         0x08006232        0x2 
 .text.prvProcessExpiredTimer
                0x08006234       0x60 FreeRTOS/libfreertos_kernel.a(timers.c.obj)
 .text.prvTimerTask
                0x08006294       0x26 FreeRTOS/libfreertos_kernel.a(timers.c.obj)
 *fill*         0x080062ba        0x2 
 .text.prvProcessTimerOrBlockTask
                0x080062bc       0x9c FreeRTOS/libfreertos_kernel.a(timers.c.obj)
 .text.prvGetNextExpireTime
                0x08006358       0x48 FreeRTOS/libfreertos_kernel.a(timers.c.obj)
 .text.prvSampleTimeNow
                0x080063a0       0x40 FreeRTOS/libfreertos_kernel.a(timers.c.obj)
 .text.prvInsertTimerInActiveList
                0x080063e0       0x84 FreeRTOS/libfreertos_kernel.a(timers.c.obj)
 .text.prvProcessReceivedCommands
                0x08006464      0x190 FreeRTOS/libfreertos_kernel.a(timers.c.obj)
 .text.prvSwitchTimerLists
                0x080065f4       0x4c FreeRTOS/libfreertos_kernel.a(timers.c.obj)
 .text.prvCheckForValidListAndQueue
                0x08006640       0x6c FreeRTOS/libfreertos_kernel.a(timers.c.obj)
 .text.vListInitialise
                0x080066ac       0x44 FreeRTOS/libfreertos_kernel.a(list.c.obj)
                0x080066ac                vListInitialise
 .text.vListInitialiseItem
                0x080066f0       0x1e FreeRTOS/libfreertos_kernel.a(list.c.obj)
                0x080066f0                vListInitialiseItem
 .text.vListInsert
                0x0800670e       0x76 FreeRTOS/libfreertos_kernel.a(list.c.obj)
                0x0800670e                vListInsert
 .text.uxListRemove
                0x08006784       0x5e FreeRTOS/libfreertos_kernel.a(list.c.obj)
                0x08006784                uxListRemove
 .text.xQueueGenericReset
                0x080067e2      0x112 FreeRTOS/libfreertos_kernel.a(queue.c.obj)
                0x080067e2                xQueueGenericReset
 .text.xQueueGenericCreate
                0x080068f4       0xb0 FreeRTOS/libfreertos_kernel.a(queue.c.obj)
                0x080068f4                xQueueGenericCreate
 .text.prvInitialiseNewQueue
                0x080069a4       0x46 FreeRTOS/libfreertos_kernel.a(queue.c.obj)
 *fill*         0x080069ea        0x2 
 .text.xQueueReceive
                0x080069ec      0x1c8 FreeRTOS/libfreertos_kernel.a(queue.c.obj)
                0x080069ec                xQueueReceive
 .text.prvCopyDataFromQueue
                0x08006bb4       0x4c FreeRTOS/libfreertos_kernel.a(queue.c.obj)
 .text.prvUnlockQueue
                0x08006c00       0xa4 FreeRTOS/libfreertos_kernel.a(queue.c.obj)
 .text.prvIsQueueEmpty
                0x08006ca4       0x2c FreeRTOS/libfreertos_kernel.a(queue.c.obj)
 .text.vQueueAddToRegistry
                0x08006cd0       0xa0 FreeRTOS/libfreertos_kernel.a(queue.c.obj)
                0x08006cd0                vQueueAddToRegistry
 .text.vQueueWaitForMessageRestricted
                0x08006d70       0x6e FreeRTOS/libfreertos_kernel.a(queue.c.obj)
                0x08006d70                vQueueWaitForMessageRestricted
 .text.memcmp   0x08006dde       0x20 /opt/st/stm32cubeclt_1.18.0/GNU-tools-for-STM32/bin/../lib/gcc/arm-none-eabi/13.3.1/../../../../arm-none-eabi/lib/thumb/v7e-m+fp/hard/libg_nano.a(libc_a-memcmp.o)
                0x08006dde                memcmp
 .text.memcpy   0x08006dfe       0x1c /opt/st/stm32cubeclt_1.18.0/GNU-tools-for-STM32/bin/../lib/gcc/arm-none-eabi/13.3.1/../../../../arm-none-eabi/lib/thumb/v7e-m+fp/hard/libg_nano.a(libc_a-memcpy-stub.o)
                0x08006dfe                memcpy
 *(.glue_7)
 .glue_7        0x08006e1a        0x0 linker stubs
 *(.glue_7t)
 .glue_7t       0x08006e1a        0x0 linker stubs
 *(.eh_frame)
 *fill*         0x08006e1a        0x2 
 .eh_frame      0x08006e1c        0x0 /opt/st/stm32cubeclt_1.18.0/GNU-tools-for-STM32/bin/../lib/gcc/arm-none-eabi/13.3.1/thumb/v7e-m+fp/hard/crtbegin.o
 *(.init)
 .init          0x08006e1c        0x4 /opt/st/stm32cubeclt_1.18.0/GNU-tools-for-STM32/bin/../lib/gcc/arm-none-eabi/13.3.1/thumb/v7e-m+fp/hard/crti.o
                0x08006e1c                _init
 .init          0x08006e20        0x8 /opt/st/stm32cubeclt_1.18.0/GNU-tools-for-STM32/bin/../lib/gcc/arm-none-eabi/13.3.1/thumb/v7e-m+fp/hard/crtn.o
 *(.fini)
 .fini          0x08006e28        0x4 /opt/st/stm32cubeclt_1.18.0/GNU-tools-for-STM32/bin/../lib/gcc/arm-none-eabi/13.3.1/thumb/v7e-m+fp/hard/crti.o
                0x08006e28                _fini
 .fini          0x08006e2c        0x8 /opt/st/stm32cubeclt_1.18.0/GNU-tools-for-STM32/bin/../lib/gcc/arm-none-eabi/13.3.1/thumb/v7e-m+fp/hard/crtn.o
                0x08006e34                        . = ALIGN (0x4)
                0x08006e34                        _etext = .

.vfp11_veneer   0x08006e34        0x0
 .vfp11_veneer  0x08006e34        0x0 linker stubs

.v4_bx          0x08006e34        0x0
 .v4_bx         0x08006e34        0x0 linker stubs

.iplt           0x08006e34        0x0
 .iplt          0x08006e34        0x0 /opt/st/stm32cubeclt_1.18.0/GNU-tools-for-STM32/bin/../lib/gcc/arm-none-eabi/13.3.1/thumb/v7e-m+fp/hard/crtbegin.o

.rodata         0x08006e34      0x148
                0x08006e34                        . = ALIGN (0x4)
 *(.rodata)
 .rodata        0x08006e34       0x22 CMakeFiles/freertos.dir/Core/Src/main.c.obj
 *fill*         0x08006e56        0x2 
 .rodata        0x08006e58       0x41 CMakeFiles/freertos.dir/Systemview/Config/SEGGER_SYSVIEW_Config_FreeRTOS.c.obj
 *fill*         0x08006e99        0x3 
 .rodata        0x08006e9c       0x58 CMakeFiles/freertos.dir/Systemview/OS/SEGGER_SYSVIEW_FreeRTOS.c.obj
 .rodata        0x08006ef4       0x10 CMakeFiles/freertos.dir/Systemview/SEGGER/SEGGER_SYSVIEW.c.obj
 .rodata        0x08006f04        0x9 CMakeFiles/freertos.dir/Systemview/SEGGER/SEGGER_RTT.c.obj
 *fill*         0x08006f0d        0x3 
 .rodata        0x08006f10        0x5 FreeRTOS/libfreertos_kernel.a(tasks.c.obj)
 *fill*         0x08006f15        0x3 
 .rodata        0x08006f18        0xd FreeRTOS/libfreertos_kernel.a(timers.c.obj)
 *(.rodata*)
 *fill*         0x08006f25        0x3 
 .rodata.AHBPrescTable
                0x08006f28       0x10 cmake/stm32cubemx/CMakeFiles/STM32_Drivers.dir/__/__/Core/Src/system_stm32f4xx.c.obj
                0x08006f28                AHBPrescTable
 .rodata.APBPrescTable
                0x08006f38        0x8 cmake/stm32cubemx/CMakeFiles/STM32_Drivers.dir/__/__/Core/Src/system_stm32f4xx.c.obj
                0x08006f38                APBPrescTable
 .rodata.SYSVIEW_X_OS_TraceAPI
                0x08006f40        0x8 CMakeFiles/freertos.dir/Systemview/OS/SEGGER_SYSVIEW_FreeRTOS.c.obj
                0x08006f40                SYSVIEW_X_OS_TraceAPI
 .rodata._abSync
                0x08006f48        0xa CMakeFiles/freertos.dir/Systemview/SEGGER/SEGGER_SYSVIEW.c.obj
 *fill*         0x08006f52        0x2 
 .rodata._aV2C.0
                0x08006f54       0x10 CMakeFiles/freertos.dir/Systemview/SEGGER/SEGGER_SYSVIEW.c.obj
 .rodata._aInitStr.0
                0x08006f64       0x11 CMakeFiles/freertos.dir/Systemview/SEGGER/SEGGER_RTT.c.obj
 *fill*         0x08006f75        0x3 
 .rodata.uxTopUsedPriority
                0x08006f78        0x4 FreeRTOS/libfreertos_kernel.a(tasks.c.obj)
                0x08006f7c                        . = ALIGN (0x4)

.ARM.extab      0x08006f7c        0x0
                0x08006f7c                        . = ALIGN (0x4)
 *(.ARM.extab* .gnu.linkonce.armextab.*)
                0x08006f7c                        . = ALIGN (0x4)

.ARM            0x08006f7c        0x8
                0x08006f7c                        . = ALIGN (0x4)
                0x08006f7c                        __exidx_start = .
 *(.ARM.exidx*)
 .ARM.exidx     0x08006f7c        0x8 /opt/st/stm32cubeclt_1.18.0/GNU-tools-for-STM32/bin/../lib/gcc/arm-none-eabi/13.3.1/thumb/v7e-m+fp/hard/libgcc.a(_udivmoddi4.o)
                0x08006f84                        __exidx_end = .
                0x08006f84                        . = ALIGN (0x4)

.preinit_array  0x08006f84        0x0
                0x08006f84                        . = ALIGN (0x4)
                0x08006f84                        PROVIDE (__preinit_array_start = .)
 *(.preinit_array*)
                0x08006f84                        PROVIDE (__preinit_array_end = .)
                0x08006f84                        . = ALIGN (0x4)

.init_array     0x08006f84        0x4
                0x08006f84                        . = ALIGN (0x4)
                0x08006f84                        PROVIDE (__init_array_start = .)
 *(SORT_BY_NAME(.init_array.*))
 *(.init_array*)
 .init_array    0x08006f84        0x4 /opt/st/stm32cubeclt_1.18.0/GNU-tools-for-STM32/bin/../lib/gcc/arm-none-eabi/13.3.1/thumb/v7e-m+fp/hard/crtbegin.o
                0x08006f88                        PROVIDE (__init_array_end = .)
                0x08006f88                        . = ALIGN (0x4)

.fini_array     0x08006f88        0x4
                0x08006f88                        . = ALIGN (0x4)
                [!provide]                        PROVIDE (__fini_array_start = .)
 *(SORT_BY_NAME(.fini_array.*))
 *(.fini_array*)
 .fini_array    0x08006f88        0x4 /opt/st/stm32cubeclt_1.18.0/GNU-tools-for-STM32/bin/../lib/gcc/arm-none-eabi/13.3.1/thumb/v7e-m+fp/hard/crtbegin.o
                [!provide]                        PROVIDE (__fini_array_end = .)
                0x08006f8c                        . = ALIGN (0x4)
                0x08006f8c                        _sidata = LOADADDR (.data)

.rel.dyn        0x08006f8c        0x0
 .rel.iplt      0x08006f8c        0x0 /opt/st/stm32cubeclt_1.18.0/GNU-tools-for-STM32/bin/../lib/gcc/arm-none-eabi/13.3.1/thumb/v7e-m+fp/hard/crtbegin.o

.data           0x20000000       0x10 load address 0x08006f8c
                0x20000000                        . = ALIGN (0x4)
                0x20000000                        _sdata = .
 *(.data)
 *(.data*)
 .data.SystemCoreClock
                0x20000000        0x4 cmake/stm32cubemx/CMakeFiles/STM32_Drivers.dir/__/__/Core/Src/system_stm32f4xx.c.obj
                0x20000000                SystemCoreClock
 .data.uwTickPrio
                0x20000004        0x4 cmake/stm32cubemx/CMakeFiles/STM32_Drivers.dir/__/__/Drivers/STM32F4xx_HAL_Driver/Src/stm32f4xx_hal.c.obj
                0x20000004                uwTickPrio
 .data.uwTickFreq
                0x20000008        0x1 cmake/stm32cubemx/CMakeFiles/STM32_Drivers.dir/__/__/Drivers/STM32F4xx_HAL_Driver/Src/stm32f4xx_hal.c.obj
                0x20000008                uwTickFreq
 *fill*         0x20000009        0x3 
 .data.uxCriticalNesting
                0x2000000c        0x4 FreeRTOS/libfreertos_kernel.a(port.c.obj)
 *(.RamFunc)
 *(.RamFunc*)
                0x20000010                        . = ALIGN (0x4)
                0x20000010                        _edata = .

.igot.plt       0x20000010        0x0 load address 0x08006f9c
 .igot.plt      0x20000010        0x0 /opt/st/stm32cubeclt_1.18.0/GNU-tools-for-STM32/bin/../lib/gcc/arm-none-eabi/13.3.1/thumb/v7e-m+fp/hard/crtbegin.o
                0x20000010                        . = ALIGN (0x4)

.bss            0x20000010    0x144cc load address 0x08006f9c
                0x20000010                        _sbss = .
                0x20000010                        __bss_start__ = _sbss
 *(.bss)
 .bss           0x20000010       0x1c /opt/st/stm32cubeclt_1.18.0/GNU-tools-for-STM32/bin/../lib/gcc/arm-none-eabi/13.3.1/thumb/v7e-m+fp/hard/crtbegin.o
 *(.bss*)
 .bss.uwTick    0x2000002c        0x4 cmake/stm32cubemx/CMakeFiles/STM32_Drivers.dir/__/__/Drivers/STM32F4xx_HAL_Driver/Src/stm32f4xx_hal.c.obj
                0x2000002c                uwTick
 .bss.huart2    0x20000030       0x48 CMakeFiles/freertos.dir/Core/Src/main.c.obj
                0x20000030                huart2
 .bss.htim2     0x20000078       0x48 CMakeFiles/freertos.dir/Core/Src/stm32f4xx_hal_timebase_tim.c.obj
                0x20000078                htim2
 .bss.ucHeap    0x200000c0    0x12c00 CMakeFiles/freertos.dir/FreeRTOS/portable/MemMang/heap_4.c.obj
 .bss.xStart    0x20012cc0        0x8 CMakeFiles/freertos.dir/FreeRTOS/portable/MemMang/heap_4.c.obj
 .bss.pxEnd     0x20012cc8        0x4 CMakeFiles/freertos.dir/FreeRTOS/portable/MemMang/heap_4.c.obj
 .bss.xFreeBytesRemaining
                0x20012ccc        0x4 CMakeFiles/freertos.dir/FreeRTOS/portable/MemMang/heap_4.c.obj
 .bss.xMinimumEverFreeBytesRemaining
                0x20012cd0        0x4 CMakeFiles/freertos.dir/FreeRTOS/portable/MemMang/heap_4.c.obj
 .bss.xNumberOfSuccessfulAllocations
                0x20012cd4        0x4 CMakeFiles/freertos.dir/FreeRTOS/portable/MemMang/heap_4.c.obj
 .bss.xNumberOfSuccessfulFrees
                0x20012cd8        0x4 CMakeFiles/freertos.dir/FreeRTOS/portable/MemMang/heap_4.c.obj
 .bss._aTasks   0x20012cdc       0xa0 CMakeFiles/freertos.dir/Systemview/OS/SEGGER_SYSVIEW_FreeRTOS.c.obj
 .bss._NumTasks
                0x20012d7c        0x4 CMakeFiles/freertos.dir/Systemview/OS/SEGGER_SYSVIEW_FreeRTOS.c.obj
 .bss._UpBuffer
                0x20012d80     0x1000 CMakeFiles/freertos.dir/Systemview/SEGGER/SEGGER_SYSVIEW.c.obj
 .bss._DownBuffer
                0x20013d80        0x8 CMakeFiles/freertos.dir/Systemview/SEGGER/SEGGER_SYSVIEW.c.obj
 .bss._SYSVIEW_Globals
                0x20013d88       0x28 CMakeFiles/freertos.dir/Systemview/SEGGER/SEGGER_SYSVIEW.c.obj
 .bss._pFirstModule
                0x20013db0        0x4 CMakeFiles/freertos.dir/Systemview/SEGGER/SEGGER_SYSVIEW.c.obj
 .bss._NumModules
                0x20013db4        0x1 CMakeFiles/freertos.dir/Systemview/SEGGER/SEGGER_SYSVIEW.c.obj
 *fill*         0x20013db5        0x3 
 .bss._aPacket  0x20013db8       0xe3 CMakeFiles/freertos.dir/Systemview/SEGGER/SEGGER_SYSVIEW.c.obj
 *fill*         0x20013e9b        0x1 
 .bss._SEGGER_RTT
                0x20013e9c       0xa8 CMakeFiles/freertos.dir/Systemview/SEGGER/SEGGER_RTT.c.obj
                0x20013e9c                _SEGGER_RTT
 .bss._acUpBuffer
                0x20013f44      0x400 CMakeFiles/freertos.dir/Systemview/SEGGER/SEGGER_RTT.c.obj
 .bss._acDownBuffer
                0x20014344       0x10 CMakeFiles/freertos.dir/Systemview/SEGGER/SEGGER_RTT.c.obj
 .bss.ucMaxSysCallPriority
                0x20014354        0x1 FreeRTOS/libfreertos_kernel.a(port.c.obj)
 *fill*         0x20014355        0x3 
 .bss.ulMaxPRIGROUPValue
                0x20014358        0x4 FreeRTOS/libfreertos_kernel.a(port.c.obj)
 .bss.pxCurrentTCB
                0x2001435c        0x4 FreeRTOS/libfreertos_kernel.a(tasks.c.obj)
                0x2001435c                pxCurrentTCB
 .bss.pxReadyTasksLists
                0x20014360       0x64 FreeRTOS/libfreertos_kernel.a(tasks.c.obj)
 .bss.xDelayedTaskList1
                0x200143c4       0x14 FreeRTOS/libfreertos_kernel.a(tasks.c.obj)
 .bss.xDelayedTaskList2
                0x200143d8       0x14 FreeRTOS/libfreertos_kernel.a(tasks.c.obj)
 .bss.pxDelayedTaskList
                0x200143ec        0x4 FreeRTOS/libfreertos_kernel.a(tasks.c.obj)
 .bss.pxOverflowDelayedTaskList
                0x200143f0        0x4 FreeRTOS/libfreertos_kernel.a(tasks.c.obj)
 .bss.xPendingReadyList
                0x200143f4       0x14 FreeRTOS/libfreertos_kernel.a(tasks.c.obj)
 .bss.xTasksWaitingTermination
                0x20014408       0x14 FreeRTOS/libfreertos_kernel.a(tasks.c.obj)
 .bss.uxDeletedTasksWaitingCleanUp
                0x2001441c        0x4 FreeRTOS/libfreertos_kernel.a(tasks.c.obj)
 .bss.xSuspendedTaskList
                0x20014420       0x14 FreeRTOS/libfreertos_kernel.a(tasks.c.obj)
 .bss.uxCurrentNumberOfTasks
                0x20014434        0x4 FreeRTOS/libfreertos_kernel.a(tasks.c.obj)
 .bss.xTickCount
                0x20014438        0x4 FreeRTOS/libfreertos_kernel.a(tasks.c.obj)
 .bss.uxTopReadyPriority
                0x2001443c        0x4 FreeRTOS/libfreertos_kernel.a(tasks.c.obj)
 .bss.xSchedulerRunning
                0x20014440        0x4 FreeRTOS/libfreertos_kernel.a(tasks.c.obj)
 .bss.xPendedTicks
                0x20014444        0x4 FreeRTOS/libfreertos_kernel.a(tasks.c.obj)
 .bss.xYieldPendings
                0x20014448        0x4 FreeRTOS/libfreertos_kernel.a(tasks.c.obj)
 .bss.xNumOfOverflows
                0x2001444c        0x4 FreeRTOS/libfreertos_kernel.a(tasks.c.obj)
 .bss.uxTaskNumber
                0x20014450        0x4 FreeRTOS/libfreertos_kernel.a(tasks.c.obj)
 .bss.xNextTaskUnblockTime
                0x20014454        0x4 FreeRTOS/libfreertos_kernel.a(tasks.c.obj)
 .bss.xIdleTaskHandles
                0x20014458        0x4 FreeRTOS/libfreertos_kernel.a(tasks.c.obj)
 .bss.uxSchedulerSuspended
                0x2001445c        0x4 FreeRTOS/libfreertos_kernel.a(tasks.c.obj)
 .bss.xActiveTimerList1
                0x20014460       0x14 FreeRTOS/libfreertos_kernel.a(timers.c.obj)
 .bss.xActiveTimerList2
                0x20014474       0x14 FreeRTOS/libfreertos_kernel.a(timers.c.obj)
 .bss.pxCurrentTimerList
                0x20014488        0x4 FreeRTOS/libfreertos_kernel.a(timers.c.obj)
 .bss.pxOverflowTimerList
                0x2001448c        0x4 FreeRTOS/libfreertos_kernel.a(timers.c.obj)
 .bss.xTimerQueue
                0x20014490        0x4 FreeRTOS/libfreertos_kernel.a(timers.c.obj)
 .bss.xTimerTaskHandle
                0x20014494        0x4 FreeRTOS/libfreertos_kernel.a(timers.c.obj)
 .bss.xLastTime.0
                0x20014498        0x4 FreeRTOS/libfreertos_kernel.a(timers.c.obj)
 .bss.xQueueRegistry
                0x2001449c       0x40 FreeRTOS/libfreertos_kernel.a(queue.c.obj)
                0x2001449c                xQueueRegistry
 *(COMMON)
                0x200144dc                        . = ALIGN (0x4)
                0x200144dc                        _ebss = .
                0x200144dc                        __bss_end__ = _ebss

._user_heap_stack
                0x200144dc      0x604 load address 0x08006f9c
                0x200144e0                        . = ALIGN (0x8)
 *fill*         0x200144dc        0x4 
                [!provide]                        PROVIDE (end = .)
                0x200144e0                        PROVIDE (_end = .)
                0x200146e0                        . = (. + _Min_Heap_Size)
 *fill*         0x200144e0      0x200 
                0x20014ae0                        . = (. + _Min_Stack_Size)
 *fill*         0x200146e0      0x400 
                0x20014ae0                        . = ALIGN (0x8)

/DISCARD/
 libc.a(*)
 libm.a(*)
 libgcc.a(*)
OUTPUT(freertos.elf elf32-littlearm)
LOAD linker stubs
LOAD /opt/st/stm32cubeclt_1.18.0/GNU-tools-for-STM32/bin/../lib/gcc/arm-none-eabi/13.3.1/../../../../arm-none-eabi/lib/thumb/v7e-m+fp/hard/libc.a
LOAD /opt/st/stm32cubeclt_1.18.0/GNU-tools-for-STM32/bin/../lib/gcc/arm-none-eabi/13.3.1/../../../../arm-none-eabi/lib/thumb/v7e-m+fp/hard/libm.a
LOAD /opt/st/stm32cubeclt_1.18.0/GNU-tools-for-STM32/bin/../lib/gcc/arm-none-eabi/13.3.1/thumb/v7e-m+fp/hard/libgcc.a

.ARM.attributes
                0x00000000       0x30
 .ARM.attributes
                0x00000000       0x22 /opt/st/stm32cubeclt_1.18.0/GNU-tools-for-STM32/bin/../lib/gcc/arm-none-eabi/13.3.1/thumb/v7e-m+fp/hard/crti.o
 .ARM.attributes
                0x00000022       0x34 /opt/st/stm32cubeclt_1.18.0/GNU-tools-for-STM32/bin/../lib/gcc/arm-none-eabi/13.3.1/thumb/v7e-m+fp/hard/crtbegin.o
 .ARM.attributes
                0x00000056       0x34 /opt/st/stm32cubeclt_1.18.0/GNU-tools-for-STM32/bin/../lib/gcc/arm-none-eabi/13.3.1/../../../../arm-none-eabi/lib/thumb/v7e-m+fp/hard/libc_nano.a(libc_a-memset.o)
 .ARM.attributes
                0x0000008a       0x34 /opt/st/stm32cubeclt_1.18.0/GNU-tools-for-STM32/bin/../lib/gcc/arm-none-eabi/13.3.1/../../../../arm-none-eabi/lib/thumb/v7e-m+fp/hard/libc_nano.a(libc_a-init.o)
 .ARM.attributes
                0x000000be       0x34 cmake/stm32cubemx/CMakeFiles/STM32_Drivers.dir/__/__/Core/Src/system_stm32f4xx.c.obj
 .ARM.attributes
                0x000000f2       0x34 cmake/stm32cubemx/CMakeFiles/STM32_Drivers.dir/__/__/Drivers/STM32F4xx_HAL_Driver/Src/stm32f4xx_hal_tim.c.obj
 .ARM.attributes
                0x00000126       0x34 cmake/stm32cubemx/CMakeFiles/STM32_Drivers.dir/__/__/Drivers/STM32F4xx_HAL_Driver/Src/stm32f4xx_hal_tim_ex.c.obj
 .ARM.attributes
                0x0000015a       0x34 cmake/stm32cubemx/CMakeFiles/STM32_Drivers.dir/__/__/Drivers/STM32F4xx_HAL_Driver/Src/stm32f4xx_hal_uart.c.obj
 .ARM.attributes
                0x0000018e       0x34 cmake/stm32cubemx/CMakeFiles/STM32_Drivers.dir/__/__/Drivers/STM32F4xx_HAL_Driver/Src/stm32f4xx_hal_rcc.c.obj
 .ARM.attributes
                0x000001c2       0x34 cmake/stm32cubemx/CMakeFiles/STM32_Drivers.dir/__/__/Drivers/STM32F4xx_HAL_Driver/Src/stm32f4xx_hal_gpio.c.obj
 .ARM.attributes
                0x000001f6       0x34 cmake/stm32cubemx/CMakeFiles/STM32_Drivers.dir/__/__/Drivers/STM32F4xx_HAL_Driver/Src/stm32f4xx_hal_cortex.c.obj
 .ARM.attributes
                0x0000022a       0x34 cmake/stm32cubemx/CMakeFiles/STM32_Drivers.dir/__/__/Drivers/STM32F4xx_HAL_Driver/Src/stm32f4xx_hal.c.obj
 .ARM.attributes
                0x0000025e       0x34 CMakeFiles/freertos.dir/Core/Src/main.c.obj
 .ARM.attributes
                0x00000292       0x34 CMakeFiles/freertos.dir/Core/Src/stm32f4xx_it.c.obj
 .ARM.attributes
                0x000002c6       0x34 CMakeFiles/freertos.dir/Core/Src/stm32f4xx_hal_msp.c.obj
 .ARM.attributes
                0x000002fa       0x34 CMakeFiles/freertos.dir/Core/Src/stm32f4xx_hal_timebase_tim.c.obj
 .ARM.attributes
                0x0000032e       0x21 CMakeFiles/freertos.dir/startup_stm32f401xe.s.obj
 .ARM.attributes
                0x0000034f       0x34 CMakeFiles/freertos.dir/FreeRTOS/portable/MemMang/heap_4.c.obj
 .ARM.attributes
                0x00000383       0x34 CMakeFiles/freertos.dir/Systemview/Config/SEGGER_SYSVIEW_Config_FreeRTOS.c.obj
 .ARM.attributes
                0x000003b7       0x34 CMakeFiles/freertos.dir/Systemview/OS/SEGGER_SYSVIEW_FreeRTOS.c.obj
 .ARM.attributes
                0x000003eb       0x34 CMakeFiles/freertos.dir/Systemview/SEGGER/SEGGER_SYSVIEW.c.obj
 .ARM.attributes
                0x0000041f       0x34 CMakeFiles/freertos.dir/Systemview/SEGGER/SEGGER_RTT.c.obj
 .ARM.attributes
                0x00000453       0x20 CMakeFiles/freertos.dir/Systemview/SEGGER/SEGGER_RTT_ASM_ARMv7M.S.obj
 .ARM.attributes
                0x00000473       0x34 FreeRTOS/libfreertos_kernel.a(port.c.obj)
 .ARM.attributes
                0x000004a7       0x34 FreeRTOS/libfreertos_kernel.a(tasks.c.obj)
 .ARM.attributes
                0x000004db       0x34 FreeRTOS/libfreertos_kernel.a(timers.c.obj)
 .ARM.attributes
                0x0000050f       0x34 FreeRTOS/libfreertos_kernel.a(list.c.obj)
 .ARM.attributes
                0x00000543       0x34 FreeRTOS/libfreertos_kernel.a(queue.c.obj)
 .ARM.attributes
                0x00000577       0x22 /opt/st/stm32cubeclt_1.18.0/GNU-tools-for-STM32/bin/../lib/gcc/arm-none-eabi/13.3.1/thumb/v7e-m+fp/hard/libgcc.a(_aeabi_uldivmod.o)
 .ARM.attributes
                0x00000599       0x34 /opt/st/stm32cubeclt_1.18.0/GNU-tools-for-STM32/bin/../lib/gcc/arm-none-eabi/13.3.1/thumb/v7e-m+fp/hard/libgcc.a(_udivmoddi4.o)
 .ARM.attributes
                0x000005cd       0x22 /opt/st/stm32cubeclt_1.18.0/GNU-tools-for-STM32/bin/../lib/gcc/arm-none-eabi/13.3.1/thumb/v7e-m+fp/hard/libgcc.a(_dvmd_tls.o)
 .ARM.attributes
                0x000005ef       0x34 /opt/st/stm32cubeclt_1.18.0/GNU-tools-for-STM32/bin/../lib/gcc/arm-none-eabi/13.3.1/../../../../arm-none-eabi/lib/thumb/v7e-m+fp/hard/libg_nano.a(libc_a-memcmp.o)
 .ARM.attributes
                0x00000623       0x34 /opt/st/stm32cubeclt_1.18.0/GNU-tools-for-STM32/bin/../lib/gcc/arm-none-eabi/13.3.1/../../../../arm-none-eabi/lib/thumb/v7e-m+fp/hard/libg_nano.a(libc_a-memcpy-stub.o)
 .ARM.attributes
                0x00000657       0x22 /opt/st/stm32cubeclt_1.18.0/GNU-tools-for-STM32/bin/../lib/gcc/arm-none-eabi/13.3.1/thumb/v7e-m+fp/hard/crtn.o

.comment        0x00000000       0x43
 .comment       0x00000000       0x43 cmake/stm32cubemx/CMakeFiles/STM32_Drivers.dir/__/__/Core/Src/system_stm32f4xx.c.obj
                                 0x44 (size before relaxing)
 .comment       0x00000043       0x44 cmake/stm32cubemx/CMakeFiles/STM32_Drivers.dir/__/__/Drivers/STM32F4xx_HAL_Driver/Src/stm32f4xx_hal_tim.c.obj
 .comment       0x00000043       0x44 cmake/stm32cubemx/CMakeFiles/STM32_Drivers.dir/__/__/Drivers/STM32F4xx_HAL_Driver/Src/stm32f4xx_hal_tim_ex.c.obj
 .comment       0x00000043       0x44 cmake/stm32cubemx/CMakeFiles/STM32_Drivers.dir/__/__/Drivers/STM32F4xx_HAL_Driver/Src/stm32f4xx_hal_uart.c.obj
 .comment       0x00000043       0x44 cmake/stm32cubemx/CMakeFiles/STM32_Drivers.dir/__/__/Drivers/STM32F4xx_HAL_Driver/Src/stm32f4xx_hal_rcc.c.obj
 .comment       0x00000043       0x44 cmake/stm32cubemx/CMakeFiles/STM32_Drivers.dir/__/__/Drivers/STM32F4xx_HAL_Driver/Src/stm32f4xx_hal_gpio.c.obj
 .comment       0x00000043       0x44 cmake/stm32cubemx/CMakeFiles/STM32_Drivers.dir/__/__/Drivers/STM32F4xx_HAL_Driver/Src/stm32f4xx_hal_cortex.c.obj
 .comment       0x00000043       0x44 cmake/stm32cubemx/CMakeFiles/STM32_Drivers.dir/__/__/Drivers/STM32F4xx_HAL_Driver/Src/stm32f4xx_hal.c.obj
 .comment       0x00000043       0x44 CMakeFiles/freertos.dir/Core/Src/main.c.obj
 .comment       0x00000043       0x44 CMakeFiles/freertos.dir/Core/Src/stm32f4xx_it.c.obj
 .comment       0x00000043       0x44 CMakeFiles/freertos.dir/Core/Src/stm32f4xx_hal_msp.c.obj
 .comment       0x00000043       0x44 CMakeFiles/freertos.dir/Core/Src/stm32f4xx_hal_timebase_tim.c.obj
 .comment       0x00000043       0x44 CMakeFiles/freertos.dir/FreeRTOS/portable/MemMang/heap_4.c.obj
 .comment       0x00000043       0x44 CMakeFiles/freertos.dir/Systemview/Config/SEGGER_SYSVIEW_Config_FreeRTOS.c.obj
 .comment       0x00000043       0x44 CMakeFiles/freertos.dir/Systemview/OS/SEGGER_SYSVIEW_FreeRTOS.c.obj
 .comment       0x00000043       0x44 CMakeFiles/freertos.dir/Systemview/SEGGER/SEGGER_SYSVIEW.c.obj
 .comment       0x00000043       0x44 CMakeFiles/freertos.dir/Systemview/SEGGER/SEGGER_RTT.c.obj
 .comment       0x00000043       0x44 FreeRTOS/libfreertos_kernel.a(port.c.obj)
 .comment       0x00000043       0x44 FreeRTOS/libfreertos_kernel.a(tasks.c.obj)
 .comment       0x00000043       0x44 FreeRTOS/libfreertos_kernel.a(timers.c.obj)
 .comment       0x00000043       0x44 FreeRTOS/libfreertos_kernel.a(list.c.obj)
 .comment       0x00000043       0x44 FreeRTOS/libfreertos_kernel.a(queue.c.obj)
 .comment       0x00000043       0x44 /opt/st/stm32cubeclt_1.18.0/GNU-tools-for-STM32/bin/../lib/gcc/arm-none-eabi/13.3.1/../../../../arm-none-eabi/lib/thumb/v7e-m+fp/hard/libg_nano.a(libc_a-memcmp.o)
 .comment       0x00000043       0x44 /opt/st/stm32cubeclt_1.18.0/GNU-tools-for-STM32/bin/../lib/gcc/arm-none-eabi/13.3.1/../../../../arm-none-eabi/lib/thumb/v7e-m+fp/hard/libg_nano.a(libc_a-memcpy-stub.o)

.debug_frame    0x00000000     0x5cc8
 .debug_frame   0x00000000       0x20 /opt/st/stm32cubeclt_1.18.0/GNU-tools-for-STM32/bin/../lib/gcc/arm-none-eabi/13.3.1/../../../../arm-none-eabi/lib/thumb/v7e-m+fp/hard/libc_nano.a(libc_a-memset.o)
 .debug_frame   0x00000020       0x2c /opt/st/stm32cubeclt_1.18.0/GNU-tools-for-STM32/bin/../lib/gcc/arm-none-eabi/13.3.1/../../../../arm-none-eabi/lib/thumb/v7e-m+fp/hard/libc_nano.a(libc_a-init.o)
 .debug_frame   0x0000004c       0x58 cmake/stm32cubemx/CMakeFiles/STM32_Drivers.dir/__/__/Core/Src/system_stm32f4xx.c.obj
 .debug_frame   0x000000a4     0x11b8 cmake/stm32cubemx/CMakeFiles/STM32_Drivers.dir/__/__/Drivers/STM32F4xx_HAL_Driver/Src/stm32f4xx_hal_tim.c.obj
 .debug_frame   0x0000125c      0x638 cmake/stm32cubemx/CMakeFiles/STM32_Drivers.dir/__/__/Drivers/STM32F4xx_HAL_Driver/Src/stm32f4xx_hal_tim_ex.c.obj
 .debug_frame   0x00001894      0x954 cmake/stm32cubemx/CMakeFiles/STM32_Drivers.dir/__/__/Drivers/STM32F4xx_HAL_Driver/Src/stm32f4xx_hal_uart.c.obj
 .debug_frame   0x000021e8      0x1f4 cmake/stm32cubemx/CMakeFiles/STM32_Drivers.dir/__/__/Drivers/STM32F4xx_HAL_Driver/Src/stm32f4xx_hal_rcc.c.obj
 .debug_frame   0x000023dc      0x14c cmake/stm32cubemx/CMakeFiles/STM32_Drivers.dir/__/__/Drivers/STM32F4xx_HAL_Driver/Src/stm32f4xx_hal_gpio.c.obj
 .debug_frame   0x00002528      0x508 cmake/stm32cubemx/CMakeFiles/STM32_Drivers.dir/__/__/Drivers/STM32F4xx_HAL_Driver/Src/stm32f4xx_hal_cortex.c.obj
 .debug_frame   0x00002a30      0x374 cmake/stm32cubemx/CMakeFiles/STM32_Drivers.dir/__/__/Drivers/STM32F4xx_HAL_Driver/Src/stm32f4xx_hal.c.obj
 .debug_frame   0x00002da4      0x134 CMakeFiles/freertos.dir/Core/Src/main.c.obj
 .debug_frame   0x00002ed8       0xc4 CMakeFiles/freertos.dir/Core/Src/stm32f4xx_it.c.obj
 .debug_frame   0x00002f9c       0xa4 CMakeFiles/freertos.dir/Core/Src/stm32f4xx_hal_msp.c.obj
 .debug_frame   0x00003040       0x74 CMakeFiles/freertos.dir/Core/Src/stm32f4xx_hal_timebase_tim.c.obj
 .debug_frame   0x000030b4      0x174 CMakeFiles/freertos.dir/FreeRTOS/portable/MemMang/heap_4.c.obj
 .debug_frame   0x00003228       0x48 CMakeFiles/freertos.dir/Systemview/Config/SEGGER_SYSVIEW_Config_FreeRTOS.c.obj
 .debug_frame   0x00003270      0x104 CMakeFiles/freertos.dir/Systemview/OS/SEGGER_SYSVIEW_FreeRTOS.c.obj
 .debug_frame   0x00003374      0xe10 CMakeFiles/freertos.dir/Systemview/SEGGER/SEGGER_SYSVIEW.c.obj
 .debug_frame   0x00004184      0x52c CMakeFiles/freertos.dir/Systemview/SEGGER/SEGGER_RTT.c.obj
 .debug_frame   0x000046b0      0x1a8 FreeRTOS/libfreertos_kernel.a(port.c.obj)
 .debug_frame   0x00004858      0x9ac FreeRTOS/libfreertos_kernel.a(tasks.c.obj)
 .debug_frame   0x00005204      0x3f4 FreeRTOS/libfreertos_kernel.a(timers.c.obj)
 .debug_frame   0x000055f8       0xc4 FreeRTOS/libfreertos_kernel.a(list.c.obj)
 .debug_frame   0x000056bc      0x55c FreeRTOS/libfreertos_kernel.a(queue.c.obj)
 .debug_frame   0x00005c18       0x2c /opt/st/stm32cubeclt_1.18.0/GNU-tools-for-STM32/bin/../lib/gcc/arm-none-eabi/13.3.1/thumb/v7e-m+fp/hard/libgcc.a(_aeabi_uldivmod.o)
 .debug_frame   0x00005c44       0x34 /opt/st/stm32cubeclt_1.18.0/GNU-tools-for-STM32/bin/../lib/gcc/arm-none-eabi/13.3.1/thumb/v7e-m+fp/hard/libgcc.a(_udivmoddi4.o)
 .debug_frame   0x00005c78       0x28 /opt/st/stm32cubeclt_1.18.0/GNU-tools-for-STM32/bin/../lib/gcc/arm-none-eabi/13.3.1/../../../../arm-none-eabi/lib/thumb/v7e-m+fp/hard/libg_nano.a(libc_a-memcmp.o)
 .debug_frame   0x00005ca0       0x28 /opt/st/stm32cubeclt_1.18.0/GNU-tools-for-STM32/bin/../lib/gcc/arm-none-eabi/13.3.1/../../../../arm-none-eabi/lib/thumb/v7e-m+fp/hard/libg_nano.a(libc_a-memcpy-stub.o)

.debug_info     0x00000000    0x1877b
 .debug_info    0x00000000      0x53e cmake/stm32cubemx/CMakeFiles/STM32_Drivers.dir/__/__/Core/Src/system_stm32f4xx.c.obj
 .debug_info    0x0000053e     0x2996 cmake/stm32cubemx/CMakeFiles/STM32_Drivers.dir/__/__/Drivers/STM32F4xx_HAL_Driver/Src/stm32f4xx_hal_tim.c.obj
 .debug_info    0x00002ed4     0x14d4 cmake/stm32cubemx/CMakeFiles/STM32_Drivers.dir/__/__/Drivers/STM32F4xx_HAL_Driver/Src/stm32f4xx_hal_tim_ex.c.obj
 .debug_info    0x000043a8     0x2f56 cmake/stm32cubemx/CMakeFiles/STM32_Drivers.dir/__/__/Drivers/STM32F4xx_HAL_Driver/Src/stm32f4xx_hal_uart.c.obj
 .debug_info    0x000072fe      0x905 cmake/stm32cubemx/CMakeFiles/STM32_Drivers.dir/__/__/Drivers/STM32F4xx_HAL_Driver/Src/stm32f4xx_hal_rcc.c.obj
 .debug_info    0x00007c03      0x6f9 cmake/stm32cubemx/CMakeFiles/STM32_Drivers.dir/__/__/Drivers/STM32F4xx_HAL_Driver/Src/stm32f4xx_hal_gpio.c.obj
 .debug_info    0x000082fc      0xcf6 cmake/stm32cubemx/CMakeFiles/STM32_Drivers.dir/__/__/Drivers/STM32F4xx_HAL_Driver/Src/stm32f4xx_hal_cortex.c.obj
 .debug_info    0x00008ff2      0x8bb cmake/stm32cubemx/CMakeFiles/STM32_Drivers.dir/__/__/Drivers/STM32F4xx_HAL_Driver/Src/stm32f4xx_hal.c.obj
 .debug_info    0x000098ad     0x1128 CMakeFiles/freertos.dir/Core/Src/main.c.obj
 .debug_info    0x0000a9d5      0x6a4 CMakeFiles/freertos.dir/Core/Src/stm32f4xx_it.c.obj
 .debug_info    0x0000b079      0xb8d CMakeFiles/freertos.dir/Core/Src/stm32f4xx_hal_msp.c.obj
 .debug_info    0x0000bc06      0xb7d CMakeFiles/freertos.dir/Core/Src/stm32f4xx_hal_timebase_tim.c.obj
 .debug_info    0x0000c783       0x30 CMakeFiles/freertos.dir/startup_stm32f401xe.s.obj
 .debug_info    0x0000c7b3      0x5e0 CMakeFiles/freertos.dir/FreeRTOS/portable/MemMang/heap_4.c.obj
 .debug_info    0x0000cd93      0x182 CMakeFiles/freertos.dir/Systemview/Config/SEGGER_SYSVIEW_Config_FreeRTOS.c.obj
 .debug_info    0x0000cf15      0x42a CMakeFiles/freertos.dir/Systemview/OS/SEGGER_SYSVIEW_FreeRTOS.c.obj
 .debug_info    0x0000d33f     0x434a CMakeFiles/freertos.dir/Systemview/SEGGER/SEGGER_SYSVIEW.c.obj
 .debug_info    0x00011689     0x14d5 CMakeFiles/freertos.dir/Systemview/SEGGER/SEGGER_RTT.c.obj
 .debug_info    0x00012b5e       0x25 CMakeFiles/freertos.dir/Systemview/SEGGER/SEGGER_RTT_ASM_ARMv7M.S.obj
 .debug_info    0x00012b83      0x5a3 FreeRTOS/libfreertos_kernel.a(port.c.obj)
 .debug_info    0x00013126     0x2915 FreeRTOS/libfreertos_kernel.a(tasks.c.obj)
 .debug_info    0x00015a3b      0xf50 FreeRTOS/libfreertos_kernel.a(timers.c.obj)
 .debug_info    0x0001698b      0x2d8 FreeRTOS/libfreertos_kernel.a(list.c.obj)
 .debug_info    0x00016c63     0x18f3 FreeRTOS/libfreertos_kernel.a(queue.c.obj)
 .debug_info    0x00018556      0x104 /opt/st/stm32cubeclt_1.18.0/GNU-tools-for-STM32/bin/../lib/gcc/arm-none-eabi/13.3.1/../../../../arm-none-eabi/lib/thumb/v7e-m+fp/hard/libg_nano.a(libc_a-memcmp.o)
 .debug_info    0x0001865a      0x121 /opt/st/stm32cubeclt_1.18.0/GNU-tools-for-STM32/bin/../lib/gcc/arm-none-eabi/13.3.1/../../../../arm-none-eabi/lib/thumb/v7e-m+fp/hard/libg_nano.a(libc_a-memcpy-stub.o)

.debug_abbrev   0x00000000     0x3498
 .debug_abbrev  0x00000000      0x11a cmake/stm32cubemx/CMakeFiles/STM32_Drivers.dir/__/__/Core/Src/system_stm32f4xx.c.obj
 .debug_abbrev  0x0000011a      0x28b cmake/stm32cubemx/CMakeFiles/STM32_Drivers.dir/__/__/Drivers/STM32F4xx_HAL_Driver/Src/stm32f4xx_hal_tim.c.obj
 .debug_abbrev  0x000003a5      0x296 cmake/stm32cubemx/CMakeFiles/STM32_Drivers.dir/__/__/Drivers/STM32F4xx_HAL_Driver/Src/stm32f4xx_hal_tim_ex.c.obj
 .debug_abbrev  0x0000063b      0x31b cmake/stm32cubemx/CMakeFiles/STM32_Drivers.dir/__/__/Drivers/STM32F4xx_HAL_Driver/Src/stm32f4xx_hal_uart.c.obj
 .debug_abbrev  0x00000956      0x2b6 cmake/stm32cubemx/CMakeFiles/STM32_Drivers.dir/__/__/Drivers/STM32F4xx_HAL_Driver/Src/stm32f4xx_hal_rcc.c.obj
 .debug_abbrev  0x00000c0c      0x1d3 cmake/stm32cubemx/CMakeFiles/STM32_Drivers.dir/__/__/Drivers/STM32F4xx_HAL_Driver/Src/stm32f4xx_hal_gpio.c.obj
 .debug_abbrev  0x00000ddf      0x31d cmake/stm32cubemx/CMakeFiles/STM32_Drivers.dir/__/__/Drivers/STM32F4xx_HAL_Driver/Src/stm32f4xx_hal_cortex.c.obj
 .debug_abbrev  0x000010fc      0x24b cmake/stm32cubemx/CMakeFiles/STM32_Drivers.dir/__/__/Drivers/STM32F4xx_HAL_Driver/Src/stm32f4xx_hal.c.obj
 .debug_abbrev  0x00001347      0x324 CMakeFiles/freertos.dir/Core/Src/main.c.obj
 .debug_abbrev  0x0000166b      0x190 CMakeFiles/freertos.dir/Core/Src/stm32f4xx_it.c.obj
 .debug_abbrev  0x000017fb      0x1e3 CMakeFiles/freertos.dir/Core/Src/stm32f4xx_hal_msp.c.obj
 .debug_abbrev  0x000019de      0x207 CMakeFiles/freertos.dir/Core/Src/stm32f4xx_hal_timebase_tim.c.obj
 .debug_abbrev  0x00001be5       0x24 CMakeFiles/freertos.dir/startup_stm32f401xe.s.obj
 .debug_abbrev  0x00001c09      0x25a CMakeFiles/freertos.dir/FreeRTOS/portable/MemMang/heap_4.c.obj
 .debug_abbrev  0x00001e63       0xee CMakeFiles/freertos.dir/Systemview/Config/SEGGER_SYSVIEW_Config_FreeRTOS.c.obj
 .debug_abbrev  0x00001f51      0x1c0 CMakeFiles/freertos.dir/Systemview/OS/SEGGER_SYSVIEW_FreeRTOS.c.obj
 .debug_abbrev  0x00002111      0x340 CMakeFiles/freertos.dir/Systemview/SEGGER/SEGGER_SYSVIEW.c.obj
 .debug_abbrev  0x00002451      0x230 CMakeFiles/freertos.dir/Systemview/SEGGER/SEGGER_RTT.c.obj
 .debug_abbrev  0x00002681       0x14 CMakeFiles/freertos.dir/Systemview/SEGGER/SEGGER_RTT_ASM_ARMv7M.S.obj
 .debug_abbrev  0x00002695      0x248 FreeRTOS/libfreertos_kernel.a(port.c.obj)
 .debug_abbrev  0x000028dd      0x3a1 FreeRTOS/libfreertos_kernel.a(tasks.c.obj)
 .debug_abbrev  0x00002c7e      0x2b8 FreeRTOS/libfreertos_kernel.a(timers.c.obj)
 .debug_abbrev  0x00002f36      0x10c FreeRTOS/libfreertos_kernel.a(list.c.obj)
 .debug_abbrev  0x00003042      0x305 FreeRTOS/libfreertos_kernel.a(queue.c.obj)
 .debug_abbrev  0x00003347       0x90 /opt/st/stm32cubeclt_1.18.0/GNU-tools-for-STM32/bin/../lib/gcc/arm-none-eabi/13.3.1/../../../../arm-none-eabi/lib/thumb/v7e-m+fp/hard/libg_nano.a(libc_a-memcmp.o)
 .debug_abbrev  0x000033d7       0xc1 /opt/st/stm32cubeclt_1.18.0/GNU-tools-for-STM32/bin/../lib/gcc/arm-none-eabi/13.3.1/../../../../arm-none-eabi/lib/thumb/v7e-m+fp/hard/libg_nano.a(libc_a-memcpy-stub.o)

.debug_aranges  0x00000000     0x1648
 .debug_aranges
                0x00000000       0x28 cmake/stm32cubemx/CMakeFiles/STM32_Drivers.dir/__/__/Core/Src/system_stm32f4xx.c.obj
 .debug_aranges
                0x00000028      0x3d0 cmake/stm32cubemx/CMakeFiles/STM32_Drivers.dir/__/__/Drivers/STM32F4xx_HAL_Driver/Src/stm32f4xx_hal_tim.c.obj
 .debug_aranges
                0x000003f8      0x168 cmake/stm32cubemx/CMakeFiles/STM32_Drivers.dir/__/__/Drivers/STM32F4xx_HAL_Driver/Src/stm32f4xx_hal_tim_ex.c.obj
 .debug_aranges
                0x00000560      0x208 cmake/stm32cubemx/CMakeFiles/STM32_Drivers.dir/__/__/Drivers/STM32F4xx_HAL_Driver/Src/stm32f4xx_hal_uart.c.obj
 .debug_aranges
                0x00000768       0x88 cmake/stm32cubemx/CMakeFiles/STM32_Drivers.dir/__/__/Drivers/STM32F4xx_HAL_Driver/Src/stm32f4xx_hal_rcc.c.obj
 .debug_aranges
                0x000007f0       0x58 cmake/stm32cubemx/CMakeFiles/STM32_Drivers.dir/__/__/Drivers/STM32F4xx_HAL_Driver/Src/stm32f4xx_hal_gpio.c.obj
 .debug_aranges
                0x00000848      0x130 cmake/stm32cubemx/CMakeFiles/STM32_Drivers.dir/__/__/Drivers/STM32F4xx_HAL_Driver/Src/stm32f4xx_hal_cortex.c.obj
 .debug_aranges
                0x00000978       0xf0 cmake/stm32cubemx/CMakeFiles/STM32_Drivers.dir/__/__/Drivers/STM32F4xx_HAL_Driver/Src/stm32f4xx_hal.c.obj
 .debug_aranges
                0x00000a68       0x60 CMakeFiles/freertos.dir/Core/Src/main.c.obj
 .debug_aranges
                0x00000ac8       0x50 CMakeFiles/freertos.dir/Core/Src/stm32f4xx_it.c.obj
 .debug_aranges
                0x00000b18       0x38 CMakeFiles/freertos.dir/Core/Src/stm32f4xx_hal_msp.c.obj
 .debug_aranges
                0x00000b50       0x30 CMakeFiles/freertos.dir/Core/Src/stm32f4xx_hal_timebase_tim.c.obj
 .debug_aranges
                0x00000b80       0x28 CMakeFiles/freertos.dir/startup_stm32f401xe.s.obj
 .debug_aranges
                0x00000ba8       0x68 CMakeFiles/freertos.dir/FreeRTOS/portable/MemMang/heap_4.c.obj
 .debug_aranges
                0x00000c10       0x28 CMakeFiles/freertos.dir/Systemview/Config/SEGGER_SYSVIEW_Config_FreeRTOS.c.obj
 .debug_aranges
                0x00000c38       0x48 CMakeFiles/freertos.dir/Systemview/OS/SEGGER_SYSVIEW_FreeRTOS.c.obj
 .debug_aranges
                0x00000c80      0x300 CMakeFiles/freertos.dir/Systemview/SEGGER/SEGGER_SYSVIEW.c.obj
 .debug_aranges
                0x00000f80      0x138 CMakeFiles/freertos.dir/Systemview/SEGGER/SEGGER_RTT.c.obj
 .debug_aranges
                0x000010b8       0x20 CMakeFiles/freertos.dir/Systemview/SEGGER/SEGGER_RTT_ASM_ARMv7M.S.obj
 .debug_aranges
                0x000010d8       0x80 FreeRTOS/libfreertos_kernel.a(port.c.obj)
 .debug_aranges
                0x00001158      0x238 FreeRTOS/libfreertos_kernel.a(tasks.c.obj)
 .debug_aranges
                0x00001390       0xf8 FreeRTOS/libfreertos_kernel.a(timers.c.obj)
 .debug_aranges
                0x00001488       0x40 FreeRTOS/libfreertos_kernel.a(list.c.obj)
 .debug_aranges
                0x000014c8      0x140 FreeRTOS/libfreertos_kernel.a(queue.c.obj)
 .debug_aranges
                0x00001608       0x20 /opt/st/stm32cubeclt_1.18.0/GNU-tools-for-STM32/bin/../lib/gcc/arm-none-eabi/13.3.1/../../../../arm-none-eabi/lib/thumb/v7e-m+fp/hard/libg_nano.a(libc_a-memcmp.o)
 .debug_aranges
                0x00001628       0x20 /opt/st/stm32cubeclt_1.18.0/GNU-tools-for-STM32/bin/../lib/gcc/arm-none-eabi/13.3.1/../../../../arm-none-eabi/lib/thumb/v7e-m+fp/hard/libg_nano.a(libc_a-memcpy-stub.o)

.debug_rnglists
                0x00000000     0x1146
 .debug_rnglists
                0x00000000       0x1a cmake/stm32cubemx/CMakeFiles/STM32_Drivers.dir/__/__/Core/Src/system_stm32f4xx.c.obj
 .debug_rnglists
                0x0000001a      0x31a cmake/stm32cubemx/CMakeFiles/STM32_Drivers.dir/__/__/Drivers/STM32F4xx_HAL_Driver/Src/stm32f4xx_hal_tim.c.obj
 .debug_rnglists
                0x00000334      0x125 cmake/stm32cubemx/CMakeFiles/STM32_Drivers.dir/__/__/Drivers/STM32F4xx_HAL_Driver/Src/stm32f4xx_hal_tim_ex.c.obj
 .debug_rnglists
                0x00000459      0x1bc cmake/stm32cubemx/CMakeFiles/STM32_Drivers.dir/__/__/Drivers/STM32F4xx_HAL_Driver/Src/stm32f4xx_hal_uart.c.obj
 .debug_rnglists
                0x00000615       0x66 cmake/stm32cubemx/CMakeFiles/STM32_Drivers.dir/__/__/Drivers/STM32F4xx_HAL_Driver/Src/stm32f4xx_hal_rcc.c.obj
 .debug_rnglists
                0x0000067b       0x3f cmake/stm32cubemx/CMakeFiles/STM32_Drivers.dir/__/__/Drivers/STM32F4xx_HAL_Driver/Src/stm32f4xx_hal_gpio.c.obj
 .debug_rnglists
                0x000006ba       0xe0 cmake/stm32cubemx/CMakeFiles/STM32_Drivers.dir/__/__/Drivers/STM32F4xx_HAL_Driver/Src/stm32f4xx_hal_cortex.c.obj
 .debug_rnglists
                0x0000079a       0xaf cmake/stm32cubemx/CMakeFiles/STM32_Drivers.dir/__/__/Drivers/STM32F4xx_HAL_Driver/Src/stm32f4xx_hal.c.obj
 .debug_rnglists
                0x00000849       0x45 CMakeFiles/freertos.dir/Core/Src/main.c.obj
 .debug_rnglists
                0x0000088e       0x37 CMakeFiles/freertos.dir/Core/Src/stm32f4xx_it.c.obj
 .debug_rnglists
                0x000008c5       0x26 CMakeFiles/freertos.dir/Core/Src/stm32f4xx_hal_msp.c.obj
 .debug_rnglists
                0x000008eb       0x20 CMakeFiles/freertos.dir/Core/Src/stm32f4xx_hal_timebase_tim.c.obj
 .debug_rnglists
                0x0000090b       0x19 CMakeFiles/freertos.dir/startup_stm32f401xe.s.obj
 .debug_rnglists
                0x00000924       0x4e CMakeFiles/freertos.dir/FreeRTOS/portable/MemMang/heap_4.c.obj
 .debug_rnglists
                0x00000972       0x19 CMakeFiles/freertos.dir/Systemview/Config/SEGGER_SYSVIEW_Config_FreeRTOS.c.obj
 .debug_rnglists
                0x0000098b       0x36 CMakeFiles/freertos.dir/Systemview/OS/SEGGER_SYSVIEW_FreeRTOS.c.obj
 .debug_rnglists
                0x000009c1      0x268 CMakeFiles/freertos.dir/Systemview/SEGGER/SEGGER_SYSVIEW.c.obj
 .debug_rnglists
                0x00000c29       0xf5 CMakeFiles/freertos.dir/Systemview/SEGGER/SEGGER_RTT.c.obj
 .debug_rnglists
                0x00000d1e       0x5d FreeRTOS/libfreertos_kernel.a(port.c.obj)
 .debug_rnglists
                0x00000d7b      0x1c8 FreeRTOS/libfreertos_kernel.a(tasks.c.obj)
 .debug_rnglists
                0x00000f43       0xba FreeRTOS/libfreertos_kernel.a(timers.c.obj)
 .debug_rnglists
                0x00000ffd       0x2b FreeRTOS/libfreertos_kernel.a(list.c.obj)
 .debug_rnglists
                0x00001028       0xf8 FreeRTOS/libfreertos_kernel.a(queue.c.obj)
 .debug_rnglists
                0x00001120       0x13 /opt/st/stm32cubeclt_1.18.0/GNU-tools-for-STM32/bin/../lib/gcc/arm-none-eabi/13.3.1/../../../../arm-none-eabi/lib/thumb/v7e-m+fp/hard/libg_nano.a(libc_a-memcmp.o)
 .debug_rnglists
                0x00001133       0x13 /opt/st/stm32cubeclt_1.18.0/GNU-tools-for-STM32/bin/../lib/gcc/arm-none-eabi/13.3.1/../../../../arm-none-eabi/lib/thumb/v7e-m+fp/hard/libg_nano.a(libc_a-memcpy-stub.o)

.debug_macro    0x00000000    0x1bc98
 .debug_macro   0x00000000      0x1ce cmake/stm32cubemx/CMakeFiles/STM32_Drivers.dir/__/__/Core/Src/system_stm32f4xx.c.obj
 .debug_macro   0x000001ce      0xad8 cmake/stm32cubemx/CMakeFiles/STM32_Drivers.dir/__/__/Core/Src/system_stm32f4xx.c.obj
 .debug_macro   0x00000ca6       0x2e cmake/stm32cubemx/CMakeFiles/STM32_Drivers.dir/__/__/Core/Src/system_stm32f4xx.c.obj
 .debug_macro   0x00000cd4       0x28 cmake/stm32cubemx/CMakeFiles/STM32_Drivers.dir/__/__/Core/Src/system_stm32f4xx.c.obj
 .debug_macro   0x00000cfc       0x22 cmake/stm32cubemx/CMakeFiles/STM32_Drivers.dir/__/__/Core/Src/system_stm32f4xx.c.obj
 .debug_macro   0x00000d1e       0x8e cmake/stm32cubemx/CMakeFiles/STM32_Drivers.dir/__/__/Core/Src/system_stm32f4xx.c.obj
 .debug_macro   0x00000dac       0x51 cmake/stm32cubemx/CMakeFiles/STM32_Drivers.dir/__/__/Core/Src/system_stm32f4xx.c.obj
 .debug_macro   0x00000dfd      0x103 cmake/stm32cubemx/CMakeFiles/STM32_Drivers.dir/__/__/Core/Src/system_stm32f4xx.c.obj
 .debug_macro   0x00000f00       0x6a cmake/stm32cubemx/CMakeFiles/STM32_Drivers.dir/__/__/Core/Src/system_stm32f4xx.c.obj
 .debug_macro   0x00000f6a      0x1df cmake/stm32cubemx/CMakeFiles/STM32_Drivers.dir/__/__/Core/Src/system_stm32f4xx.c.obj
 .debug_macro   0x00001149       0x1c cmake/stm32cubemx/CMakeFiles/STM32_Drivers.dir/__/__/Core/Src/system_stm32f4xx.c.obj
 .debug_macro   0x00001165       0x22 cmake/stm32cubemx/CMakeFiles/STM32_Drivers.dir/__/__/Core/Src/system_stm32f4xx.c.obj
 .debug_macro   0x00001187       0xfb cmake/stm32cubemx/CMakeFiles/STM32_Drivers.dir/__/__/Core/Src/system_stm32f4xx.c.obj
 .debug_macro   0x00001282     0x1011 cmake/stm32cubemx/CMakeFiles/STM32_Drivers.dir/__/__/Core/Src/system_stm32f4xx.c.obj
 .debug_macro   0x00002293      0x11f cmake/stm32cubemx/CMakeFiles/STM32_Drivers.dir/__/__/Core/Src/system_stm32f4xx.c.obj
 .debug_macro   0x000023b2     0xb881 cmake/stm32cubemx/CMakeFiles/STM32_Drivers.dir/__/__/Core/Src/system_stm32f4xx.c.obj
 .debug_macro   0x0000dc33       0x6d cmake/stm32cubemx/CMakeFiles/STM32_Drivers.dir/__/__/Core/Src/system_stm32f4xx.c.obj
 .debug_macro   0x0000dca0      0x29b cmake/stm32cubemx/CMakeFiles/STM32_Drivers.dir/__/__/Core/Src/system_stm32f4xx.c.obj
 .debug_macro   0x0000df3b     0x3693 cmake/stm32cubemx/CMakeFiles/STM32_Drivers.dir/__/__/Core/Src/system_stm32f4xx.c.obj
 .debug_macro   0x000115ce      0x190 cmake/stm32cubemx/CMakeFiles/STM32_Drivers.dir/__/__/Core/Src/system_stm32f4xx.c.obj
 .debug_macro   0x0001175e       0x5c cmake/stm32cubemx/CMakeFiles/STM32_Drivers.dir/__/__/Core/Src/system_stm32f4xx.c.obj
 .debug_macro   0x000117ba      0x416 cmake/stm32cubemx/CMakeFiles/STM32_Drivers.dir/__/__/Core/Src/system_stm32f4xx.c.obj
 .debug_macro   0x00011bd0      0x9e9 cmake/stm32cubemx/CMakeFiles/STM32_Drivers.dir/__/__/Core/Src/system_stm32f4xx.c.obj
 .debug_macro   0x000125b9      0x115 cmake/stm32cubemx/CMakeFiles/STM32_Drivers.dir/__/__/Core/Src/system_stm32f4xx.c.obj
 .debug_macro   0x000126ce       0xf8 cmake/stm32cubemx/CMakeFiles/STM32_Drivers.dir/__/__/Core/Src/system_stm32f4xx.c.obj
 .debug_macro   0x000127c6       0xa5 cmake/stm32cubemx/CMakeFiles/STM32_Drivers.dir/__/__/Core/Src/system_stm32f4xx.c.obj
 .debug_macro   0x0001286b      0x15f cmake/stm32cubemx/CMakeFiles/STM32_Drivers.dir/__/__/Core/Src/system_stm32f4xx.c.obj
 .debug_macro   0x000129ca      0x287 cmake/stm32cubemx/CMakeFiles/STM32_Drivers.dir/__/__/Core/Src/system_stm32f4xx.c.obj
 .debug_macro   0x00012c51       0x5f cmake/stm32cubemx/CMakeFiles/STM32_Drivers.dir/__/__/Core/Src/system_stm32f4xx.c.obj
 .debug_macro   0x00012cb0      0x236 cmake/stm32cubemx/CMakeFiles/STM32_Drivers.dir/__/__/Core/Src/system_stm32f4xx.c.obj
 .debug_macro   0x00012ee6      0x132 cmake/stm32cubemx/CMakeFiles/STM32_Drivers.dir/__/__/Core/Src/system_stm32f4xx.c.obj
 .debug_macro   0x00013018      0x264 cmake/stm32cubemx/CMakeFiles/STM32_Drivers.dir/__/__/Core/Src/system_stm32f4xx.c.obj
 .debug_macro   0x0001327c       0x2e cmake/stm32cubemx/CMakeFiles/STM32_Drivers.dir/__/__/Core/Src/system_stm32f4xx.c.obj
 .debug_macro   0x000132aa      0x127 cmake/stm32cubemx/CMakeFiles/STM32_Drivers.dir/__/__/Core/Src/system_stm32f4xx.c.obj
 .debug_macro   0x000133d1       0x85 cmake/stm32cubemx/CMakeFiles/STM32_Drivers.dir/__/__/Core/Src/system_stm32f4xx.c.obj
 .debug_macro   0x00013456       0x89 cmake/stm32cubemx/CMakeFiles/STM32_Drivers.dir/__/__/Core/Src/system_stm32f4xx.c.obj
 .debug_macro   0x000134df      0x8ed cmake/stm32cubemx/CMakeFiles/STM32_Drivers.dir/__/__/Core/Src/system_stm32f4xx.c.obj
 .debug_macro   0x00013dcc       0x47 cmake/stm32cubemx/CMakeFiles/STM32_Drivers.dir/__/__/Core/Src/system_stm32f4xx.c.obj
 .debug_macro   0x00013e13      0x2aa cmake/stm32cubemx/CMakeFiles/STM32_Drivers.dir/__/__/Core/Src/system_stm32f4xx.c.obj
 .debug_macro   0x000140bd      0x126 cmake/stm32cubemx/CMakeFiles/STM32_Drivers.dir/__/__/Core/Src/system_stm32f4xx.c.obj
 .debug_macro   0x000141e3      0x1cf cmake/stm32cubemx/CMakeFiles/STM32_Drivers.dir/__/__/Drivers/STM32F4xx_HAL_Driver/Src/stm32f4xx_hal_tim.c.obj
 .debug_macro   0x000143b2      0x1ce cmake/stm32cubemx/CMakeFiles/STM32_Drivers.dir/__/__/Drivers/STM32F4xx_HAL_Driver/Src/stm32f4xx_hal_tim_ex.c.obj
 .debug_macro   0x00014580      0x1cf cmake/stm32cubemx/CMakeFiles/STM32_Drivers.dir/__/__/Drivers/STM32F4xx_HAL_Driver/Src/stm32f4xx_hal_uart.c.obj
 .debug_macro   0x0001474f      0x1f2 cmake/stm32cubemx/CMakeFiles/STM32_Drivers.dir/__/__/Drivers/STM32F4xx_HAL_Driver/Src/stm32f4xx_hal_rcc.c.obj
 .debug_macro   0x00014941      0x1d4 cmake/stm32cubemx/CMakeFiles/STM32_Drivers.dir/__/__/Drivers/STM32F4xx_HAL_Driver/Src/stm32f4xx_hal_gpio.c.obj
 .debug_macro   0x00014b15      0x1ce cmake/stm32cubemx/CMakeFiles/STM32_Drivers.dir/__/__/Drivers/STM32F4xx_HAL_Driver/Src/stm32f4xx_hal_cortex.c.obj
 .debug_macro   0x00014ce3      0x22e cmake/stm32cubemx/CMakeFiles/STM32_Drivers.dir/__/__/Drivers/STM32F4xx_HAL_Driver/Src/stm32f4xx_hal.c.obj
 .debug_macro   0x00014f11      0x389 CMakeFiles/freertos.dir/Core/Src/main.c.obj
 .debug_macro   0x0001529a      0xade CMakeFiles/freertos.dir/Core/Src/main.c.obj
 .debug_macro   0x00015d78       0x58 CMakeFiles/freertos.dir/Core/Src/main.c.obj
 .debug_macro   0x00015dd0       0x16 CMakeFiles/freertos.dir/Core/Src/main.c.obj
 .debug_macro   0x00015de6      0x12d CMakeFiles/freertos.dir/Core/Src/main.c.obj
 .debug_macro   0x00015f13       0x58 CMakeFiles/freertos.dir/Core/Src/main.c.obj
 .debug_macro   0x00015f6b       0x46 CMakeFiles/freertos.dir/Core/Src/main.c.obj
 .debug_macro   0x00015fb1       0x64 CMakeFiles/freertos.dir/Core/Src/main.c.obj
 .debug_macro   0x00016015       0x49 CMakeFiles/freertos.dir/Core/Src/main.c.obj
 .debug_macro   0x0001605e       0xd1 CMakeFiles/freertos.dir/Core/Src/main.c.obj
 .debug_macro   0x0001612f      0x234 CMakeFiles/freertos.dir/Core/Src/main.c.obj
 .debug_macro   0x00016363      0xf65 CMakeFiles/freertos.dir/Core/Src/main.c.obj
 .debug_macro   0x000172c8       0x1c CMakeFiles/freertos.dir/Core/Src/main.c.obj
 .debug_macro   0x000172e4      0x182 CMakeFiles/freertos.dir/Core/Src/main.c.obj
 .debug_macro   0x00017466       0xee CMakeFiles/freertos.dir/Core/Src/main.c.obj
 .debug_macro   0x00017554       0x28 CMakeFiles/freertos.dir/Core/Src/main.c.obj
 .debug_macro   0x0001757c       0x1f CMakeFiles/freertos.dir/Core/Src/main.c.obj
 .debug_macro   0x0001759b       0x12 CMakeFiles/freertos.dir/Core/Src/main.c.obj
 .debug_macro   0x000175ad      0xba1 CMakeFiles/freertos.dir/Core/Src/main.c.obj
 .debug_macro   0x0001814e       0xc3 CMakeFiles/freertos.dir/Core/Src/main.c.obj
 .debug_macro   0x00018211      0x14f CMakeFiles/freertos.dir/Core/Src/main.c.obj
 .debug_macro   0x00018360       0x98 CMakeFiles/freertos.dir/Core/Src/main.c.obj
 .debug_macro   0x000183f8       0x74 CMakeFiles/freertos.dir/Core/Src/main.c.obj
 .debug_macro   0x0001846c       0x2a CMakeFiles/freertos.dir/Core/Src/main.c.obj
 .debug_macro   0x00018496       0x3c CMakeFiles/freertos.dir/Core/Src/main.c.obj
 .debug_macro   0x000184d2       0x34 CMakeFiles/freertos.dir/Core/Src/main.c.obj
 .debug_macro   0x00018506       0x16 CMakeFiles/freertos.dir/Core/Src/main.c.obj
 .debug_macro   0x0001851c       0x3c CMakeFiles/freertos.dir/Core/Src/main.c.obj
 .debug_macro   0x00018558      0x370 CMakeFiles/freertos.dir/Core/Src/main.c.obj
 .debug_macro   0x000188c8       0x16 CMakeFiles/freertos.dir/Core/Src/main.c.obj
 .debug_macro   0x000188de       0x4a CMakeFiles/freertos.dir/Core/Src/main.c.obj
 .debug_macro   0x00018928       0x34 CMakeFiles/freertos.dir/Core/Src/main.c.obj
 .debug_macro   0x0001895c       0x10 CMakeFiles/freertos.dir/Core/Src/main.c.obj
 .debug_macro   0x0001896c       0x58 CMakeFiles/freertos.dir/Core/Src/main.c.obj
 .debug_macro   0x000189c4      0x1e5 CMakeFiles/freertos.dir/Core/Src/main.c.obj
 .debug_macro   0x00018ba9       0x16 CMakeFiles/freertos.dir/Core/Src/main.c.obj
 .debug_macro   0x00018bbf       0x16 CMakeFiles/freertos.dir/Core/Src/main.c.obj
 .debug_macro   0x00018bd5      0x170 CMakeFiles/freertos.dir/Core/Src/main.c.obj
 .debug_macro   0x00018d45      0x1e7 CMakeFiles/freertos.dir/Core/Src/stm32f4xx_it.c.obj
 .debug_macro   0x00018f2c      0x29e CMakeFiles/freertos.dir/Core/Src/stm32f4xx_hal_msp.c.obj
 .debug_macro   0x000191ca      0x1ce CMakeFiles/freertos.dir/Core/Src/stm32f4xx_hal_timebase_tim.c.obj
 .debug_macro   0x00019398      0x28a CMakeFiles/freertos.dir/FreeRTOS/portable/MemMang/heap_4.c.obj
 .debug_macro   0x00019622      0x11c CMakeFiles/freertos.dir/FreeRTOS/portable/MemMang/heap_4.c.obj
 .debug_macro   0x0001973e       0x9b CMakeFiles/freertos.dir/FreeRTOS/portable/MemMang/heap_4.c.obj
 .debug_macro   0x000197d9       0x16 CMakeFiles/freertos.dir/FreeRTOS/portable/MemMang/heap_4.c.obj
 .debug_macro   0x000197ef       0x20 CMakeFiles/freertos.dir/FreeRTOS/portable/MemMang/heap_4.c.obj
 .debug_macro   0x0001980f      0x12d CMakeFiles/freertos.dir/FreeRTOS/portable/MemMang/heap_4.c.obj
 .debug_macro   0x0001993c      0x147 CMakeFiles/freertos.dir/Systemview/Config/SEGGER_SYSVIEW_Config_FreeRTOS.c.obj
 .debug_macro   0x00019a83      0x204 CMakeFiles/freertos.dir/Systemview/OS/SEGGER_SYSVIEW_FreeRTOS.c.obj
 .debug_macro   0x00019c87       0x10 CMakeFiles/freertos.dir/Systemview/OS/SEGGER_SYSVIEW_FreeRTOS.c.obj
 .debug_macro   0x00019c97      0x243 CMakeFiles/freertos.dir/Systemview/SEGGER/SEGGER_SYSVIEW.c.obj
 .debug_macro   0x00019eda      0x234 CMakeFiles/freertos.dir/Systemview/SEGGER/SEGGER_SYSVIEW.c.obj
 .debug_macro   0x0001a10e       0x3b CMakeFiles/freertos.dir/Systemview/SEGGER/SEGGER_SYSVIEW.c.obj
 .debug_macro   0x0001a149      0x138 CMakeFiles/freertos.dir/Systemview/SEGGER/SEGGER_SYSVIEW.c.obj
 .debug_macro   0x0001a281      0x1d9 CMakeFiles/freertos.dir/Systemview/SEGGER/SEGGER_RTT.c.obj
 .debug_macro   0x0001a45a       0x35 CMakeFiles/freertos.dir/Systemview/SEGGER/SEGGER_RTT.c.obj
 .debug_macro   0x0001a48f      0x231 FreeRTOS/libfreertos_kernel.a(port.c.obj)
 .debug_macro   0x0001a6c0      0xacc FreeRTOS/libfreertos_kernel.a(port.c.obj)
 .debug_macro   0x0001b18c      0x312 FreeRTOS/libfreertos_kernel.a(tasks.c.obj)
 .debug_macro   0x0001b49e       0x17 FreeRTOS/libfreertos_kernel.a(tasks.c.obj)
 .debug_macro   0x0001b4b5      0x244 FreeRTOS/libfreertos_kernel.a(timers.c.obj)
 .debug_macro   0x0001b6f9       0x80 FreeRTOS/libfreertos_kernel.a(timers.c.obj)
 .debug_macro   0x0001b779       0x9e FreeRTOS/libfreertos_kernel.a(timers.c.obj)
 .debug_macro   0x0001b817      0x1f5 FreeRTOS/libfreertos_kernel.a(list.c.obj)
 .debug_macro   0x0001ba0c      0x28c FreeRTOS/libfreertos_kernel.a(queue.c.obj)

.debug_line     0x00000000    0x15461
 .debug_line    0x00000000      0x64d cmake/stm32cubemx/CMakeFiles/STM32_Drivers.dir/__/__/Core/Src/system_stm32f4xx.c.obj
 .debug_line    0x0000064d     0x3408 cmake/stm32cubemx/CMakeFiles/STM32_Drivers.dir/__/__/Drivers/STM32F4xx_HAL_Driver/Src/stm32f4xx_hal_tim.c.obj
 .debug_line    0x00003a55     0x17c4 cmake/stm32cubemx/CMakeFiles/STM32_Drivers.dir/__/__/Drivers/STM32F4xx_HAL_Driver/Src/stm32f4xx_hal_tim_ex.c.obj
 .debug_line    0x00005219     0x2411 cmake/stm32cubemx/CMakeFiles/STM32_Drivers.dir/__/__/Drivers/STM32F4xx_HAL_Driver/Src/stm32f4xx_hal_uart.c.obj
 .debug_line    0x0000762a      0xcd8 cmake/stm32cubemx/CMakeFiles/STM32_Drivers.dir/__/__/Drivers/STM32F4xx_HAL_Driver/Src/stm32f4xx_hal_rcc.c.obj
 .debug_line    0x00008302      0x9e5 cmake/stm32cubemx/CMakeFiles/STM32_Drivers.dir/__/__/Drivers/STM32F4xx_HAL_Driver/Src/stm32f4xx_hal_gpio.c.obj
 .debug_line    0x00008ce7      0xb99 cmake/stm32cubemx/CMakeFiles/STM32_Drivers.dir/__/__/Drivers/STM32F4xx_HAL_Driver/Src/stm32f4xx_hal_cortex.c.obj
 .debug_line    0x00009880      0x8c9 cmake/stm32cubemx/CMakeFiles/STM32_Drivers.dir/__/__/Drivers/STM32F4xx_HAL_Driver/Src/stm32f4xx_hal.c.obj
 .debug_line    0x0000a149      0xa11 CMakeFiles/freertos.dir/Core/Src/main.c.obj
 .debug_line    0x0000ab5a      0x660 CMakeFiles/freertos.dir/Core/Src/stm32f4xx_it.c.obj
 .debug_line    0x0000b1ba      0x882 CMakeFiles/freertos.dir/Core/Src/stm32f4xx_hal_msp.c.obj
 .debug_line    0x0000ba3c      0x655 CMakeFiles/freertos.dir/Core/Src/stm32f4xx_hal_timebase_tim.c.obj
 .debug_line    0x0000c091       0x7a CMakeFiles/freertos.dir/startup_stm32f401xe.s.obj
 .debug_line    0x0000c10b      0x98f CMakeFiles/freertos.dir/FreeRTOS/portable/MemMang/heap_4.c.obj
 .debug_line    0x0000ca9a      0x46d CMakeFiles/freertos.dir/Systemview/Config/SEGGER_SYSVIEW_Config_FreeRTOS.c.obj
 .debug_line    0x0000cf07      0x690 CMakeFiles/freertos.dir/Systemview/OS/SEGGER_SYSVIEW_FreeRTOS.c.obj
 .debug_line    0x0000d597     0x2038 CMakeFiles/freertos.dir/Systemview/SEGGER/SEGGER_SYSVIEW.c.obj
 .debug_line    0x0000f5cf      0xc7d CMakeFiles/freertos.dir/Systemview/SEGGER/SEGGER_RTT.c.obj
 .debug_line    0x0001024c       0x86 CMakeFiles/freertos.dir/Systemview/SEGGER/SEGGER_RTT_ASM_ARMv7M.S.obj
 .debug_line    0x000102d2      0x7a6 FreeRTOS/libfreertos_kernel.a(port.c.obj)
 .debug_line    0x00010a78     0x1f12 FreeRTOS/libfreertos_kernel.a(tasks.c.obj)
 .debug_line    0x0001298a      0xbfc FreeRTOS/libfreertos_kernel.a(timers.c.obj)
 .debug_line    0x00013586      0x615 FreeRTOS/libfreertos_kernel.a(list.c.obj)