Archive member included to satisfy reference by file (symbol)

/opt/st/stm32cubeclt_1.18.0/GNU-tools-for-STM32/bin/../lib/gcc/arm-none-eabi/13.3.1/../../../../arm-none-eabi/lib/thumb/v7e-m+fp/hard/libc_nano.a(libc_a-exit.o)
                              /opt/st/stm32cubeclt_1.18.0/GNU-tools-for-STM32/bin/../lib/gcc/arm-none-eabi/13.3.1/../../../../arm-none-eabi/lib/thumb/v7e-m+fp/hard/crt0.o (exit)
/opt/st/stm32cubeclt_1.18.0/GNU-tools-for-STM32/bin/../lib/gcc/arm-none-eabi/13.3.1/../../../../arm-none-eabi/lib/thumb/v7e-m+fp/hard/libc_nano.a(libc_a-findfp.o)
                              /opt/st/stm32cubeclt_1.18.0/GNU-tools-for-STM32/bin/../lib/gcc/arm-none-eabi/13.3.1/../../../../arm-none-eabi/lib/thumb/v7e-m+fp/hard/libc_nano.a(libc_a-exit.o) (__stdio_exit_handler)
/opt/st/stm32cubeclt_1.18.0/GNU-tools-for-STM32/bin/../lib/gcc/arm-none-eabi/13.3.1/../../../../arm-none-eabi/lib/thumb/v7e-m+fp/hard/libc_nano.a(libc_a-fwalk.o)
                              /opt/st/stm32cubeclt_1.18.0/GNU-tools-for-STM32/bin/../lib/gcc/arm-none-eabi/13.3.1/../../../../arm-none-eabi/lib/thumb/v7e-m+fp/hard/libc_nano.a(libc_a-findfp.o) (_fwalk_sglue)
/opt/st/stm32cubeclt_1.18.0/GNU-tools-for-STM32/bin/../lib/gcc/arm-none-eabi/13.3.1/../../../../arm-none-eabi/lib/thumb/v7e-m+fp/hard/libc_nano.a(libc_a-stdio.o)
                              /opt/st/stm32cubeclt_1.18.0/GNU-tools-for-STM32/bin/../lib/gcc/arm-none-eabi/13.3.1/../../../../arm-none-eabi/lib/thumb/v7e-m+fp/hard/libc_nano.a(libc_a-findfp.o) (__sread)
/opt/st/stm32cubeclt_1.18.0/GNU-tools-for-STM32/bin/../lib/gcc/arm-none-eabi/13.3.1/../../../../arm-none-eabi/lib/thumb/v7e-m+fp/hard/libc_nano.a(libc_a-memset.o)
                              /opt/st/stm32cubeclt_1.18.0/GNU-tools-for-STM32/bin/../lib/gcc/arm-none-eabi/13.3.1/../../../../arm-none-eabi/lib/thumb/v7e-m+fp/hard/crt0.o (memset)
/opt/st/stm32cubeclt_1.18.0/GNU-tools-for-STM32/bin/../lib/gcc/arm-none-eabi/13.3.1/../../../../arm-none-eabi/lib/thumb/v7e-m+fp/hard/libc_nano.a(libc_a-closer.o)
                              /opt/st/stm32cubeclt_1.18.0/GNU-tools-for-STM32/bin/../lib/gcc/arm-none-eabi/13.3.1/../../../../arm-none-eabi/lib/thumb/v7e-m+fp/hard/libc_nano.a(libc_a-stdio.o) (_close_r)
/opt/st/stm32cubeclt_1.18.0/GNU-tools-for-STM32/bin/../lib/gcc/arm-none-eabi/13.3.1/../../../../arm-none-eabi/lib/thumb/v7e-m+fp/hard/libc_nano.a(libc_a-reent.o)
                              /opt/st/stm32cubeclt_1.18.0/GNU-tools-for-STM32/bin/../lib/gcc/arm-none-eabi/13.3.1/../../../../arm-none-eabi/lib/thumb/v7e-m+fp/hard/libc_nano.a(libc_a-closer.o) (errno)
/opt/st/stm32cubeclt_1.18.0/GNU-tools-for-STM32/bin/../lib/gcc/arm-none-eabi/13.3.1/../../../../arm-none-eabi/lib/thumb/v7e-m+fp/hard/libc_nano.a(libc_a-impure.o)
                              /opt/st/stm32cubeclt_1.18.0/GNU-tools-for-STM32/bin/../lib/gcc/arm-none-eabi/13.3.1/../../../../arm-none-eabi/lib/thumb/v7e-m+fp/hard/libc_nano.a(libc_a-reent.o) (_impure_ptr)
/opt/st/stm32cubeclt_1.18.0/GNU-tools-for-STM32/bin/../lib/gcc/arm-none-eabi/13.3.1/../../../../arm-none-eabi/lib/thumb/v7e-m+fp/hard/libc_nano.a(libc_a-lseekr.o)
                              /opt/st/stm32cubeclt_1.18.0/GNU-tools-for-STM32/bin/../lib/gcc/arm-none-eabi/13.3.1/../../../../arm-none-eabi/lib/thumb/v7e-m+fp/hard/libc_nano.a(libc_a-stdio.o) (_lseek_r)
/opt/st/stm32cubeclt_1.18.0/GNU-tools-for-STM32/bin/../lib/gcc/arm-none-eabi/13.3.1/../../../../arm-none-eabi/lib/thumb/v7e-m+fp/hard/libc_nano.a(libc_a-readr.o)
                              /opt/st/stm32cubeclt_1.18.0/GNU-tools-for-STM32/bin/../lib/gcc/arm-none-eabi/13.3.1/../../../../arm-none-eabi/lib/thumb/v7e-m+fp/hard/libc_nano.a(libc_a-stdio.o) (_read_r)
/opt/st/stm32cubeclt_1.18.0/GNU-tools-for-STM32/bin/../lib/gcc/arm-none-eabi/13.3.1/../../../../arm-none-eabi/lib/thumb/v7e-m+fp/hard/libc_nano.a(libc_a-writer.o)
                              /opt/st/stm32cubeclt_1.18.0/GNU-tools-for-STM32/bin/../lib/gcc/arm-none-eabi/13.3.1/../../../../arm-none-eabi/lib/thumb/v7e-m+fp/hard/libc_nano.a(libc_a-stdio.o) (_write_r)
/opt/st/stm32cubeclt_1.18.0/GNU-tools-for-STM32/bin/../lib/gcc/arm-none-eabi/13.3.1/../../../../arm-none-eabi/lib/thumb/v7e-m+fp/hard/libc_nano.a(libc_a-init.o)
                              /opt/st/stm32cubeclt_1.18.0/GNU-tools-for-STM32/bin/../lib/gcc/arm-none-eabi/13.3.1/../../../../arm-none-eabi/lib/thumb/v7e-m+fp/hard/crt0.o (__libc_init_array)
/opt/st/stm32cubeclt_1.18.0/GNU-tools-for-STM32/bin/../lib/gcc/arm-none-eabi/13.3.1/../../../../arm-none-eabi/lib/thumb/v7e-m+fp/hard/libc_nano.a(libc_a-lock.o)
                              /opt/st/stm32cubeclt_1.18.0/GNU-tools-for-STM32/bin/../lib/gcc/arm-none-eabi/13.3.1/../../../../arm-none-eabi/lib/thumb/v7e-m+fp/hard/libc_nano.a(libc_a-findfp.o) (__retarget_lock_init_recursive)
/opt/st/stm32cubeclt_1.18.0/GNU-tools-for-STM32/bin/../lib/gcc/arm-none-eabi/13.3.1/../../../../arm-none-eabi/lib/thumb/v7e-m+fp/hard/libc_nano.a(libc_a-freer.o)
[...]
Memory Configuration

Name             Origin             Length             Attributes
RAM              0x20000000         0x00018000         xrw
FLASH            0x08000000         0x00080000         xr
*default*        0x00000000         0xffffffff

Linker script and memory map

LOAD /opt/st/stm32cubeclt_1.18.0/GNU-tools-for-STM32/bin/../lib/gcc/arm-none-eabi/13.3.1/thumb/v7e-m+fp/hard/crti.o
LOAD /opt/st/stm32cubeclt_1.18.0/GNU-tools-for-STM32/bin/../lib/gcc/arm-none-eabi/13.3.1/thumb/v7e-m+fp/hard/crtbegin.o
LOAD /opt/st/stm32cubeclt_1.18.0/GNU-tools-for-STM32/bin/../lib/gcc/arm-none-eabi/13.3.1/../../../../arm-none-eabi/lib/thumb/v7e-m+fp/hard/crt0.o
START GROUP
LOAD /opt/st/stm32cubeclt_1.18.0/GNU-tools-for-STM32/bin/../lib/gcc/arm-none-eabi/13.3.1/../../../../arm-none-eabi/lib/thumb/v7e-m+fp/hard/libc_nano.a
LOAD /opt/st/stm32cubeclt_1.18.0/GNU-tools-for-STM32/bin/../lib/gcc/arm-none-eabi/13.3.1/../../../../arm-none-eabi/lib/thumb/v7e-m+fp/hard/libm.a
END GROUP
LOAD cmake/stm32cubemx/CMakeFiles/STM32_Drivers.dir/__/__/Core/Src/system_stm32f4xx.c.obj
LOAD cmake/stm32cubemx/CMakeFiles/STM32_Drivers.dir/__/__/Drivers/STM32F4xx_HAL_Driver/Src/stm32f4xx_hal_tim.c.obj
LOAD cmake/stm32cubemx/CMakeFiles/STM32_Drivers.dir/__/__/Drivers/STM32F4xx_HAL_Driver/Src/stm32f4xx_hal_tim_ex.c.obj
LOAD cmake/stm32cubemx/CMakeFiles/STM32_Drivers.dir/__/__/Drivers/STM32F4xx_HAL_Driver/Src/stm32f4xx_hal_rcc.c.obj
LOAD cmake/stm32cubemx/CMakeFiles/STM32_Drivers.dir/__/__/Drivers/STM32F4xx_HAL_Driver/Src/stm32f4xx_hal_rcc_ex.c.obj
LOAD cmake/stm32cubemx/CMakeFiles/STM32_Drivers.dir/__/__/Drivers/STM32F4xx_HAL_Driver/Src/stm32f4xx_hal_flash.c.obj
LOAD cmake/stm32cubemx/CMakeFiles/STM32_Drivers.dir/__/__/Drivers/STM32F4xx_HAL_Driver/Src/stm32f4xx_hal_flash_ex.c.obj
LOAD cmake/stm32cubemx/CMakeFiles/STM32_Drivers.dir/__/__/Drivers/STM32F4xx_HAL_Driver/Src/stm32f4xx_hal_flash_ramfunc.c.obj
LOAD cmake/stm32cubemx/CMakeFiles/STM32_Drivers.dir/__/__/Drivers/STM32F4xx_HAL_Driver/Src/stm32f4xx_hal_gpio.c.obj
LOAD cmake/stm32cubemx/CMakeFiles/STM32_Drivers.dir/__/__/Drivers/STM32F4xx_HAL_Driver/Src/stm32f4xx_hal_dma_ex.c.obj
LOAD cmake/stm32cubemx/CMakeFiles/STM32_Drivers.dir/__/__/Drivers/STM32F4xx_HAL_Driver/Src/stm32f4xx_hal_dma.c.obj
LOAD cmake/stm32cubemx/CMakeFiles/STM32_Drivers.dir/__/__/Drivers/STM32F4xx_HAL_Driver/Src/stm32f4xx_hal_pwr.c.obj
LOAD cmake/stm32cubemx/CMakeFiles/STM32_Drivers.dir/__/__/Drivers/STM32F4xx_HAL_Driver/Src/stm32f4xx_hal_pwr_ex.c.obj
LOAD cmake/stm32cubemx/CMakeFiles/STM32_Drivers.dir/__/__/Drivers/STM32F4xx_HAL_Driver/Src/stm32f4xx_hal_cortex.c.obj
LOAD cmake/stm32cubemx/CMakeFiles/STM32_Drivers.dir/__/__/Drivers/STM32F4xx_HAL_Driver/Src/stm32f4xx_hal.c.obj
LOAD cmake/stm32cubemx/CMakeFiles/STM32_Drivers.dir/__/__/Drivers/STM32F4xx_HAL_Driver/Src/stm32f4xx_hal_exti.c.obj
LOAD CMakeFiles/freertos_sysview.dir/Core/Src/main.c.obj
LOAD CMakeFiles/freertos_sysview.dir/Core/Src/stm32f4xx_it.c.obj
LOAD CMakeFiles/freertos_sysview.dir/Core/Src/stm32f4xx_hal_msp.c.obj
LOAD CMakeFiles/freertos_sysview.dir/Core/Src/stm32f4xx_hal_timebase_tim.c.obj
LOAD CMakeFiles/freertos_sysview.dir/Core/Src/sysmem.c.obj
LOAD CMakeFiles/freertos_sysview.dir/Core/Src/syscalls.c.obj
LOAD CMakeFiles/freertos_sysview.dir/startup_stm32f401xe.s.obj
LOAD CMakeFiles/freertos_sysview.dir/FreeRTOS/portable/MemMang/heap_4.c.obj
LOAD CMakeFiles/freertos_sysview.dir/Systemview/Config/SEGGER_SYSVIEW_Config_FreeRTOS.c.obj
LOAD CMakeFiles/freertos_sysview.dir/Systemview/OS/SEGGER_SYSVIEW_FreeRTOS.c.obj
LOAD CMakeFiles/freertos_sysview.dir/Systemview/SEGGER/SEGGER_SYSVIEW.c.obj
LOAD CMakeFiles/freertos_sysview.dir/Systemview/SEGGER/SEGGER_RTT.c.obj
LOAD CMakeFiles/freertos_sysview.dir/Systemview/SEGGER/SEGGER_RTT_printf.c.obj
LOAD CMakeFiles/freertos_sysview.dir/Systemview/SEGGER/Syscalls/SEGGER_RTT_Syscalls_GCC.c.obj
LOAD CMakeFiles/freertos_sysview.dir/Systemview/UART_Recorder/segger_uart.c.obj
LOAD CMakeFiles/freertos_sysview.dir/Systemview/SEGGER/SEGGER_RTT_ASM_ARMv7M.S.obj
LOAD FreeRTOS/libfreertos_kernel.a
START GROUP
LOAD /opt/st/stm32cubeclt_1.18.0/GNU-tools-for-STM32/bin/../lib/gcc/arm-none-eabi/13.3.1/thumb/v7e-m+fp/hard/libgcc.a
LOAD /opt/st/stm32cubeclt_1.18.0/GNU-tools-for-STM32/bin/../lib/gcc/arm-none-eabi/13.3.1/../../../../arm-none-eabi/lib/thumb/v7e-m+fp/hard/libg_nano.a
LOAD /opt/st/stm32cubeclt_1.18.0/GNU-tools-for-STM32/bin/../lib/gcc/arm-none-eabi/13.3.1/../../../../arm-none-eabi/lib/thumb/v7e-m+fp/hard/libc_nano.a
END GROUP
START GROUP
LOAD /opt/st/stm32cubeclt_1.18.0/GNU-tools-for-STM32/bin/../lib/gcc/arm-none-eabi/13.3.1/thumb/v7e-m+fp/hard/libgcc.a
LOAD /opt/st/stm32cubeclt_1.18.0/GNU-tools-for-STM32/bin/../lib/gcc/arm-none-eabi/13.3.1/../../../../arm-none-eabi/lib/thumb/v7e-m+fp/hard/libc_nano.a
END GROUP
LOAD /opt/st/stm32cubeclt_1.18.0/GNU-tools-for-STM32/bin/../lib/gcc/arm-none-eabi/13.3.1/thumb/v7e-m+fp/hard/crtend.o
LOAD /opt/st/stm32cubeclt_1.18.0/GNU-tools-for-STM32/bin/../lib/gcc/arm-none-eabi/13.3.1/thumb/v7e-m+fp/hard/crtn.o
                0x20018000                        _estack = (ORIGIN (RAM) + LENGTH (RAM))
                0x00000200                        _Min_Heap_Size = 0x200
                0x00000400                        _Min_Stack_Size = 0x400

.isr_vector     0x08000000      0x194
                0x08000000                        . = ALIGN (0x4)
 *(.isr_vector)
 .isr_vector    0x08000000      0x194 CMakeFiles/freertos_sysview.dir/startup_stm32f401xe.s.obj
                0x08000000                g_pfnVectors
                0x08000194                        . = ALIGN (0x4)

.text           0x080001a0     0x6d34
                0x080001a0                        . = ALIGN (0x4)
 *(.text)
 .text          0x080001a0       0x40 /opt/st/stm32cubeclt_1.18.0/GNU-tools-for-STM32/bin/../lib/gcc/arm-none-eabi/13.3.1/thumb/v7e-m+fp/hard/crtbegin.o
 .text          0x080001e0       0x94 CMakeFiles/freertos_sysview.dir/Systemview/SEGGER/SEGGER_RTT_ASM_ARMv7M.S.obj
                0x080001e0                SEGGER_RTT_ASM_WriteSkipNoLock
 .text          0x08000274       0x30 /opt/st/stm32cubeclt_1.18.0/GNU-tools-for-STM32/bin/../lib/gcc/arm-none-eabi/13.3.1/thumb/v7e-m+fp/hard/libgcc.a(_aeabi_uldivmod.o)
                0x08000274                __aeabi_uldivmod
 .text          0x080002a4      0x2f8 /opt/st/stm32cubeclt_1.18.0/GNU-tools-for-STM32/bin/../lib/gcc/arm-none-eabi/13.3.1/thumb/v7e-m+fp/hard/libgcc.a(_udivmoddi4.o)
                0x080002a4                __udivmoddi4
 .text          0x0800059c        0x4 /opt/st/stm32cubeclt_1.18.0/GNU-tools-for-STM32/bin/../lib/gcc/arm-none-eabi/13.3.1/thumb/v7e-m+fp/hard/libgcc.a(_dvmd_tls.o)
                0x0800059c                __aeabi_ldiv0
                0x0800059c                __aeabi_idiv0
 *(.text*)
 .text.memset   0x080005a0       0x10 /opt/st/stm32cubeclt_1.18.0/GNU-tools-for-STM32/bin/../lib/gcc/arm-none-eabi/13.3.1/../../../../arm-none-eabi/lib/thumb/v7e-m+fp/hard/libc_nano.a(libc_a-memset.o)
                0x080005a0                memset
 .text.__libc_init_array
                0x080005b0       0x48 /opt/st/stm32cubeclt_1.18.0/GNU-tools-for-STM32/bin/../lib/gcc/arm-none-eabi/13.3.1/../../../../arm-none-eabi/lib/thumb/v7e-m+fp/hard/libc_nano.a(libc_a-init.o)
                0x080005b0                __libc_init_array
 .text.SystemInit
                0x080005f8       0x24 cmake/stm32cubemx/CMakeFiles/STM32_Drivers.dir/__/__/Core/Src/system_stm32f4xx.c.obj
                0x080005f8                SystemInit
 .text.HAL_TIM_Base_Init
                0x0800061c       0x9e cmake/stm32cubemx/CMakeFiles/STM32_Drivers.dir/__/__/Drivers/STM32F4xx_HAL_Driver/Src/stm32f4xx_hal_tim.c.obj
                0x0800061c                HAL_TIM_Base_Init
 .text.HAL_TIM_Base_MspInit
                0x080006ba       0x14 cmake/stm32cubemx/CMakeFiles/STM32_Drivers.dir/__/__/Drivers/STM32F4xx_HAL_Driver/Src/stm32f4xx_hal_tim.c.obj
                0x080006ba                HAL_TIM_Base_MspInit
 *fill*         0x080006ce        0x2 
 .text.HAL_TIM_Base_Start_IT
                0x080006d0       0xc4 cmake/stm32cubemx/CMakeFiles/STM32_Drivers.dir/__/__/Drivers/STM32F4xx_HAL_Driver/Src/stm32f4xx_hal_tim.c.obj
                0x080006d0                HAL_TIM_Base_Start_IT
 .text.HAL_TIM_IRQHandler
                0x08000794      0x1e0 cmake/stm32cubemx/CMakeFiles/STM32_Drivers.dir/__/__/Drivers/STM32F4xx_HAL_Driver/Src/stm32f4xx_hal_tim.c.obj
                0x08000794                HAL_TIM_IRQHandler
 .text.HAL_TIM_OC_DelayElapsedCallback
                0x08000974       0x14 cmake/stm32cubemx/CMakeFiles/STM32_Drivers.dir/__/__/Drivers/STM32F4xx_HAL_Driver/Src/stm32f4xx_hal_tim.c.obj
                0x08000974                HAL_TIM_OC_DelayElapsedCallback
 .text.HAL_TIM_IC_CaptureCallback
                0x08000988       0x14 cmake/stm32cubemx/CMakeFiles/STM32_Drivers.dir/__/__/Drivers/STM32F4xx_HAL_Driver/Src/stm32f4xx_hal_tim.c.obj
                0x08000988                HAL_TIM_IC_CaptureCallback
 .text.HAL_TIM_PWM_PulseFinishedCallback
                0x0800099c       0x14 cmake/stm32cubemx/CMakeFiles/STM32_Drivers.dir/__/__/Drivers/STM32F4xx_HAL_Driver/Src/stm32f4xx_hal_tim.c.obj
                0x0800099c                HAL_TIM_PWM_PulseFinishedCallback
 .text.HAL_TIM_TriggerCallback
                0x080009b0       0x14 cmake/stm32cubemx/CMakeFiles/STM32_Drivers.dir/__/__/Drivers/STM32F4xx_HAL_Driver/Src/stm32f4xx_hal_tim.c.obj
                0x080009b0                HAL_TIM_TriggerCallback
 .text.TIM_Base_SetConfig
                0x080009c4      0x10c cmake/stm32cubemx/CMakeFiles/STM32_Drivers.dir/__/__/Drivers/STM32F4xx_HAL_Driver/Src/stm32f4xx_hal_tim.c.obj
                0x080009c4                TIM_Base_SetConfig
 .text.HAL_TIMEx_CommutCallback
                0x08000ad0       0x14 cmake/stm32cubemx/CMakeFiles/STM32_Drivers.dir/__/__/Drivers/STM32F4xx_HAL_Driver/Src/stm32f4xx_hal_tim_ex.c.obj
                0x08000ad0                HAL_TIMEx_CommutCallback
 .text.HAL_TIMEx_BreakCallback
                0x08000ae4       0x14 cmake/stm32cubemx/CMakeFiles/STM32_Drivers.dir/__/__/Drivers/STM32F4xx_HAL_Driver/Src/stm32f4xx_hal_tim_ex.c.obj
                0x08000ae4                HAL_TIMEx_BreakCallback
 .text.HAL_RCC_OscConfig
                0x08000af8      0x4f0 cmake/stm32cubemx/CMakeFiles/STM32_Drivers.dir/__/__/Drivers/STM32F4xx_HAL_Driver/Src/stm32f4xx_hal_rcc.c.obj
                0x08000af8                HAL_RCC_OscConfig
 .text.HAL_RCC_ClockConfig
                0x08000fe8      0x1cc cmake/stm32cubemx/CMakeFiles/STM32_Drivers.dir/__/__/Drivers/STM32F4xx_HAL_Driver/Src/stm32f4xx_hal_rcc.c.obj
                0x08000fe8                HAL_RCC_ClockConfig
 .text.HAL_RCC_GetSysClockFreq
                0x080011b4      0x20c cmake/stm32cubemx/CMakeFiles/STM32_Drivers.dir/__/__/Drivers/STM32F4xx_HAL_Driver/Src/stm32f4xx_hal_rcc.c.obj
                0x080011b4                HAL_RCC_GetSysClockFreq
 .text.HAL_RCC_GetHCLKFreq
                0x080013c0       0x18 cmake/stm32cubemx/CMakeFiles/STM32_Drivers.dir/__/__/Drivers/STM32F4xx_HAL_Driver/Src/stm32f4xx_hal_rcc.c.obj
                0x080013c0                HAL_RCC_GetHCLKFreq
 .text.HAL_RCC_GetPCLK1Freq
                0x080013d8       0x28 cmake/stm32cubemx/CMakeFiles/STM32_Drivers.dir/__/__/Drivers/STM32F4xx_HAL_Driver/Src/stm32f4xx_hal_rcc.c.obj
                0x080013d8                HAL_RCC_GetPCLK1Freq
 .text.HAL_RCC_GetClockConfig
                0x08001400       0x64 cmake/stm32cubemx/CMakeFiles/STM32_Drivers.dir/__/__/Drivers/STM32F4xx_HAL_Driver/Src/stm32f4xx_hal_rcc.c.obj
                0x08001400                HAL_RCC_GetClockConfig
 .text.HAL_GPIO_Init
                0x08001464      0x308 cmake/stm32cubemx/CMakeFiles/STM32_Drivers.dir/__/__/Drivers/STM32F4xx_HAL_Driver/Src/stm32f4xx_hal_gpio.c.obj
                0x08001464                HAL_GPIO_Init
 .text.HAL_GPIO_WritePin
                0x0800176c       0x32 cmake/stm32cubemx/CMakeFiles/STM32_Drivers.dir/__/__/Drivers/STM32F4xx_HAL_Driver/Src/stm32f4xx_hal_gpio.c.obj
                0x0800176c                HAL_GPIO_WritePin
 *fill*         0x0800179e        0x2 
 .text.__NVIC_SetPriorityGrouping
                0x080017a0       0x48 cmake/stm32cubemx/CMakeFiles/STM32_Drivers.dir/__/__/Drivers/STM32F4xx_HAL_Driver/Src/stm32f4xx_hal_cortex.c.obj
 .text.__NVIC_GetPriorityGrouping
                0x080017e8       0x1c cmake/stm32cubemx/CMakeFiles/STM32_Drivers.dir/__/__/Drivers/STM32F4xx_HAL_Driver/Src/stm32f4xx_hal_cortex.c.obj
 .text.__NVIC_EnableIRQ
                0x08001804       0x3c cmake/stm32cubemx/CMakeFiles/STM32_Drivers.dir/__/__/Drivers/STM32F4xx_HAL_Driver/Src/stm32f4xx_hal_cortex.c.obj
 .text.__NVIC_SetPriority
                0x08001840       0x54 cmake/stm32cubemx/CMakeFiles/STM32_Drivers.dir/__/__/Drivers/STM32F4xx_HAL_Driver/Src/stm32f4xx_hal_cortex.c.obj
 .text.NVIC_EncodePriority
                0x08001894       0x66 cmake/stm32cubemx/CMakeFiles/STM32_Drivers.dir/__/__/Drivers/STM32F4xx_HAL_Driver/Src/stm32f4xx_hal_cortex.c.obj
 .text.HAL_NVIC_SetPriorityGrouping
                0x080018fa       0x16 cmake/stm32cubemx/CMakeFiles/STM32_Drivers.dir/__/__/Drivers/STM32F4xx_HAL_Driver/Src/stm32f4xx_hal_cortex.c.obj
                0x080018fa                HAL_NVIC_SetPriorityGrouping
 .text.HAL_NVIC_SetPriority
                0x08001910       0x38 cmake/stm32cubemx/CMakeFiles/STM32_Drivers.dir/__/__/Drivers/STM32F4xx_HAL_Driver/Src/stm32f4xx_hal_cortex.c.obj
                0x08001910                HAL_NVIC_SetPriority
 .text.HAL_NVIC_EnableIRQ
                0x08001948       0x1c cmake/stm32cubemx/CMakeFiles/STM32_Drivers.dir/__/__/Drivers/STM32F4xx_HAL_Driver/Src/stm32f4xx_hal_cortex.c.obj
                0x08001948                HAL_NVIC_EnableIRQ
 .text.HAL_Init
                0x08001964       0x44 cmake/stm32cubemx/CMakeFiles/STM32_Drivers.dir/__/__/Drivers/STM32F4xx_HAL_Driver/Src/stm32f4xx_hal.c.obj
                0x08001964                HAL_Init
 .text.HAL_IncTick
                0x080019a8       0x28 cmake/stm32cubemx/CMakeFiles/STM32_Drivers.dir/__/__/Drivers/STM32F4xx_HAL_Driver/Src/stm32f4xx_hal.c.obj
                0x080019a8                HAL_IncTick
 .text.HAL_GetTick
                0x080019d0       0x18 cmake/stm32cubemx/CMakeFiles/STM32_Drivers.dir/__/__/Drivers/STM32F4xx_HAL_Driver/Src/stm32f4xx_hal.c.obj
                0x080019d0                HAL_GetTick
 .text.task_1   0x080019e8       0x30 CMakeFiles/freertos_sysview.dir/Core/Src/main.c.obj
                0x080019e8                task_1
 .text.task_2   0x08001a18       0x30 CMakeFiles/freertos_sysview.dir/Core/Src/main.c.obj
                0x08001a18                task_2
 .text.main     0x08001a48       0x7c CMakeFiles/freertos_sysview.dir/Core/Src/main.c.obj
                0x08001a48                main
 .text.SystemClock_Config
                0x08001ac4       0xd8 CMakeFiles/freertos_sysview.dir/Core/Src/main.c.obj
                0x08001ac4                SystemClock_Config
 .text.MX_GPIO_Init
                0x08001b9c      0x104 CMakeFiles/freertos_sysview.dir/Core/Src/main.c.obj
 .text.HAL_TIM_PeriodElapsedCallback
                0x08001ca0       0x1e CMakeFiles/freertos_sysview.dir/Core/Src/main.c.obj
                0x08001ca0                HAL_TIM_PeriodElapsedCallback
 .text.Error_Handler
                0x08001cbe        0xc CMakeFiles/freertos_sysview.dir/Core/Src/main.c.obj
                0x08001cbe                Error_Handler
 .text.NMI_Handler
                0x08001cca        0x8 CMakeFiles/freertos_sysview.dir/Core/Src/stm32f4xx_it.c.obj
                0x08001cca                NMI_Handler
 .text.HardFault_Handler
                0x08001cd2        0x8 CMakeFiles/freertos_sysview.dir/Core/Src/stm32f4xx_it.c.obj
                0x08001cd2                HardFault_Handler
 .text.MemManage_Handler
                0x08001cda        0x8 CMakeFiles/freertos_sysview.dir/Core/Src/stm32f4xx_it.c.obj
                0x08001cda                MemManage_Handler
 .text.BusFault_Handler
                0x08001ce2        0x8 CMakeFiles/freertos_sysview.dir/Core/Src/stm32f4xx_it.c.obj
                0x08001ce2                BusFault_Handler
 .text.UsageFault_Handler
                0x08001cea        0x8 CMakeFiles/freertos_sysview.dir/Core/Src/stm32f4xx_it.c.obj
                0x08001cea                UsageFault_Handler
 .text.DebugMon_Handler
                0x08001cf2        0xe CMakeFiles/freertos_sysview.dir/Core/Src/stm32f4xx_it.c.obj
                0x08001cf2                DebugMon_Handler
 .text.TIM2_IRQHandler
                0x08001d00       0x14 CMakeFiles/freertos_sysview.dir/Core/Src/stm32f4xx_it.c.obj
                0x08001d00                TIM2_IRQHandler
 .text.__NVIC_SetPriorityGrouping
                0x08001d14       0x48 CMakeFiles/freertos_sysview.dir/Core/Src/stm32f4xx_hal_msp.c.obj
 .text.HAL_MspInit
                0x08001d5c       0x50 CMakeFiles/freertos_sysview.dir/Core/Src/stm32f4xx_hal_msp.c.obj
                0x08001d5c                HAL_MspInit
 .text.HAL_InitTick
                0x08001dac       0xf8 CMakeFiles/freertos_sysview.dir/Core/Src/stm32f4xx_hal_timebase_tim.c.obj
                0x08001dac                HAL_InitTick
 .text.Reset_Handler
                0x08001ea4       0x50 CMakeFiles/freertos_sysview.dir/startup_stm32f401xe.s.obj
                0x08001ea4                Reset_Handler
 .text.Default_Handler
                0x08001ef4        0x2 CMakeFiles/freertos_sysview.dir/startup_stm32f401xe.s.obj
                0x08001ef4                RTC_Alarm_IRQHandler
                0x08001ef4                EXTI2_IRQHandler
                0x08001ef4                SPI4_IRQHandler
                0x08001ef4                TIM1_CC_IRQHandler
                0x08001ef4                DMA2_Stream5_IRQHandler
                0x08001ef4                DMA1_Stream5_IRQHandler
                0x08001ef4                PVD_IRQHandler
                0x08001ef4                SDIO_IRQHandler
                0x08001ef4                TAMP_STAMP_IRQHandler
                0x08001ef4                EXTI3_IRQHandler
                0x08001ef4                TIM1_UP_TIM10_IRQHandler
                0x08001ef4                I2C3_ER_IRQHandler
                0x08001ef4                EXTI0_IRQHandler
                0x08001ef4                I2C2_EV_IRQHandler
                0x08001ef4                DMA1_Stream2_IRQHandler
                0x08001ef4                FPU_IRQHandler
                0x08001ef4                DMA2_Stream2_IRQHandler
                0x08001ef4                SPI1_IRQHandler
                0x08001ef4                TIM1_BRK_TIM9_IRQHandler
                0x08001ef4                DMA2_Stream3_IRQHandler
                0x08001ef4                USART6_IRQHandler
                0x08001ef4                DMA2_Stream0_IRQHandler
                0x08001ef4                TIM4_IRQHandler
                0x08001ef4                I2C1_EV_IRQHandler
                0x08001ef4                DMA1_Stream6_IRQHandler
                0x08001ef4                DMA1_Stream1_IRQHandler
                0x08001ef4                TIM3_IRQHandler
                0x08001ef4                RCC_IRQHandler
                0x08001ef4                Default_Handler
                0x08001ef4                EXTI15_10_IRQHandler
                0x08001ef4                ADC_IRQHandler
                0x08001ef4                DMA1_Stream7_IRQHandler
                0x08001ef4                TIM5_IRQHandler
                0x08001ef4                DMA2_Stream7_IRQHandler
                0x08001ef4                I2C3_EV_IRQHandler
                0x08001ef4                EXTI9_5_IRQHandler
                0x08001ef4                RTC_WKUP_IRQHandler
                0x08001ef4                SPI2_IRQHandler
                0x08001ef4                DMA1_Stream0_IRQHandler
                0x08001ef4                EXTI4_IRQHandler
                0x08001ef4                WWDG_IRQHandler
                0x08001ef4                OTG_FS_WKUP_IRQHandler
                0x08001ef4                TIM1_TRG_COM_TIM11_IRQHandler
                0x08001ef4                EXTI1_IRQHandler
                0x08001ef4                I2C2_ER_IRQHandler
                0x08001ef4                DMA2_Stream1_IRQHandler
                0x08001ef4                FLASH_IRQHandler
                0x08001ef4                DMA2_Stream4_IRQHandler
                0x08001ef4                USART1_IRQHandler
                0x08001ef4                OTG_FS_IRQHandler
                0x08001ef4                SPI3_IRQHandler
                0x08001ef4                DMA1_Stream4_IRQHandler
                0x08001ef4                I2C1_ER_IRQHandler
                0x08001ef4                DMA2_Stream6_IRQHandler
                0x08001ef4                DMA1_Stream3_IRQHandler
 *fill*         0x08001ef6        0x2 
 .text.pvPortMalloc
                0x08001ef8      0x264 CMakeFiles/freertos_sysview.dir/FreeRTOS/portable/MemMang/heap_4.c.obj
                0x08001ef8                pvPortMalloc
 .text.vPortFree
                0x0800215c       0xec CMakeFiles/freertos_sysview.dir/FreeRTOS/portable/MemMang/heap_4.c.obj
                0x0800215c                vPortFree
 .text.prvHeapInit
                0x08002248       0xb4 CMakeFiles/freertos_sysview.dir/FreeRTOS/portable/MemMang/heap_4.c.obj
 .text.prvInsertBlockIntoFreeList
                0x080022fc       0xf4 CMakeFiles/freertos_sysview.dir/FreeRTOS/portable/MemMang/heap_4.c.obj
 .text._cbSendSystemDesc
                0x080023f0       0x1c CMakeFiles/freertos_sysview.dir/Systemview/Config/SEGGER_SYSVIEW_Config_FreeRTOS.c.obj
 .text.SEGGER_SYSVIEW_Conf
                0x0800240c       0x2c CMakeFiles/freertos_sysview.dir/Systemview/Config/SEGGER_SYSVIEW_Config_FreeRTOS.c.obj
                0x0800240c                SEGGER_SYSVIEW_Conf
 .text._cbSendTaskList
                0x08002438       0x90 CMakeFiles/freertos_sysview.dir/Systemview/OS/SEGGER_SYSVIEW_FreeRTOS.c.obj
 .text._cbGetTime
                0x080024c8       0x86 CMakeFiles/freertos_sysview.dir/Systemview/OS/SEGGER_SYSVIEW_FreeRTOS.c.obj
 *fill*         0x0800254e        0x2 
 .text.SYSVIEW_AddTask
                0x08002550       0xd0 CMakeFiles/freertos_sysview.dir/Systemview/OS/SEGGER_SYSVIEW_FreeRTOS.c.obj
                0x08002550                SYSVIEW_AddTask
 .text.SYSVIEW_SendTaskInfo
                0x08002620       0x42 CMakeFiles/freertos_sysview.dir/Systemview/OS/SEGGER_SYSVIEW_FreeRTOS.c.obj
                0x08002620                SYSVIEW_SendTaskInfo
 .text._EncodeStr
                0x08002662       0x72 CMakeFiles/freertos_sysview.dir/Systemview/SEGGER/SEGGER_SYSVIEW.c.obj
 .text._PreparePacket
                0x080026d4       0x18 CMakeFiles/freertos_sysview.dir/Systemview/SEGGER/SEGGER_SYSVIEW.c.obj
 .text._HandleIncomingPacket
                0x080026ec       0xdc CMakeFiles/freertos_sysview.dir/Systemview/SEGGER/SEGGER_SYSVIEW.c.obj
 .text._TrySendOverflowPacket
                0x080027c8       0xe8 CMakeFiles/freertos_sysview.dir/Systemview/SEGGER/SEGGER_SYSVIEW.c.obj
 .text._SendPacket
                0x080028b0      0x2e0 CMakeFiles/freertos_sysview.dir/Systemview/SEGGER/SEGGER_SYSVIEW.c.obj
 .text._StoreChar
                0x08002b90       0xf6 CMakeFiles/freertos_sysview.dir/Systemview/SEGGER/SEGGER_SYSVIEW.c.obj
 *fill*         0x08002c86        0x2 
 .text._PrintUnsigned
                0x08002c88      0x12c CMakeFiles/freertos_sysview.dir/Systemview/SEGGER/SEGGER_SYSVIEW.c.obj
 .text._PrintInt
                0x08002db4      0x11e CMakeFiles/freertos_sysview.dir/Systemview/SEGGER/SEGGER_SYSVIEW.c.obj
 *fill*         0x08002ed2        0x2 
 .text._VPrintTarget
                0x08002ed4      0x440 CMakeFiles/freertos_sysview.dir/Systemview/SEGGER/SEGGER_SYSVIEW.c.obj
 .text.SEGGER_SYSVIEW_Init
                0x08003314       0x88 CMakeFiles/freertos_sysview.dir/Systemview/SEGGER/SEGGER_SYSVIEW.c.obj
                0x08003314                SEGGER_SYSVIEW_Init
 .text.SEGGER_SYSVIEW_SetRAMBase
                0x0800339c       0x20 CMakeFiles/freertos_sysview.dir/Systemview/SEGGER/SEGGER_SYSVIEW.c.obj
                0x0800339c                SEGGER_SYSVIEW_SetRAMBase
 .text.SEGGER_SYSVIEW_RecordVoid
                0x080033bc       0x3c CMakeFiles/freertos_sysview.dir/Systemview/SEGGER/SEGGER_SYSVIEW.c.obj
                0x080033bc                SEGGER_SYSVIEW_RecordVoid
 .text.SEGGER_SYSVIEW_RecordU32
                0x080033f8       0x78 CMakeFiles/freertos_sysview.dir/Systemview/SEGGER/SEGGER_SYSVIEW.c.obj
                0x080033f8                SEGGER_SYSVIEW_RecordU32
 .text.SEGGER_SYSVIEW_RecordU32x2
                0x08003470       0xb4 CMakeFiles/freertos_sysview.dir/Systemview/SEGGER/SEGGER_SYSVIEW.c.obj
                0x08003470                SEGGER_SYSVIEW_RecordU32x2
 .text.SEGGER_SYSVIEW_Start
                0x08003524      0x178 CMakeFiles/freertos_sysview.dir/Systemview/SEGGER/SEGGER_SYSVIEW.c.obj
                0x08003524                SEGGER_SYSVIEW_Start
 .text.SEGGER_SYSVIEW_Stop
                0x0800369c       0x4c CMakeFiles/freertos_sysview.dir/Systemview/SEGGER/SEGGER_SYSVIEW.c.obj
                0x0800369c                SEGGER_SYSVIEW_Stop
 .text.SEGGER_SYSVIEW_GetSysDesc
                0x080036e8      0x134 CMakeFiles/freertos_sysview.dir/Systemview/SEGGER/SEGGER_SYSVIEW.c.obj
                0x080036e8                SEGGER_SYSVIEW_GetSysDesc
 .text.SEGGER_SYSVIEW_SendTaskInfo
                0x0800381c      0x1c8 CMakeFiles/freertos_sysview.dir/Systemview/SEGGER/SEGGER_SYSVIEW.c.obj
                0x0800381c                SEGGER_SYSVIEW_SendTaskInfo
 .text.SEGGER_SYSVIEW_SendTaskList
                0x080039e4       0x28 CMakeFiles/freertos_sysview.dir/Systemview/SEGGER/SEGGER_SYSVIEW.c.obj
                0x080039e4                SEGGER_SYSVIEW_SendTaskList
 .text.SEGGER_SYSVIEW_SendSysDesc
                0x08003a0c       0x48 CMakeFiles/freertos_sysview.dir/Systemview/SEGGER/SEGGER_SYSVIEW.c.obj
                0x08003a0c                SEGGER_SYSVIEW_SendSysDesc
 .text.SEGGER_SYSVIEW_RecordSystime
                0x08003a54       0x64 CMakeFiles/freertos_sysview.dir/Systemview/SEGGER/SEGGER_SYSVIEW.c.obj
                0x08003a54                SEGGER_SYSVIEW_RecordSystime
 .text.SEGGER_SYSVIEW_RecordEnterISR
                0x08003ab8       0x84 CMakeFiles/freertos_sysview.dir/Systemview/SEGGER/SEGGER_SYSVIEW.c.obj
                0x08003ab8                SEGGER_SYSVIEW_RecordEnterISR
 .text.SEGGER_SYSVIEW_RecordExitISR
                0x08003b3c       0x38 CMakeFiles/freertos_sysview.dir/Systemview/SEGGER/SEGGER_SYSVIEW.c.obj
                0x08003b3c                SEGGER_SYSVIEW_RecordExitISR
 .text.SEGGER_SYSVIEW_RecordExitISRToScheduler
                0x08003b74       0x38 CMakeFiles/freertos_sysview.dir/Systemview/SEGGER/SEGGER_SYSVIEW.c.obj
                0x08003b74                SEGGER_SYSVIEW_RecordExitISRToScheduler
 .text.SEGGER_SYSVIEW_RecordEndCall
                0x08003bac       0x78 CMakeFiles/freertos_sysview.dir/Systemview/SEGGER/SEGGER_SYSVIEW.c.obj
                0x08003bac                SEGGER_SYSVIEW_RecordEndCall
 .text.SEGGER_SYSVIEW_RecordEndCallU32
                0x08003c24       0xb0 CMakeFiles/freertos_sysview.dir/Systemview/SEGGER/SEGGER_SYSVIEW.c.obj
                0x08003c24                SEGGER_SYSVIEW_RecordEndCallU32
 .text.SEGGER_SYSVIEW_OnIdle
                0x08003cd4       0x38 CMakeFiles/freertos_sysview.dir/Systemview/SEGGER/SEGGER_SYSVIEW.c.obj
                0x08003cd4                SEGGER_SYSVIEW_OnIdle
 .text.SEGGER_SYSVIEW_OnTaskCreate
                0x08003d0c       0x84 CMakeFiles/freertos_sysview.dir/Systemview/SEGGER/SEGGER_SYSVIEW.c.obj
                0x08003d0c                SEGGER_SYSVIEW_OnTaskCreate
 .text.SEGGER_SYSVIEW_OnTaskStartExec
                0x08003d90       0x84 CMakeFiles/freertos_sysview.dir/Systemview/SEGGER/SEGGER_SYSVIEW.c.obj
                0x08003d90                SEGGER_SYSVIEW_OnTaskStartExec
 .text.SEGGER_SYSVIEW_OnTaskStartReady
                0x08003e14       0x84 CMakeFiles/freertos_sysview.dir/Systemview/SEGGER/SEGGER_SYSVIEW.c.obj
                0x08003e14                SEGGER_SYSVIEW_OnTaskStartReady
 .text.SEGGER_SYSVIEW_OnTaskStopReady
                0x08003e98       0xc0 CMakeFiles/freertos_sysview.dir/Systemview/SEGGER/SEGGER_SYSVIEW.c.obj
                0x08003e98                SEGGER_SYSVIEW_OnTaskStopReady
 .text.SEGGER_SYSVIEW_ShrinkId
                0x08003f58       0x20 CMakeFiles/freertos_sysview.dir/Systemview/SEGGER/SEGGER_SYSVIEW.c.obj
                0x08003f58                SEGGER_SYSVIEW_ShrinkId
 .text.SEGGER_SYSVIEW_SendModule
                0x08003f78      0x114 CMakeFiles/freertos_sysview.dir/Systemview/SEGGER/SEGGER_SYSVIEW.c.obj
                0x08003f78                SEGGER_SYSVIEW_SendModule
 .text.SEGGER_SYSVIEW_SendModuleDescription
                0x0800408c       0x3c CMakeFiles/freertos_sysview.dir/Systemview/SEGGER/SEGGER_SYSVIEW.c.obj
                0x0800408c                SEGGER_SYSVIEW_SendModuleDescription
 .text.SEGGER_SYSVIEW_SendNumModules
                0x080040c8       0x7c CMakeFiles/freertos_sysview.dir/Systemview/SEGGER/SEGGER_SYSVIEW.c.obj
                0x080040c8                SEGGER_SYSVIEW_SendNumModules
 .text.SEGGER_SYSVIEW_PrintfTarget
                0x08004144       0x28 CMakeFiles/freertos_sysview.dir/Systemview/SEGGER/SEGGER_SYSVIEW.c.obj
                0x08004144                SEGGER_SYSVIEW_PrintfTarget
 .text.SEGGER_SYSVIEW_Warn
                0x0800416c       0xb8 CMakeFiles/freertos_sysview.dir/Systemview/SEGGER/SEGGER_SYSVIEW.c.obj
                0x0800416c                SEGGER_SYSVIEW_Warn
 .text.SEGGER_SYSVIEW_IsStarted
                0x08004224       0x5c CMakeFiles/freertos_sysview.dir/Systemview/SEGGER/SEGGER_SYSVIEW.c.obj
                0x08004224                SEGGER_SYSVIEW_IsStarted
 .text._DoInit  0x08004280       0xb4 CMakeFiles/freertos_sysview.dir/Systemview/SEGGER/SEGGER_RTT.c.obj
 .text._WriteBlocking
                0x08004334       0xba CMakeFiles/freertos_sysview.dir/Systemview/SEGGER/SEGGER_RTT.c.obj
 .text._WriteNoCheck
                0x080043ee       0x90 CMakeFiles/freertos_sysview.dir/Systemview/SEGGER/SEGGER_RTT.c.obj
 .text._GetAvailWriteSpace
                0x0800447e       0x46 CMakeFiles/freertos_sysview.dir/Systemview/SEGGER/SEGGER_RTT.c.obj
 .text.SEGGER_RTT_ReadUpBufferNoLock
                0x080044c4      0x10c CMakeFiles/freertos_sysview.dir/Systemview/SEGGER/SEGGER_RTT.c.obj
                0x080044c4                SEGGER_RTT_ReadUpBufferNoLock
 .text.SEGGER_RTT_ReadNoLock
                0x080045d0      0x10c CMakeFiles/freertos_sysview.dir/Systemview/SEGGER/SEGGER_RTT.c.obj
                0x080045d0                SEGGER_RTT_ReadNoLock
 .text.SEGGER_RTT_WriteDownBufferNoLock
                0x080046dc       0xa0 CMakeFiles/freertos_sysview.dir/Systemview/SEGGER/SEGGER_RTT.c.obj
                0x080046dc                SEGGER_RTT_WriteDownBufferNoLock
 .text.SEGGER_RTT_WriteDownBuffer
                0x0800477c       0x4c CMakeFiles/freertos_sysview.dir/Systemview/SEGGER/SEGGER_RTT.c.obj
                0x0800477c                SEGGER_RTT_WriteDownBuffer
 .text.SEGGER_RTT_AllocUpBuffer
                0x080047c8      0x108 CMakeFiles/freertos_sysview.dir/Systemview/SEGGER/SEGGER_RTT.c.obj
                0x080047c8                SEGGER_RTT_AllocUpBuffer
 .text.SEGGER_RTT_ConfigDownBuffer
                0x080048d0       0x98 CMakeFiles/freertos_sysview.dir/Systemview/SEGGER/SEGGER_RTT.c.obj
                0x080048d0                SEGGER_RTT_ConfigDownBuffer
 .text.__NVIC_EnableIRQ
                0x08004968       0x3c CMakeFiles/freertos_sysview.dir/Systemview/UART_Recorder/segger_uart.c.obj
 .text.__NVIC_SetPriority
                0x080049a4       0x54 CMakeFiles/freertos_sysview.dir/Systemview/UART_Recorder/segger_uart.c.obj
 .text._StartSysView
                0x080049f8       0x1e CMakeFiles/freertos_sysview.dir/Systemview/UART_Recorder/segger_uart.c.obj
 *fill*         0x08004a16        0x2 
 .text._cbOnUARTRx
                0x08004a18       0x40 CMakeFiles/freertos_sysview.dir/Systemview/UART_Recorder/segger_uart.c.obj
 .text._cbOnUARTTx
                0x08004a58       0x64 CMakeFiles/freertos_sysview.dir/Systemview/UART_Recorder/segger_uart.c.obj
 .text.SEGGER_UART_init
                0x08004abc       0x24 CMakeFiles/freertos_sysview.dir/Systemview/UART_Recorder/segger_uart.c.obj
                0x08004abc                SEGGER_UART_init
 .text.USART2_IRQHandler
                0x08004ae0       0x94 CMakeFiles/freertos_sysview.dir/Systemview/UART_Recorder/segger_uart.c.obj
                0x08004ae0                USART2_IRQHandler
 .text.HIF_UART_EnableTXEInterrupt
                0x08004b74       0x20 CMakeFiles/freertos_sysview.dir/Systemview/UART_Recorder/segger_uart.c.obj
                0x08004b74                HIF_UART_EnableTXEInterrupt
 .text.HIF_UART_Init
                0x08004b94       0xf4 CMakeFiles/freertos_sysview.dir/Systemview/UART_Recorder/segger_uart.c.obj
                0x08004b94                HIF_UART_Init
 .text.pxPortInitialiseStack
                0x08004c88       0x68 FreeRTOS/libfreertos_kernel.a(port.c.obj)
                0x08004c88                pxPortInitialiseStack
 .text.prvTaskExitError
                0x08004cf0       0x5c FreeRTOS/libfreertos_kernel.a(port.c.obj)
 *fill*         0x08004d4c        0x4 
 .text.SVC_Handler
                0x08004d50       0x28 FreeRTOS/libfreertos_kernel.a(port.c.obj)
                0x08004d50                SVC_Handler
 .text.prvPortStartFirstTask
                0x08004d78       0x2c FreeRTOS/libfreertos_kernel.a(port.c.obj)
 .text.xPortStartScheduler
                0x08004da4      0x1e0 FreeRTOS/libfreertos_kernel.a(port.c.obj)
                0x08004da4                xPortStartScheduler
 .text.vPortEnterCritical
                0x08004f84       0x64 FreeRTOS/libfreertos_kernel.a(port.c.obj)
                0x08004f84                vPortEnterCritical
 .text.vPortExitCritical
                0x08004fe8       0x54 FreeRTOS/libfreertos_kernel.a(port.c.obj)
                0x08004fe8                vPortExitCritical
 *fill*         0x0800503c        0x4 
 .text.PendSV_Handler
                0x08005040       0x68 FreeRTOS/libfreertos_kernel.a(port.c.obj)
                0x08005040                PendSV_Handler
 .text.SysTick_Handler
                0x080050a8       0x54 FreeRTOS/libfreertos_kernel.a(port.c.obj)
                0x080050a8                SysTick_Handler
 .text.vPortSetupTimerInterrupt
                0x080050fc       0x48 FreeRTOS/libfreertos_kernel.a(port.c.obj)
                0x080050fc                vPortSetupTimerInterrupt
 .text.vPortEnableVFP
                0x08005144       0x18 FreeRTOS/libfreertos_kernel.a(port.c.obj)
 .text.vPortValidateInterruptPriority
                0x0800515c       0x84 FreeRTOS/libfreertos_kernel.a(port.c.obj)
                0x0800515c                vPortValidateInterruptPriority
 .text.prvCreateTask
                0x080051e0       0x78 FreeRTOS/libfreertos_kernel.a(tasks.c.obj)
 .text.xTaskCreate
                0x08005258       0x50 FreeRTOS/libfreertos_kernel.a(tasks.c.obj)
                0x08005258                xTaskCreate
 .text.prvInitialiseNewTask
                0x080052a8      0x120 FreeRTOS/libfreertos_kernel.a(tasks.c.obj)
 .text.prvAddNewTaskToReadyList
                0x080053c8      0x148 FreeRTOS/libfreertos_kernel.a(tasks.c.obj)
 .text.prvCreateIdleTasks
                0x08005510       0x94 FreeRTOS/libfreertos_kernel.a(tasks.c.obj)
 .text.vTaskStartScheduler
                0x080055a4       0xb4 FreeRTOS/libfreertos_kernel.a(tasks.c.obj)
                0x080055a4                vTaskStartScheduler
 .text.vTaskSuspendAll
                0x08005658       0x1c FreeRTOS/libfreertos_kernel.a(tasks.c.obj)
                0x08005658                vTaskSuspendAll
 .text.xTaskResumeAll
                0x08005674      0x204 FreeRTOS/libfreertos_kernel.a(tasks.c.obj)
                0x08005674                xTaskResumeAll
 .text.xTaskGetTickCount
                0x08005878       0x24 FreeRTOS/libfreertos_kernel.a(tasks.c.obj)
                0x08005878                xTaskGetTickCount
 .text.xTaskGetTickCountFromISR
                0x0800589c       0x2c FreeRTOS/libfreertos_kernel.a(tasks.c.obj)
                0x0800589c                xTaskGetTickCountFromISR
 .text.xTaskIncrementTick
                0x080058c8      0x200 FreeRTOS/libfreertos_kernel.a(tasks.c.obj)
                0x080058c8                xTaskIncrementTick
 .text.vTaskSwitchContext
                0x08005ac8       0xd8 FreeRTOS/libfreertos_kernel.a(tasks.c.obj)
                0x08005ac8                vTaskSwitchContext
 .text.vTaskPlaceOnEventList
                0x08005ba0       0x50 FreeRTOS/libfreertos_kernel.a(tasks.c.obj)
                0x08005ba0                vTaskPlaceOnEventList
 .text.vTaskPlaceOnEventListRestricted
                0x08005bf0       0x94 FreeRTOS/libfreertos_kernel.a(tasks.c.obj)
                0x08005bf0                vTaskPlaceOnEventListRestricted
 .text.xTaskRemoveFromEventList
                0x08005c84      0x1c0 FreeRTOS/libfreertos_kernel.a(tasks.c.obj)
                0x08005c84                xTaskRemoveFromEventList
 .text.vTaskInternalSetTimeOutState
                0x08005e44       0x30 FreeRTOS/libfreertos_kernel.a(tasks.c.obj)
                0x08005e44                vTaskInternalSetTimeOutState
 .text.xTaskCheckForTimeOut
                0x08005e74       0xd8 FreeRTOS/libfreertos_kernel.a(tasks.c.obj)
                0x08005e74                xTaskCheckForTimeOut
 .text.vTaskMissedYield
                0x08005f4c       0x18 FreeRTOS/libfreertos_kernel.a(tasks.c.obj)
                0x08005f4c                vTaskMissedYield
 .text.prvIdleTask
                0x08005f64       0x24 FreeRTOS/libfreertos_kernel.a(tasks.c.obj)
 .text.prvInitialiseTaskLists
                0x08005f88       0x80 FreeRTOS/libfreertos_kernel.a(tasks.c.obj)
 .text.prvCheckTasksWaitingTermination
                0x08006008       0x5c FreeRTOS/libfreertos_kernel.a(tasks.c.obj)
 .text.prvDeleteTCB
                0x08006064       0x20 FreeRTOS/libfreertos_kernel.a(tasks.c.obj)
 .text.prvResetNextTaskUnblockTime
                0x08006084       0x38 FreeRTOS/libfreertos_kernel.a(tasks.c.obj)
 .text.xTaskGetSchedulerState
                0x080060bc       0x44 FreeRTOS/libfreertos_kernel.a(tasks.c.obj)
                0x080060bc                xTaskGetSchedulerState
 .text.prvAddCurrentTaskToDelayedList
                0x08006100      0x11c FreeRTOS/libfreertos_kernel.a(tasks.c.obj)
 .text.xTimerCreateTimerTask
                0x0800621c       0x74 FreeRTOS/libfreertos_kernel.a(timers.c.obj)
                0x0800621c                xTimerCreateTimerTask
 .text.prvReloadTimer
                0x08006290       0x42 FreeRTOS/libfreertos_kernel.a(timers.c.obj)
 *fill*         0x080062d2        0x2 
 .text.prvProcessExpiredTimer
                0x080062d4       0x60 FreeRTOS/libfreertos_kernel.a(timers.c.obj)
 .text.prvTimerTask
                0x08006334       0x26 FreeRTOS/libfreertos_kernel.a(timers.c.obj)
 *fill*         0x0800635a        0x2 
 .text.prvProcessTimerOrBlockTask
                0x0800635c       0x9c FreeRTOS/libfreertos_kernel.a(timers.c.obj)
 .text.prvGetNextExpireTime
                0x080063f8       0x48 FreeRTOS/libfreertos_kernel.a(timers.c.obj)
 .text.prvSampleTimeNow
                0x08006440       0x40 FreeRTOS/libfreertos_kernel.a(timers.c.obj)
 .text.prvInsertTimerInActiveList
                0x08006480       0x84 FreeRTOS/libfreertos_kernel.a(timers.c.obj)
 .text.prvProcessReceivedCommands
                0x08006504      0x190 FreeRTOS/libfreertos_kernel.a(timers.c.obj)
 .text.prvSwitchTimerLists
                0x08006694       0x4c FreeRTOS/libfreertos_kernel.a(timers.c.obj)
 .text.prvCheckForValidListAndQueue
                0x080066e0       0x6c FreeRTOS/libfreertos_kernel.a(timers.c.obj)
 .text.vListInitialise
                0x0800674c       0x44 FreeRTOS/libfreertos_kernel.a(list.c.obj)
                0x0800674c                vListInitialise
 .text.vListInitialiseItem
                0x08006790       0x1e FreeRTOS/libfreertos_kernel.a(list.c.obj)
                0x08006790                vListInitialiseItem
 .text.vListInsert
                0x080067ae       0x76 FreeRTOS/libfreertos_kernel.a(list.c.obj)
                0x080067ae                vListInsert
 .text.uxListRemove
                0x08006824       0x5e FreeRTOS/libfreertos_kernel.a(list.c.obj)
                0x08006824                uxListRemove
 .text.xQueueGenericReset
                0x08006882      0x112 FreeRTOS/libfreertos_kernel.a(queue.c.obj)
                0x08006882                xQueueGenericReset
 .text.xQueueGenericCreate
                0x08006994       0xb0 FreeRTOS/libfreertos_kernel.a(queue.c.obj)
                0x08006994                xQueueGenericCreate
 .text.prvInitialiseNewQueue
                0x08006a44       0x46 FreeRTOS/libfreertos_kernel.a(queue.c.obj)
 *fill*         0x08006a8a        0x2 
 .text.xQueueReceive
                0x08006a8c      0x1c8 FreeRTOS/libfreertos_kernel.a(queue.c.obj)
                0x08006a8c                xQueueReceive
 .text.prvCopyDataFromQueue
                0x08006c54       0x4c FreeRTOS/libfreertos_kernel.a(queue.c.obj)
 .text.prvUnlockQueue
                0x08006ca0       0xa4 FreeRTOS/libfreertos_kernel.a(queue.c.obj)
 .text.prvIsQueueEmpty
                0x08006d44       0x2c FreeRTOS/libfreertos_kernel.a(queue.c.obj)
 .text.vQueueAddToRegistry
                0x08006d70       0xa0 FreeRTOS/libfreertos_kernel.a(queue.c.obj)
                0x08006d70                vQueueAddToRegistry
 .text.vQueueWaitForMessageRestricted
                0x08006e10       0x6e FreeRTOS/libfreertos_kernel.a(queue.c.obj)
                0x08006e10                vQueueWaitForMessageRestricted
 .text.memcmp   0x08006e7e       0x20 /opt/st/stm32cubeclt_1.18.0/GNU-tools-for-STM32/bin/../lib/gcc/arm-none-eabi/13.3.1/../../../../arm-none-eabi/lib/thumb/v7e-m+fp/hard/libg_nano.a(libc_a-memcmp.o)
                0x08006e7e                memcmp
 .text.memcpy   0x08006e9e       0x1c /opt/st/stm32cubeclt_1.18.0/GNU-tools-for-STM32/bin/../lib/gcc/arm-none-eabi/13.3.1/../../../../arm-none-eabi/lib/thumb/v7e-m+fp/hard/libg_nano.a(libc_a-memcpy-stub.o)
                0x08006e9e                memcpy
 *(.glue_7)
 .glue_7        0x08006eba        0x0 linker stubs
 *(.glue_7t)
 .glue_7t       0x08006eba        0x0 linker stubs
 *(.eh_frame)
 *fill*         0x08006eba        0x2 
 .eh_frame      0x08006ebc        0x0 /opt/st/stm32cubeclt_1.18.0/GNU-tools-for-STM32/bin/../lib/gcc/arm-none-eabi/13.3.1/thumb/v7e-m+fp/hard/crtbegin.o
 *(.init)
 .init          0x08006ebc        0x4 /opt/st/stm32cubeclt_1.18.0/GNU-tools-for-STM32/bin/../lib/gcc/arm-none-eabi/13.3.1/thumb/v7e-m+fp/hard/crti.o
                0x08006ebc                _init
 .init          0x08006ec0        0x8 /opt/st/stm32cubeclt_1.18.0/GNU-tools-for-STM32/bin/../lib/gcc/arm-none-eabi/13.3.1/thumb/v7e-m+fp/hard/crtn.o
 *(.fini)
 .fini          0x08006ec8        0x4 /opt/st/stm32cubeclt_1.18.0/GNU-tools-for-STM32/bin/../lib/gcc/arm-none-eabi/13.3.1/thumb/v7e-m+fp/hard/crti.o
                0x08006ec8                _fini
 .fini          0x08006ecc        0x8 /opt/st/stm32cubeclt_1.18.0/GNU-tools-for-STM32/bin/../lib/gcc/arm-none-eabi/13.3.1/thumb/v7e-m+fp/hard/crtn.o
                0x08006ed4                        . = ALIGN (0x4)
                0x08006ed4                        _etext = .

.vfp11_veneer   0x08006ed4        0x0
 .vfp11_veneer  0x08006ed4        0x0 linker stubs

.v4_bx          0x08006ed4        0x0
 .v4_bx         0x08006ed4        0x0 linker stubs

.iplt           0x08006ed4        0x0
 .iplt          0x08006ed4        0x0 /opt/st/stm32cubeclt_1.18.0/GNU-tools-for-STM32/bin/../lib/gcc/arm-none-eabi/13.3.1/thumb/v7e-m+fp/hard/crtbegin.o

.rodata         0x08006ed4      0x14c
                0x08006ed4                        . = ALIGN (0x4)
 *(.rodata)
 .rodata        0x08006ed4       0x22 CMakeFiles/freertos_sysview.dir/Core/Src/main.c.obj
 *fill*         0x08006ef6        0x2 
 .rodata        0x08006ef8       0x41 CMakeFiles/freertos_sysview.dir/Systemview/Config/SEGGER_SYSVIEW_Config_FreeRTOS.c.obj
 *fill*         0x08006f39        0x3 
 .rodata        0x08006f3c       0x58 CMakeFiles/freertos_sysview.dir/Systemview/OS/SEGGER_SYSVIEW_FreeRTOS.c.obj
 .rodata        0x08006f94       0x10 CMakeFiles/freertos_sysview.dir/Systemview/SEGGER/SEGGER_SYSVIEW.c.obj
 .rodata        0x08006fa4        0x9 CMakeFiles/freertos_sysview.dir/Systemview/SEGGER/SEGGER_RTT.c.obj
 *fill*         0x08006fad        0x3 
 .rodata        0x08006fb0        0x5 FreeRTOS/libfreertos_kernel.a(tasks.c.obj)
 *fill*         0x08006fb5        0x3 
 .rodata        0x08006fb8        0xd FreeRTOS/libfreertos_kernel.a(timers.c.obj)
 *(.rodata*)
 *fill*         0x08006fc5        0x3 
 .rodata.AHBPrescTable
                0x08006fc8       0x10 cmake/stm32cubemx/CMakeFiles/STM32_Drivers.dir/__/__/Core/Src/system_stm32f4xx.c.obj
                0x08006fc8                AHBPrescTable
 .rodata.APBPrescTable
                0x08006fd8        0x8 cmake/stm32cubemx/CMakeFiles/STM32_Drivers.dir/__/__/Core/Src/system_stm32f4xx.c.obj
                0x08006fd8                APBPrescTable
 .rodata.SYSVIEW_X_OS_TraceAPI
                0x08006fe0        0x8 CMakeFiles/freertos_sysview.dir/Systemview/OS/SEGGER_SYSVIEW_FreeRTOS.c.obj
                0x08006fe0                SYSVIEW_X_OS_TraceAPI
 .rodata._abSync
                0x08006fe8        0xa CMakeFiles/freertos_sysview.dir/Systemview/SEGGER/SEGGER_SYSVIEW.c.obj
 *fill*         0x08006ff2        0x2 
 .rodata._aV2C.0
                0x08006ff4       0x10 CMakeFiles/freertos_sysview.dir/Systemview/SEGGER/SEGGER_SYSVIEW.c.obj
 .rodata._aInitStr.0
                0x08007004       0x11 CMakeFiles/freertos_sysview.dir/Systemview/SEGGER/SEGGER_RTT.c.obj
 *fill*         0x08007015        0x3 
 .rodata._abHelloMsg
                0x08007018        0x4 CMakeFiles/freertos_sysview.dir/Systemview/UART_Recorder/segger_uart.c.obj
 .rodata.uxTopUsedPriority
                0x0800701c        0x4 FreeRTOS/libfreertos_kernel.a(tasks.c.obj)
                0x08007020                        . = ALIGN (0x4)

.ARM.extab      0x08007020        0x0
                0x08007020                        . = ALIGN (0x4)
 *(.ARM.extab* .gnu.linkonce.armextab.*)
                0x08007020                        . = ALIGN (0x4)

.ARM            0x08007020        0x8
                0x08007020                        . = ALIGN (0x4)
                0x08007020                        __exidx_start = .
 *(.ARM.exidx*)
 .ARM.exidx     0x08007020        0x8 /opt/st/stm32cubeclt_1.18.0/GNU-tools-for-STM32/bin/../lib/gcc/arm-none-eabi/13.3.1/thumb/v7e-m+fp/hard/libgcc.a(_udivmoddi4.o)
                0x08007028                        __exidx_end = .
                0x08007028                        . = ALIGN (0x4)

.preinit_array  0x08007028        0x0
                0x08007028                        . = ALIGN (0x4)
                0x08007028                        PROVIDE (__preinit_array_start = .)
 *(.preinit_array*)
                0x08007028                        PROVIDE (__preinit_array_end = .)
                0x08007028                        . = ALIGN (0x4)

.init_array     0x08007028        0x4
                0x08007028                        . = ALIGN (0x4)
                0x08007028                        PROVIDE (__init_array_start = .)
 *(SORT_BY_NAME(.init_array.*))
 *(.init_array*)
 .init_array    0x08007028        0x4 /opt/st/stm32cubeclt_1.18.0/GNU-tools-for-STM32/bin/../lib/gcc/arm-none-eabi/13.3.1/thumb/v7e-m+fp/hard/crtbegin.o
                0x0800702c                        PROVIDE (__init_array_end = .)
                0x0800702c                        . = ALIGN (0x4)

.fini_array     0x0800702c        0x4
                0x0800702c                        . = ALIGN (0x4)
                [!provide]                        PROVIDE (__fini_array_start = .)
 *(SORT_BY_NAME(.fini_array.*))
 *(.fini_array*)
 .fini_array    0x0800702c        0x4 /opt/st/stm32cubeclt_1.18.0/GNU-tools-for-STM32/bin/../lib/gcc/arm-none-eabi/13.3.1/thumb/v7e-m+fp/hard/crtbegin.o
                [!provide]                        PROVIDE (__fini_array_end = .)
                0x08007030                        . = ALIGN (0x4)
                0x08007030                        _sidata = LOADADDR (.data)

.rel.dyn        0x08007030        0x0
 .rel.iplt      0x08007030        0x0 /opt/st/stm32cubeclt_1.18.0/GNU-tools-for-STM32/bin/../lib/gcc/arm-none-eabi/13.3.1/thumb/v7e-m+fp/hard/crtbegin.o

.data           0x20000000       0x18 load address 0x08007030
                0x20000000                        . = ALIGN (0x4)
                0x20000000                        _sdata = .
 *(.data)
 *(.data*)
 .data.SystemCoreClock
                0x20000000        0x4 cmake/stm32cubemx/CMakeFiles/STM32_Drivers.dir/__/__/Core/Src/system_stm32f4xx.c.obj
                0x20000000                SystemCoreClock
 .data.uwTickPrio
                0x20000004        0x4 cmake/stm32cubemx/CMakeFiles/STM32_Drivers.dir/__/__/Drivers/STM32F4xx_HAL_Driver/Src/stm32f4xx_hal.c.obj
                0x20000004                uwTickPrio
 .data.uwTickFreq
                0x20000008        0x1 cmake/stm32cubemx/CMakeFiles/STM32_Drivers.dir/__/__/Drivers/STM32F4xx_HAL_Driver/Src/stm32f4xx_hal.c.obj
                0x20000008                uwTickFreq
 *fill*         0x20000009        0x3 
 .data._SVInfo  0x2000000c        0x8 CMakeFiles/freertos_sysview.dir/Systemview/UART_Recorder/segger_uart.c.obj
 .data.uxCriticalNesting
                0x20000014        0x4 FreeRTOS/libfreertos_kernel.a(port.c.obj)
 *(.RamFunc)
 *(.RamFunc*)
                0x20000018                        . = ALIGN (0x4)
                0x20000018                        _edata = .

.igot.plt       0x20000018        0x0 load address 0x08007048
 .igot.plt      0x20000018        0x0 /opt/st/stm32cubeclt_1.18.0/GNU-tools-for-STM32/bin/../lib/gcc/arm-none-eabi/13.3.1/thumb/v7e-m+fp/hard/crtbegin.o
                0x20000018                        . = ALIGN (0x4)

.bss            0x20000018    0x1448c load address 0x08007048
                0x20000018                        _sbss = .
                0x20000018                        __bss_start__ = _sbss
 *(.bss)
 .bss           0x20000018       0x1c /opt/st/stm32cubeclt_1.18.0/GNU-tools-for-STM32/bin/../lib/gcc/arm-none-eabi/13.3.1/thumb/v7e-m+fp/hard/crtbegin.o
 *(.bss*)
 .bss.uwTick    0x20000034        0x4 cmake/stm32cubemx/CMakeFiles/STM32_Drivers.dir/__/__/Drivers/STM32F4xx_HAL_Driver/Src/stm32f4xx_hal.c.obj
                0x20000034                uwTick
 .bss.htim2     0x20000038       0x48 CMakeFiles/freertos_sysview.dir/Core/Src/stm32f4xx_hal_timebase_tim.c.obj
                0x20000038                htim2
 .bss.ucHeap    0x20000080    0x12c00 CMakeFiles/freertos_sysview.dir/FreeRTOS/portable/MemMang/heap_4.c.obj
 .bss.xStart    0x20012c80        0x8 CMakeFiles/freertos_sysview.dir/FreeRTOS/portable/MemMang/heap_4.c.obj
 .bss.pxEnd     0x20012c88        0x4 CMakeFiles/freertos_sysview.dir/FreeRTOS/portable/MemMang/heap_4.c.obj
 .bss.xFreeBytesRemaining
                0x20012c8c        0x4 CMakeFiles/freertos_sysview.dir/FreeRTOS/portable/MemMang/heap_4.c.obj
 .bss.xMinimumEverFreeBytesRemaining
                0x20012c90        0x4 CMakeFiles/freertos_sysview.dir/FreeRTOS/portable/MemMang/heap_4.c.obj
 .bss.xNumberOfSuccessfulAllocations
                0x20012c94        0x4 CMakeFiles/freertos_sysview.dir/FreeRTOS/portable/MemMang/heap_4.c.obj
 .bss.xNumberOfSuccessfulFrees
                0x20012c98        0x4 CMakeFiles/freertos_sysview.dir/FreeRTOS/portable/MemMang/heap_4.c.obj
 .bss._aTasks   0x20012c9c       0xa0 CMakeFiles/freertos_sysview.dir/Systemview/OS/SEGGER_SYSVIEW_FreeRTOS.c.obj
 .bss._NumTasks
                0x20012d3c        0x4 CMakeFiles/freertos_sysview.dir/Systemview/OS/SEGGER_SYSVIEW_FreeRTOS.c.obj
 .bss._UpBuffer
                0x20012d40     0x1000 CMakeFiles/freertos_sysview.dir/Systemview/SEGGER/SEGGER_SYSVIEW.c.obj
 .bss._DownBuffer
                0x20013d40        0x8 CMakeFiles/freertos_sysview.dir/Systemview/SEGGER/SEGGER_SYSVIEW.c.obj
 .bss._SYSVIEW_Globals
                0x20013d48       0x28 CMakeFiles/freertos_sysview.dir/Systemview/SEGGER/SEGGER_SYSVIEW.c.obj
 .bss._pFirstModule
                0x20013d70        0x4 CMakeFiles/freertos_sysview.dir/Systemview/SEGGER/SEGGER_SYSVIEW.c.obj
 .bss._NumModules
                0x20013d74        0x1 CMakeFiles/freertos_sysview.dir/Systemview/SEGGER/SEGGER_SYSVIEW.c.obj
 *fill*         0x20013d75        0x3 
 .bss._aPacket  0x20013d78       0xe3 CMakeFiles/freertos_sysview.dir/Systemview/SEGGER/SEGGER_SYSVIEW.c.obj
 *fill*         0x20013e5b        0x1 
 .bss._SEGGER_RTT
                0x20013e5c       0xa8 CMakeFiles/freertos_sysview.dir/Systemview/SEGGER/SEGGER_RTT.c.obj
                0x20013e5c                _SEGGER_RTT
 .bss._acUpBuffer
                0x20013f04      0x400 CMakeFiles/freertos_sysview.dir/Systemview/SEGGER/SEGGER_RTT.c.obj
 .bss._acDownBuffer
                0x20014304       0x10 CMakeFiles/freertos_sysview.dir/Systemview/SEGGER/SEGGER_RTT.c.obj
 .bss._cbOnRx   0x20014314        0x4 CMakeFiles/freertos_sysview.dir/Systemview/UART_Recorder/segger_uart.c.obj
 .bss._cbOnTx   0x20014318        0x4 CMakeFiles/freertos_sysview.dir/Systemview/UART_Recorder/segger_uart.c.obj
 .bss.ucMaxSysCallPriority
                0x2001431c        0x1 FreeRTOS/libfreertos_kernel.a(port.c.obj)
 *fill*         0x2001431d        0x3 
 .bss.ulMaxPRIGROUPValue
                0x20014320        0x4 FreeRTOS/libfreertos_kernel.a(port.c.obj)
 .bss.pxCurrentTCB
                0x20014324        0x4 FreeRTOS/libfreertos_kernel.a(tasks.c.obj)
                0x20014324                pxCurrentTCB
 .bss.pxReadyTasksLists
                0x20014328       0x64 FreeRTOS/libfreertos_kernel.a(tasks.c.obj)
 .bss.xDelayedTaskList1
                0x2001438c       0x14 FreeRTOS/libfreertos_kernel.a(tasks.c.obj)
 .bss.xDelayedTaskList2
                0x200143a0       0x14 FreeRTOS/libfreertos_kernel.a(tasks.c.obj)
 .bss.pxDelayedTaskList
                0x200143b4        0x4 FreeRTOS/libfreertos_kernel.a(tasks.c.obj)
 .bss.pxOverflowDelayedTaskList
                0x200143b8        0x4 FreeRTOS/libfreertos_kernel.a(tasks.c.obj)
 .bss.xPendingReadyList
                0x200143bc       0x14 FreeRTOS/libfreertos_kernel.a(tasks.c.obj)
 .bss.xTasksWaitingTermination
                0x200143d0       0x14 FreeRTOS/libfreertos_kernel.a(tasks.c.obj)
 .bss.uxDeletedTasksWaitingCleanUp
                0x200143e4        0x4 FreeRTOS/libfreertos_kernel.a(tasks.c.obj)
 .bss.xSuspendedTaskList
                0x200143e8       0x14 FreeRTOS/libfreertos_kernel.a(tasks.c.obj)
 .bss.uxCurrentNumberOfTasks
                0x200143fc        0x4 FreeRTOS/libfreertos_kernel.a(tasks.c.obj)
 .bss.xTickCount
                0x20014400        0x4 FreeRTOS/libfreertos_kernel.a(tasks.c.obj)
 .bss.uxTopReadyPriority
                0x20014404        0x4 FreeRTOS/libfreertos_kernel.a(tasks.c.obj)
 .bss.xSchedulerRunning
                0x20014408        0x4 FreeRTOS/libfreertos_kernel.a(tasks.c.obj)
 .bss.xPendedTicks
                0x2001440c        0x4 FreeRTOS/libfreertos_kernel.a(tasks.c.obj)
 .bss.xYieldPendings
                0x20014410        0x4 FreeRTOS/libfreertos_kernel.a(tasks.c.obj)
 .bss.xNumOfOverflows
                0x20014414        0x4 FreeRTOS/libfreertos_kernel.a(tasks.c.obj)
 .bss.uxTaskNumber
                0x20014418        0x4 FreeRTOS/libfreertos_kernel.a(tasks.c.obj)
 .bss.xNextTaskUnblockTime
                0x2001441c        0x4 FreeRTOS/libfreertos_kernel.a(tasks.c.obj)
 .bss.xIdleTaskHandles
                0x20014420        0x4 FreeRTOS/libfreertos_kernel.a(tasks.c.obj)
 .bss.uxSchedulerSuspended
                0x20014424        0x4 FreeRTOS/libfreertos_kernel.a(tasks.c.obj)
 .bss.xActiveTimerList1
                0x20014428       0x14 FreeRTOS/libfreertos_kernel.a(timers.c.obj)
 .bss.xActiveTimerList2
                0x2001443c       0x14 FreeRTOS/libfreertos_kernel.a(timers.c.obj)
 .bss.pxCurrentTimerList
                0x20014450        0x4 FreeRTOS/libfreertos_kernel.a(timers.c.obj)
 .bss.pxOverflowTimerList
                0x20014454        0x4 FreeRTOS/libfreertos_kernel.a(timers.c.obj)
 .bss.xTimerQueue
                0x20014458        0x4 FreeRTOS/libfreertos_kernel.a(timers.c.obj)
 .bss.xTimerTaskHandle
                0x2001445c        0x4 FreeRTOS/libfreertos_kernel.a(timers.c.obj)
 .bss.xLastTime.0
                0x20014460        0x4 FreeRTOS/libfreertos_kernel.a(timers.c.obj)
 .bss.xQueueRegistry
                0x20014464       0x40 FreeRTOS/libfreertos_kernel.a(queue.c.obj)
                0x20014464                xQueueRegistry
 *(COMMON)
                0x200144a4                        . = ALIGN (0x4)
                0x200144a4                        _ebss = .
                0x200144a4                        __bss_end__ = _ebss

._user_heap_stack
                0x200144a4      0x604 load address 0x08007048
                0x200144a8                        . = ALIGN (0x8)
 *fill*         0x200144a4        0x4 
                [!provide]                        PROVIDE (end = .)
                0x200144a8                        PROVIDE (_end = .)
                0x200146a8                        . = (. + _Min_Heap_Size)
 *fill*         0x200144a8      0x200 
                0x20014aa8                        . = (. + _Min_Stack_Size)
 *fill*         0x200146a8      0x400 
                0x20014aa8                        . = ALIGN (0x8)

/DISCARD/
 libc.a(*)
 libm.a(*)
 libgcc.a(*)
OUTPUT(freertos_sysview.elf elf32-littlearm)
LOAD linker stubs
LOAD /opt/st/stm32cubeclt_1.18.0/GNU-tools-for-STM32/bin/../lib/gcc/arm-none-eabi/13.3.1/../../../../arm-none-eabi/lib/thumb/v7e-m+fp/hard/libc.a
LOAD /opt/st/stm32cubeclt_1.18.0/GNU-tools-for-STM32/bin/../lib/gcc/arm-none-eabi/13.3.1/../../../../arm-none-eabi/lib/thumb/v7e-m+fp/hard/libm.a
LOAD /opt/st/stm32cubeclt_1.18.0/GNU-tools-for-STM32/bin/../lib/gcc/arm-none-eabi/13.3.1/thumb/v7e-m+fp/hard/libgcc.a

.ARM.attributes
                0x00000000       0x30
 .ARM.attributes
                0x00000000       0x22 /opt/st/stm32cubeclt_1.18.0/GNU-tools-for-STM32/bin/../lib/gcc/arm-none-eabi/13.3.1/thumb/v7e-m+fp/hard/crti.o
 .ARM.attributes
                0x00000022       0x34 /opt/st/stm32cubeclt_1.18.0/GNU-tools-for-STM32/bin/../lib/gcc/arm-none-eabi/13.3.1/thumb/v7e-m+fp/hard/crtbegin.o
 .ARM.attributes
                0x00000056       0x34 /opt/st/stm32cubeclt_1.18.0/GNU-tools-for-STM32/bin/../lib/gcc/arm-none-eabi/13.3.1/../../../../arm-none-eabi/lib/thumb/v7e-m+fp/hard/libc_nano.a(libc_a-memset.o)
 .ARM.attributes
                0x0000008a       0x34 /opt/st/stm32cubeclt_1.18.0/GNU-tools-for-STM32/bin/../lib/gcc/arm-none-eabi/13.3.1/../../../../arm-none-eabi/lib/thumb/v7e-m+fp/hard/libc_nano.a(libc_a-init.o)
 .ARM.attributes
                0x000000be       0x34 cmake/stm32cubemx/CMakeFiles/STM32_Drivers.dir/__/__/Core/Src/system_stm32f4xx.c.obj
 .ARM.attributes
                0x000000f2       0x34 cmake/stm32cubemx/CMakeFiles/STM32_Drivers.dir/__/__/Drivers/STM32F4xx_HAL_Driver/Src/stm32f4xx_hal_tim.c.obj
 .ARM.attributes
                0x00000126       0x34 cmake/stm32cubemx/CMakeFiles/STM32_Drivers.dir/__/__/Drivers/STM32F4xx_HAL_Driver/Src/stm32f4xx_hal_tim_ex.c.obj
 .ARM.attributes
                0x0000015a       0x34 cmake/stm32cubemx/CMakeFiles/STM32_Drivers.dir/__/__/Drivers/STM32F4xx_HAL_Driver/Src/stm32f4xx_hal_rcc.c.obj
 .ARM.attributes
                0x0000018e       0x34 cmake/stm32cubemx/CMakeFiles/STM32_Drivers.dir/__/__/Drivers/STM32F4xx_HAL_Driver/Src/stm32f4xx_hal_gpio.c.obj
 .ARM.attributes
                0x000001c2       0x34 cmake/stm32cubemx/CMakeFiles/STM32_Drivers.dir/__/__/Drivers/STM32F4xx_HAL_Driver/Src/stm32f4xx_hal_cortex.c.obj
 .ARM.attributes
                0x000001f6       0x34 cmake/stm32cubemx/CMakeFiles/STM32_Drivers.dir/__/__/Drivers/STM32F4xx_HAL_Driver/Src/stm32f4xx_hal.c.obj
 .ARM.attributes
                0x0000022a       0x34 CMakeFiles/freertos_sysview.dir/Core/Src/main.c.obj
 .ARM.attributes
                0x0000025e       0x34 CMakeFiles/freertos_sysview.dir/Core/Src/stm32f4xx_it.c.obj
 .ARM.attributes
                0x00000292       0x34 CMakeFiles/freertos_sysview.dir/Core/Src/stm32f4xx_hal_msp.c.obj
 .ARM.attributes
                0x000002c6       0x34 CMakeFiles/freertos_sysview.dir/Core/Src/stm32f4xx_hal_timebase_tim.c.obj
 .ARM.attributes
                0x000002fa       0x21 CMakeFiles/freertos_sysview.dir/startup_stm32f401xe.s.obj
 .ARM.attributes
                0x0000031b       0x34 CMakeFiles/freertos_sysview.dir/FreeRTOS/portable/MemMang/heap_4.c.obj
 .ARM.attributes
                0x0000034f       0x34 CMakeFiles/freertos_sysview.dir/Systemview/Config/SEGGER_SYSVIEW_Config_FreeRTOS.c.obj
 .ARM.attributes
                0x00000383       0x34 CMakeFiles/freertos_sysview.dir/Systemview/OS/SEGGER_SYSVIEW_FreeRTOS.c.obj
 .ARM.attributes
                0x000003b7       0x34 CMakeFiles/freertos_sysview.dir/Systemview/SEGGER/SEGGER_SYSVIEW.c.obj
 .ARM.attributes
                0x000003eb       0x34 CMakeFiles/freertos_sysview.dir/Systemview/SEGGER/SEGGER_RTT.c.obj
 .ARM.attributes
                0x0000041f       0x34 CMakeFiles/freertos_sysview.dir/Systemview/UART_Recorder/segger_uart.c.obj
 .ARM.attributes
                0x00000453       0x20 CMakeFiles/freertos_sysview.dir/Systemview/SEGGER/SEGGER_RTT_ASM_ARMv7M.S.obj
 .ARM.attributes
                0x00000473       0x34 FreeRTOS/libfreertos_kernel.a(port.c.obj)
 .ARM.attributes
                0x000004a7       0x34 FreeRTOS/libfreertos_kernel.a(tasks.c.obj)
 .ARM.attributes
                0x000004db       0x34 FreeRTOS/libfreertos_kernel.a(timers.c.obj)
 .ARM.attributes
                0x0000050f       0x34 FreeRTOS/libfreertos_kernel.a(list.c.obj)
 .ARM.attributes
                0x00000543       0x34 FreeRTOS/libfreertos_kernel.a(queue.c.obj)
 .ARM.attributes
                0x00000577       0x22 /opt/st/stm32cubeclt_1.18.0/GNU-tools-for-STM32/bin/../lib/gcc/arm-none-eabi/13.3.1/thumb/v7e-m+fp/hard/libgcc.a(_aeabi_uldivmod.o)
 .ARM.attributes
                0x00000599       0x34 /opt/st/stm32cubeclt_1.18.0/GNU-tools-for-STM32/bin/../lib/gcc/arm-none-eabi/13.3.1/thumb/v7e-m+fp/hard/libgcc.a(_udivmoddi4.o)
 .ARM.attributes
                0x000005cd       0x22 /opt/st/stm32cubeclt_1.18.0/GNU-tools-for-STM32/bin/../lib/gcc/arm-none-eabi/13.3.1/thumb/v7e-m+fp/hard/libgcc.a(_dvmd_tls.o)
 .ARM.attributes
                0x000005ef       0x34 /opt/st/stm32cubeclt_1.18.0/GNU-tools-for-STM32/bin/../lib/gcc/arm-none-eabi/13.3.1/../../../../arm-none-eabi/lib/thumb/v7e-m+fp/hard/libg_nano.a(libc_a-memcmp.o)
 .ARM.attributes
                0x00000623       0x34 /opt/st/stm32cubeclt_1.18.0/GNU-tools-for-STM32/bin/../lib/gcc/arm-none-eabi/13.3.1/../../../../arm-none-eabi/lib/thumb/v7e-m+fp/hard/libg_nano.a(libc_a-memcpy-stub.o)
 .ARM.attributes
                0x00000657       0x22 /opt/st/stm32cubeclt_1.18.0/GNU-tools-for-STM32/bin/../lib/gcc/arm-none-eabi/13.3.1/thumb/v7e-m+fp/hard/crtn.o

.comment        0x00000000       0x43
 .comment       0x00000000       0x43 cmake/stm32cubemx/CMakeFiles/STM32_Drivers.dir/__/__/Core/Src/system_stm32f4xx.c.obj
                                 0x44 (size before relaxing)
 .comment       0x00000043       0x44 cmake/stm32cubemx/CMakeFiles/STM32_Drivers.dir/__/__/Drivers/STM32F4xx_HAL_Driver/Src/stm32f4xx_hal_tim.c.obj
 .comment       0x00000043       0x44 cmake/stm32cubemx/CMakeFiles/STM32_Drivers.dir/__/__/Drivers/STM32F4xx_HAL_Driver/Src/stm32f4xx_hal_tim_ex.c.obj
 .comment       0x00000043       0x44 cmake/stm32cubemx/CMakeFiles/STM32_Drivers.dir/__/__/Drivers/STM32F4xx_HAL_Driver/Src/stm32f4xx_hal_rcc.c.obj
 .comment       0x00000043       0x44 cmake/stm32cubemx/CMakeFiles/STM32_Drivers.dir/__/__/Drivers/STM32F4xx_HAL_Driver/Src/stm32f4xx_hal_gpio.c.obj
 .comment       0x00000043       0x44 cmake/stm32cubemx/CMakeFiles/STM32_Drivers.dir/__/__/Drivers/STM32F4xx_HAL_Driver/Src/stm32f4xx_hal_cortex.c.obj
 .comment       0x00000043       0x44 cmake/stm32cubemx/CMakeFiles/STM32_Drivers.dir/__/__/Drivers/STM32F4xx_HAL_Driver/Src/stm32f4xx_hal.c.obj
 .comment       0x00000043       0x44 CMakeFiles/freertos_sysview.dir/Core/Src/main.c.obj
 .comment       0x00000043       0x44 CMakeFiles/freertos_sysview.dir/Core/Src/stm32f4xx_it.c.obj
 .comment       0x00000043       0x44 CMakeFiles/freertos_sysview.dir/Core/Src/stm32f4xx_hal_msp.c.obj
 .comment       0x00000043       0x44 CMakeFiles/freertos_sysview.dir/Core/Src/stm32f4xx_hal_timebase_tim.c.obj
 .comment       0x00000043       0x44 CMakeFiles/freertos_sysview.dir/FreeRTOS/portable/MemMang/heap_4.c.obj
 .comment       0x00000043       0x44 CMakeFiles/freertos_sysview.dir/Systemview/Config/SEGGER_SYSVIEW_Config_FreeRTOS.c.obj
 .comment       0x00000043       0x44 CMakeFiles/freertos_sysview.dir/Systemview/OS/SEGGER_SYSVIEW_FreeRTOS.c.obj
 .comment       0x00000043       0x44 CMakeFiles/freertos_sysview.dir/Systemview/SEGGER/SEGGER_SYSVIEW.c.obj
 .comment       0x00000043       0x44 CMakeFiles/freertos_sysview.dir/Systemview/SEGGER/SEGGER_RTT.c.obj
 .comment       0x00000043       0x44 CMakeFiles/freertos_sysview.dir/Systemview/UART_Recorder/segger_uart.c.obj
 .comment       0x00000043       0x44 FreeRTOS/libfreertos_kernel.a(port.c.obj)
 .comment       0x00000043       0x44 FreeRTOS/libfreertos_kernel.a(tasks.c.obj)
 .comment       0x00000043       0x44 FreeRTOS/libfreertos_kernel.a(timers.c.obj)
 .comment       0x00000043       0x44 FreeRTOS/libfreertos_kernel.a(list.c.obj)
 .comment       0x00000043       0x44 FreeRTOS/libfreertos_kernel.a(queue.c.obj)
 .comment       0x00000043       0x44 /opt/st/stm32cubeclt_1.18.0/GNU-tools-for-STM32/bin/../lib/gcc/arm-none-eabi/13.3.1/../../../../arm-none-eabi/lib/thumb/v7e-m+fp/hard/libg_nano.a(libc_a-memcmp.o)
 .comment       0x00000043       0x44 /opt/st/stm32cubeclt_1.18.0/GNU-tools-for-STM32/bin/../lib/gcc/arm-none-eabi/13.3.1/../../../../arm-none-eabi/lib/thumb/v7e-m+fp/hard/libg_nano.a(libc_a-memcpy-stub.o)

.debug_frame    0x00000000     0x5464
 .debug_frame   0x00000000       0x20 /opt/st/stm32cubeclt_1.18.0/GNU-tools-for-STM32/bin/../lib/gcc/arm-none-eabi/13.3.1/../../../../arm-none-eabi/lib/thumb/v7e-m+fp/hard/libc_nano.a(libc_a-memset.o)
 .debug_frame   0x00000020       0x2c /opt/st/stm32cubeclt_1.18.0/GNU-tools-for-STM32/bin/../lib/gcc/arm-none-eabi/13.3.1/../../../../arm-none-eabi/lib/thumb/v7e-m+fp/hard/libc_nano.a(libc_a-init.o)
 .debug_frame   0x0000004c       0x58 cmake/stm32cubemx/CMakeFiles/STM32_Drivers.dir/__/__/Core/Src/system_stm32f4xx.c.obj
 .debug_frame   0x000000a4     0x11b8 cmake/stm32cubemx/CMakeFiles/STM32_Drivers.dir/__/__/Drivers/STM32F4xx_HAL_Driver/Src/stm32f4xx_hal_tim.c.obj
 .debug_frame   0x0000125c      0x638 cmake/stm32cubemx/CMakeFiles/STM32_Drivers.dir/__/__/Drivers/STM32F4xx_HAL_Driver/Src/stm32f4xx_hal_tim_ex.c.obj
 .debug_frame   0x00001894      0x1f4 cmake/stm32cubemx/CMakeFiles/STM32_Drivers.dir/__/__/Drivers/STM32F4xx_HAL_Driver/Src/stm32f4xx_hal_rcc.c.obj
 .debug_frame   0x00001a88      0x14c cmake/stm32cubemx/CMakeFiles/STM32_Drivers.dir/__/__/Drivers/STM32F4xx_HAL_Driver/Src/stm32f4xx_hal_gpio.c.obj
 .debug_frame   0x00001bd4      0x508 cmake/stm32cubemx/CMakeFiles/STM32_Drivers.dir/__/__/Drivers/STM32F4xx_HAL_Driver/Src/stm32f4xx_hal_cortex.c.obj
 .debug_frame   0x000020dc      0x374 cmake/stm32cubemx/CMakeFiles/STM32_Drivers.dir/__/__/Drivers/STM32F4xx_HAL_Driver/Src/stm32f4xx_hal.c.obj
 .debug_frame   0x00002450       0xf4 CMakeFiles/freertos_sysview.dir/Core/Src/main.c.obj
 .debug_frame   0x00002544       0xc4 CMakeFiles/freertos_sysview.dir/Core/Src/stm32f4xx_it.c.obj
 .debug_frame   0x00002608       0x5c CMakeFiles/freertos_sysview.dir/Core/Src/stm32f4xx_hal_msp.c.obj
 .debug_frame   0x00002664       0x74 CMakeFiles/freertos_sysview.dir/Core/Src/stm32f4xx_hal_timebase_tim.c.obj
 .debug_frame   0x000026d8      0x174 CMakeFiles/freertos_sysview.dir/FreeRTOS/portable/MemMang/heap_4.c.obj
 .debug_frame   0x0000284c       0x48 CMakeFiles/freertos_sysview.dir/Systemview/Config/SEGGER_SYSVIEW_Config_FreeRTOS.c.obj
 .debug_frame   0x00002894      0x104 CMakeFiles/freertos_sysview.dir/Systemview/OS/SEGGER_SYSVIEW_FreeRTOS.c.obj
 .debug_frame   0x00002998      0xe10 CMakeFiles/freertos_sysview.dir/Systemview/SEGGER/SEGGER_SYSVIEW.c.obj
 .debug_frame   0x000037a8      0x52c CMakeFiles/freertos_sysview.dir/Systemview/SEGGER/SEGGER_RTT.c.obj
 .debug_frame   0x00003cd4      0x178 CMakeFiles/freertos_sysview.dir/Systemview/UART_Recorder/segger_uart.c.obj
 .debug_frame   0x00003e4c      0x1a8 FreeRTOS/libfreertos_kernel.a(port.c.obj)
 .debug_frame   0x00003ff4      0x9ac FreeRTOS/libfreertos_kernel.a(tasks.c.obj)
 .debug_frame   0x000049a0      0x3f4 FreeRTOS/libfreertos_kernel.a(timers.c.obj)
 .debug_frame   0x00004d94       0xc4 FreeRTOS/libfreertos_kernel.a(list.c.obj)
 .debug_frame   0x00004e58      0x55c FreeRTOS/libfreertos_kernel.a(queue.c.obj)
 .debug_frame   0x000053b4       0x2c /opt/st/stm32cubeclt_1.18.0/GNU-tools-for-STM32/bin/../lib/gcc/arm-none-eabi/13.3.1/thumb/v7e-m+fp/hard/libgcc.a(_aeabi_uldivmod.o)
 .debug_frame   0x000053e0       0x34 /opt/st/stm32cubeclt_1.18.0/GNU-tools-for-STM32/bin/../lib/gcc/arm-none-eabi/13.3.1/thumb/v7e-m+fp/hard/libgcc.a(_udivmoddi4.o)
 .debug_frame   0x00005414       0x28 /opt/st/stm32cubeclt_1.18.0/GNU-tools-for-STM32/bin/../lib/gcc/arm-none-eabi/13.3.1/../../../../arm-none-eabi/lib/thumb/v7e-m+fp/hard/libg_nano.a(libc_a-memcmp.o)
 .debug_frame   0x0000543c       0x28 /opt/st/stm32cubeclt_1.18.0/GNU-tools-for-STM32/bin/../lib/gcc/arm-none-eabi/13.3.1/../../../../arm-none-eabi/lib/thumb/v7e-m+fp/hard/libg_nano.a(libc_a-memcpy-stub.o)

.debug_info     0x00000000    0x156de
 .debug_info    0x00000000      0x53e cmake/stm32cubemx/CMakeFiles/STM32_Drivers.dir/__/__/Core/Src/system_stm32f4xx.c.obj
 .debug_info    0x0000053e     0x2996 cmake/stm32cubemx/CMakeFiles/STM32_Drivers.dir/__/__/Drivers/STM32F4xx_HAL_Driver/Src/stm32f4xx_hal_tim.c.obj
 .debug_info    0x00002ed4     0x14d4 cmake/stm32cubemx/CMakeFiles/STM32_Drivers.dir/__/__/Drivers/STM32F4xx_HAL_Driver/Src/stm32f4xx_hal_tim_ex.c.obj
 .debug_info    0x000043a8      0x905 cmake/stm32cubemx/CMakeFiles/STM32_Drivers.dir/__/__/Drivers/STM32F4xx_HAL_Driver/Src/stm32f4xx_hal_rcc.c.obj
 .debug_info    0x00004cad      0x6f9 cmake/stm32cubemx/CMakeFiles/STM32_Drivers.dir/__/__/Drivers/STM32F4xx_HAL_Driver/Src/stm32f4xx_hal_gpio.c.obj
 .debug_info    0x000053a6      0xcf6 cmake/stm32cubemx/CMakeFiles/STM32_Drivers.dir/__/__/Drivers/STM32F4xx_HAL_Driver/Src/stm32f4xx_hal_cortex.c.obj
 .debug_info    0x0000609c      0x8bb cmake/stm32cubemx/CMakeFiles/STM32_Drivers.dir/__/__/Drivers/STM32F4xx_HAL_Driver/Src/stm32f4xx_hal.c.obj
 .debug_info    0x00006957      0xe59 CMakeFiles/freertos_sysview.dir/Core/Src/main.c.obj
 .debug_info    0x000077b0      0x6a4 CMakeFiles/freertos_sysview.dir/Core/Src/stm32f4xx_it.c.obj
 .debug_info    0x00007e54      0x4f2 CMakeFiles/freertos_sysview.dir/Core/Src/stm32f4xx_hal_msp.c.obj
 .debug_info    0x00008346      0xb7d CMakeFiles/freertos_sysview.dir/Core/Src/stm32f4xx_hal_timebase_tim.c.obj
 .debug_info    0x00008ec3       0x30 CMakeFiles/freertos_sysview.dir/startup_stm32f401xe.s.obj
 .debug_info    0x00008ef3      0x5e0 CMakeFiles/freertos_sysview.dir/FreeRTOS/portable/MemMang/heap_4.c.obj
 .debug_info    0x000094d3      0x182 CMakeFiles/freertos_sysview.dir/Systemview/Config/SEGGER_SYSVIEW_Config_FreeRTOS.c.obj
 .debug_info    0x00009655      0x42a CMakeFiles/freertos_sysview.dir/Systemview/OS/SEGGER_SYSVIEW_FreeRTOS.c.obj
 .debug_info    0x00009a7f     0x4352 CMakeFiles/freertos_sysview.dir/Systemview/SEGGER/SEGGER_SYSVIEW.c.obj
 .debug_info    0x0000ddd1     0x14d5 CMakeFiles/freertos_sysview.dir/Systemview/SEGGER/SEGGER_RTT.c.obj
 .debug_info    0x0000f2a6      0x81b CMakeFiles/freertos_sysview.dir/Systemview/UART_Recorder/segger_uart.c.obj
 .debug_info    0x0000fac1       0x25 CMakeFiles/freertos_sysview.dir/Systemview/SEGGER/SEGGER_RTT_ASM_ARMv7M.S.obj
 .debug_info    0x0000fae6      0x5a3 FreeRTOS/libfreertos_kernel.a(port.c.obj)
 .debug_info    0x00010089     0x2915 FreeRTOS/libfreertos_kernel.a(tasks.c.obj)
 .debug_info    0x0001299e      0xf50 FreeRTOS/libfreertos_kernel.a(timers.c.obj)
 .debug_info    0x000138ee      0x2d8 FreeRTOS/libfreertos_kernel.a(list.c.obj)
 .debug_info    0x00013bc6     0x18f3 FreeRTOS/libfreertos_kernel.a(queue.c.obj)
 .debug_info    0x000154b9      0x104 /opt/st/stm32cubeclt_1.18.0/GNU-tools-for-STM32/bin/../lib/gcc/arm-none-eabi/13.3.1/../../../../arm-none-eabi/lib/thumb/v7e-m+fp/hard/libg_nano.a(libc_a-memcmp.o)
 .debug_info    0x000155bd      0x121 /opt/st/stm32cubeclt_1.18.0/GNU-tools-for-STM32/bin/../lib/gcc/arm-none-eabi/13.3.1/../../../../arm-none-eabi/lib/thumb/v7e-m+fp/hard/libg_nano.a(libc_a-memcpy-stub.o)

.debug_abbrev   0x00000000     0x32e5
 .debug_abbrev  0x00000000      0x11a cmake/stm32cubemx/CMakeFiles/STM32_Drivers.dir/__/__/Core/Src/system_stm32f4xx.c.obj
 .debug_abbrev  0x0000011a      0x28b cmake/stm32cubemx/CMakeFiles/STM32_Drivers.dir/__/__/Drivers/STM32F4xx_HAL_Driver/Src/stm32f4xx_hal_tim.c.obj
 .debug_abbrev  0x000003a5      0x296 cmake/stm32cubemx/CMakeFiles/STM32_Drivers.dir/__/__/Drivers/STM32F4xx_HAL_Driver/Src/stm32f4xx_hal_tim_ex.c.obj
 .debug_abbrev  0x0000063b      0x2b6 cmake/stm32cubemx/CMakeFiles/STM32_Drivers.dir/__/__/Drivers/STM32F4xx_HAL_Driver/Src/stm32f4xx_hal_rcc.c.obj
 .debug_abbrev  0x000008f1      0x1d3 cmake/stm32cubemx/CMakeFiles/STM32_Drivers.dir/__/__/Drivers/STM32F4xx_HAL_Driver/Src/stm32f4xx_hal_gpio.c.obj
 .debug_abbrev  0x00000ac4      0x31d cmake/stm32cubemx/CMakeFiles/STM32_Drivers.dir/__/__/Drivers/STM32F4xx_HAL_Driver/Src/stm32f4xx_hal_cortex.c.obj
 .debug_abbrev  0x00000de1      0x24b cmake/stm32cubemx/CMakeFiles/STM32_Drivers.dir/__/__/Drivers/STM32F4xx_HAL_Driver/Src/stm32f4xx_hal.c.obj
 .debug_abbrev  0x0000102c      0x2b8 CMakeFiles/freertos_sysview.dir/Core/Src/main.c.obj
 .debug_abbrev  0x000012e4      0x190 CMakeFiles/freertos_sysview.dir/Core/Src/stm32f4xx_it.c.obj
 .debug_abbrev  0x00001474      0x11a CMakeFiles/freertos_sysview.dir/Core/Src/stm32f4xx_hal_msp.c.obj
 .debug_abbrev  0x0000158e      0x207 CMakeFiles/freertos_sysview.dir/Core/Src/stm32f4xx_hal_timebase_tim.c.obj
 .debug_abbrev  0x00001795       0x24 CMakeFiles/freertos_sysview.dir/startup_stm32f401xe.s.obj
 .debug_abbrev  0x000017b9      0x25a CMakeFiles/freertos_sysview.dir/FreeRTOS/portable/MemMang/heap_4.c.obj
 .debug_abbrev  0x00001a13       0xee CMakeFiles/freertos_sysview.dir/Systemview/Config/SEGGER_SYSVIEW_Config_FreeRTOS.c.obj
 .debug_abbrev  0x00001b01      0x1c0 CMakeFiles/freertos_sysview.dir/Systemview/OS/SEGGER_SYSVIEW_FreeRTOS.c.obj
 .debug_abbrev  0x00001cc1      0x353 CMakeFiles/freertos_sysview.dir/Systemview/SEGGER/SEGGER_SYSVIEW.c.obj
 .debug_abbrev  0x00002014      0x230 CMakeFiles/freertos_sysview.dir/Systemview/SEGGER/SEGGER_RTT.c.obj
 .debug_abbrev  0x00002244      0x28a CMakeFiles/freertos_sysview.dir/Systemview/UART_Recorder/segger_uart.c.obj
 .debug_abbrev  0x000024ce       0x14 CMakeFiles/freertos_sysview.dir/Systemview/SEGGER/SEGGER_RTT_ASM_ARMv7M.S.obj
 .debug_abbrev  0x000024e2      0x248 FreeRTOS/libfreertos_kernel.a(port.c.obj)
 .debug_abbrev  0x0000272a      0x3a1 FreeRTOS/libfreertos_kernel.a(tasks.c.obj)
 .debug_abbrev  0x00002acb      0x2b8 FreeRTOS/libfreertos_kernel.a(timers.c.obj)
 .debug_abbrev  0x00002d83      0x10c FreeRTOS/libfreertos_kernel.a(list.c.obj)
 .debug_abbrev  0x00002e8f      0x305 FreeRTOS/libfreertos_kernel.a(queue.c.obj)
 .debug_abbrev  0x00003194       0x90 /opt/st/stm32cubeclt_1.18.0/GNU-tools-for-STM32/bin/../lib/gcc/arm-none-eabi/13.3.1/../../../../arm-none-eabi/lib/thumb/v7e-m+fp/hard/libg_nano.a(libc_a-memcmp.o)
 .debug_abbrev  0x00003224       0xc1 /opt/st/stm32cubeclt_1.18.0/GNU-tools-for-STM32/bin/../lib/gcc/arm-none-eabi/13.3.1/../../../../arm-none-eabi/lib/thumb/v7e-m+fp/hard/libg_nano.a(libc_a-memcpy-stub.o)

.debug_aranges  0x00000000     0x1488
 .debug_aranges
                0x00000000       0x28 cmake/stm32cubemx/CMakeFiles/STM32_Drivers.dir/__/__/Core/Src/system_stm32f4xx.c.obj
 .debug_aranges
                0x00000028      0x3d0 cmake/stm32cubemx/CMakeFiles/STM32_Drivers.dir/__/__/Drivers/STM32F4xx_HAL_Driver/Src/stm32f4xx_hal_tim.c.obj
 .debug_aranges
                0x000003f8      0x168 cmake/stm32cubemx/CMakeFiles/STM32_Drivers.dir/__/__/Drivers/STM32F4xx_HAL_Driver/Src/stm32f4xx_hal_tim_ex.c.obj
 .debug_aranges
                0x00000560       0x88 cmake/stm32cubemx/CMakeFiles/STM32_Drivers.dir/__/__/Drivers/STM32F4xx_HAL_Driver/Src/stm32f4xx_hal_rcc.c.obj
 .debug_aranges
                0x000005e8       0x58 cmake/stm32cubemx/CMakeFiles/STM32_Drivers.dir/__/__/Drivers/STM32F4xx_HAL_Driver/Src/stm32f4xx_hal_gpio.c.obj
 .debug_aranges
                0x00000640      0x130 cmake/stm32cubemx/CMakeFiles/STM32_Drivers.dir/__/__/Drivers/STM32F4xx_HAL_Driver/Src/stm32f4xx_hal_cortex.c.obj
 .debug_aranges
                0x00000770       0xf0 cmake/stm32cubemx/CMakeFiles/STM32_Drivers.dir/__/__/Drivers/STM32F4xx_HAL_Driver/Src/stm32f4xx_hal.c.obj
 .debug_aranges
                0x00000860       0x50 CMakeFiles/freertos_sysview.dir/Core/Src/main.c.obj
 .debug_aranges
                0x000008b0       0x50 CMakeFiles/freertos_sysview.dir/Core/Src/stm32f4xx_it.c.obj
 .debug_aranges
                0x00000900       0x28 CMakeFiles/freertos_sysview.dir/Core/Src/stm32f4xx_hal_msp.c.obj
 .debug_aranges
                0x00000928       0x30 CMakeFiles/freertos_sysview.dir/Core/Src/stm32f4xx_hal_timebase_tim.c.obj
 .debug_aranges
                0x00000958       0x28 CMakeFiles/freertos_sysview.dir/startup_stm32f401xe.s.obj
 .debug_aranges
                0x00000980       0x68 CMakeFiles/freertos_sysview.dir/FreeRTOS/portable/MemMang/heap_4.c.obj
 .debug_aranges
                0x000009e8       0x28 CMakeFiles/freertos_sysview.dir/Systemview/Config/SEGGER_SYSVIEW_Config_FreeRTOS.c.obj
 .debug_aranges
                0x00000a10       0x48 CMakeFiles/freertos_sysview.dir/Systemview/OS/SEGGER_SYSVIEW_FreeRTOS.c.obj
 .debug_aranges
                0x00000a58      0x300 CMakeFiles/freertos_sysview.dir/Systemview/SEGGER/SEGGER_SYSVIEW.c.obj
 .debug_aranges
                0x00000d58      0x138 CMakeFiles/freertos_sysview.dir/Systemview/SEGGER/SEGGER_RTT.c.obj
 .debug_aranges
                0x00000e90       0x68 CMakeFiles/freertos_sysview.dir/Systemview/UART_Recorder/segger_uart.c.obj
 .debug_aranges
                0x00000ef8       0x20 CMakeFiles/freertos_sysview.dir/Systemview/SEGGER/SEGGER_RTT_ASM_ARMv7M.S.obj
 .debug_aranges
                0x00000f18       0x80 FreeRTOS/libfreertos_kernel.a(port.c.obj)
 .debug_aranges
                0x00000f98      0x238 FreeRTOS/libfreertos_kernel.a(tasks.c.obj)
 .debug_aranges
                0x000011d0       0xf8 FreeRTOS/libfreertos_kernel.a(timers.c.obj)
 .debug_aranges
                0x000012c8       0x40 FreeRTOS/libfreertos_kernel.a(list.c.obj)
 .debug_aranges
                0x00001308      0x140 FreeRTOS/libfreertos_kernel.a(queue.c.obj)
 .debug_aranges
                0x00001448       0x20 /opt/st/stm32cubeclt_1.18.0/GNU-tools-for-STM32/bin/../lib/gcc/arm-none-eabi/13.3.1/../../../../arm-none-eabi/lib/thumb/v7e-m+fp/hard/libg_nano.a(libc_a-memcmp.o)
 .debug_aranges
                0x00001468       0x20 /opt/st/stm32cubeclt_1.18.0/GNU-tools-for-STM32/bin/../lib/gcc/arm-none-eabi/13.3.1/../../../../arm-none-eabi/lib/thumb/v7e-m+fp/hard/libg_nano.a(libc_a-memcpy-stub.o)

.debug_rnglists
                0x00000000      0xfbc
 .debug_rnglists
                0x00000000       0x1a cmake/stm32cubemx/CMakeFiles/STM32_Drivers.dir/__/__/Core/Src/system_stm32f4xx.c.obj
 .debug_rnglists
                0x0000001a      0x31a cmake/stm32cubemx/CMakeFiles/STM32_Drivers.dir/__/__/Drivers/STM32F4xx_HAL_Driver/Src/stm32f4xx_hal_tim.c.obj
 .debug_rnglists
                0x00000334      0x125 cmake/stm32cubemx/CMakeFiles/STM32_Drivers.dir/__/__/Drivers/STM32F4xx_HAL_Driver/Src/stm32f4xx_hal_tim_ex.c.obj
 .debug_rnglists
                0x00000459       0x66 cmake/stm32cubemx/CMakeFiles/STM32_Drivers.dir/__/__/Drivers/STM32F4xx_HAL_Driver/Src/stm32f4xx_hal_rcc.c.obj
 .debug_rnglists
                0x000004bf       0x3f cmake/stm32cubemx/CMakeFiles/STM32_Drivers.dir/__/__/Drivers/STM32F4xx_HAL_Driver/Src/stm32f4xx_hal_gpio.c.obj
 .debug_rnglists
                0x000004fe       0xe0 cmake/stm32cubemx/CMakeFiles/STM32_Drivers.dir/__/__/Drivers/STM32F4xx_HAL_Driver/Src/stm32f4xx_hal_cortex.c.obj
 .debug_rnglists
                0x000005de       0xaf cmake/stm32cubemx/CMakeFiles/STM32_Drivers.dir/__/__/Drivers/STM32F4xx_HAL_Driver/Src/stm32f4xx_hal.c.obj
 .debug_rnglists
                0x0000068d       0x39 CMakeFiles/freertos_sysview.dir/Core/Src/main.c.obj
 .debug_rnglists
                0x000006c6       0x37 CMakeFiles/freertos_sysview.dir/Core/Src/stm32f4xx_it.c.obj
 .debug_rnglists
                0x000006fd       0x19 CMakeFiles/freertos_sysview.dir/Core/Src/stm32f4xx_hal_msp.c.obj
 .debug_rnglists
                0x00000716       0x20 CMakeFiles/freertos_sysview.dir/Core/Src/stm32f4xx_hal_timebase_tim.c.obj
 .debug_rnglists
                0x00000736       0x19 CMakeFiles/freertos_sysview.dir/startup_stm32f401xe.s.obj
 .debug_rnglists
                0x0000074f       0x4e CMakeFiles/freertos_sysview.dir/FreeRTOS/portable/MemMang/heap_4.c.obj
 .debug_rnglists
                0x0000079d       0x19 CMakeFiles/freertos_sysview.dir/Systemview/Config/SEGGER_SYSVIEW_Config_FreeRTOS.c.obj
 .debug_rnglists
                0x000007b6       0x36 CMakeFiles/freertos_sysview.dir/Systemview/OS/SEGGER_SYSVIEW_FreeRTOS.c.obj
 .debug_rnglists
                0x000007ec      0x268 CMakeFiles/freertos_sysview.dir/Systemview/SEGGER/SEGGER_SYSVIEW.c.obj
 .debug_rnglists
                0x00000a54       0xf5 CMakeFiles/freertos_sysview.dir/Systemview/SEGGER/SEGGER_RTT.c.obj
 .debug_rnglists
                0x00000b49       0x4b CMakeFiles/freertos_sysview.dir/Systemview/UART_Recorder/segger_uart.c.obj
 .debug_rnglists
                0x00000b94       0x5d FreeRTOS/libfreertos_kernel.a(port.c.obj)
 .debug_rnglists
                0x00000bf1      0x1c8 FreeRTOS/libfreertos_kernel.a(tasks.c.obj)
 .debug_rnglists
                0x00000db9       0xba FreeRTOS/libfreertos_kernel.a(timers.c.obj)
 .debug_rnglists
                0x00000e73       0x2b FreeRTOS/libfreertos_kernel.a(list.c.obj)
 .debug_rnglists
                0x00000e9e       0xf8 FreeRTOS/libfreertos_kernel.a(queue.c.obj)
 .debug_rnglists
                0x00000f96       0x13 /opt/st/stm32cubeclt_1.18.0/GNU-tools-for-STM32/bin/../lib/gcc/arm-none-eabi/13.3.1/../../../../arm-none-eabi/lib/thumb/v7e-m+fp/hard/libg_nano.a(libc_a-memcmp.o)
 .debug_rnglists
                0x00000fa9       0x13 /opt/st/stm32cubeclt_1.18.0/GNU-tools-for-STM32/bin/../lib/gcc/arm-none-eabi/13.3.1/../../../../arm-none-eabi/lib/thumb/v7e-m+fp/hard/libg_nano.a(libc_a-memcpy-stub.o)

.debug_macro    0x00000000    0x1b20d
 .debug_macro   0x00000000      0x1c4 cmake/stm32cubemx/CMakeFiles/STM32_Drivers.dir/__/__/Core/Src/system_stm32f4xx.c.obj
 .debug_macro   0x000001c4      0xad8 cmake/stm32cubemx/CMakeFiles/STM32_Drivers.dir/__/__/Core/Src/system_stm32f4xx.c.obj
 .debug_macro   0x00000c9c       0x2e cmake/stm32cubemx/CMakeFiles/STM32_Drivers.dir/__/__/Core/Src/system_stm32f4xx.c.obj
 .debug_macro   0x00000cca       0x28 cmake/stm32cubemx/CMakeFiles/STM32_Drivers.dir/__/__/Core/Src/system_stm32f4xx.c.obj
 .debug_macro   0x00000cf2       0x22 cmake/stm32cubemx/CMakeFiles/STM32_Drivers.dir/__/__/Core/Src/system_stm32f4xx.c.obj
 .debug_macro   0x00000d14       0x8e cmake/stm32cubemx/CMakeFiles/STM32_Drivers.dir/__/__/Core/Src/system_stm32f4xx.c.obj
 .debug_macro   0x00000da2       0x51 cmake/stm32cubemx/CMakeFiles/STM32_Drivers.dir/__/__/Core/Src/system_stm32f4xx.c.obj
 .debug_macro   0x00000df3      0x103 cmake/stm32cubemx/CMakeFiles/STM32_Drivers.dir/__/__/Core/Src/system_stm32f4xx.c.obj
 .debug_macro   0x00000ef6       0x6a cmake/stm32cubemx/CMakeFiles/STM32_Drivers.dir/__/__/Core/Src/system_stm32f4xx.c.obj
 .debug_macro   0x00000f60      0x1df cmake/stm32cubemx/CMakeFiles/STM32_Drivers.dir/__/__/Core/Src/system_stm32f4xx.c.obj
 .debug_macro   0x0000113f       0x1c cmake/stm32cubemx/CMakeFiles/STM32_Drivers.dir/__/__/Core/Src/system_stm32f4xx.c.obj
 .debug_macro   0x0000115b       0x22 cmake/stm32cubemx/CMakeFiles/STM32_Drivers.dir/__/__/Core/Src/system_stm32f4xx.c.obj
 .debug_macro   0x0000117d       0xfb cmake/stm32cubemx/CMakeFiles/STM32_Drivers.dir/__/__/Core/Src/system_stm32f4xx.c.obj
 .debug_macro   0x00001278     0x1011 cmake/stm32cubemx/CMakeFiles/STM32_Drivers.dir/__/__/Core/Src/system_stm32f4xx.c.obj
 .debug_macro   0x00002289      0x11f cmake/stm32cubemx/CMakeFiles/STM32_Drivers.dir/__/__/Core/Src/system_stm32f4xx.c.obj
 .debug_macro   0x000023a8     0xb881 cmake/stm32cubemx/CMakeFiles/STM32_Drivers.dir/__/__/Core/Src/system_stm32f4xx.c.obj
 .debug_macro   0x0000dc29       0x6d cmake/stm32cubemx/CMakeFiles/STM32_Drivers.dir/__/__/Core/Src/system_stm32f4xx.c.obj
 .debug_macro   0x0000dc96      0x295 cmake/stm32cubemx/CMakeFiles/STM32_Drivers.dir/__/__/Core/Src/system_stm32f4xx.c.obj
 .debug_macro   0x0000df2b     0x3693 cmake/stm32cubemx/CMakeFiles/STM32_Drivers.dir/__/__/Core/Src/system_stm32f4xx.c.obj
 .debug_macro   0x000115be      0x190 cmake/stm32cubemx/CMakeFiles/STM32_Drivers.dir/__/__/Core/Src/system_stm32f4xx.c.obj
 .debug_macro   0x0001174e       0x5c cmake/stm32cubemx/CMakeFiles/STM32_Drivers.dir/__/__/Core/Src/system_stm32f4xx.c.obj
 .debug_macro   0x000117aa      0x416 cmake/stm32cubemx/CMakeFiles/STM32_Drivers.dir/__/__/Core/Src/system_stm32f4xx.c.obj
 .debug_macro   0x00011bc0      0x9e9 cmake/stm32cubemx/CMakeFiles/STM32_Drivers.dir/__/__/Core/Src/system_stm32f4xx.c.obj
 .debug_macro   0x000125a9      0x115 cmake/stm32cubemx/CMakeFiles/STM32_Drivers.dir/__/__/Core/Src/system_stm32f4xx.c.obj
 .debug_macro   0x000126be       0xf8 cmake/stm32cubemx/CMakeFiles/STM32_Drivers.dir/__/__/Core/Src/system_stm32f4xx.c.obj
 .debug_macro   0x000127b6       0xa5 cmake/stm32cubemx/CMakeFiles/STM32_Drivers.dir/__/__/Core/Src/system_stm32f4xx.c.obj
 .debug_macro   0x0001285b      0x15f cmake/stm32cubemx/CMakeFiles/STM32_Drivers.dir/__/__/Core/Src/system_stm32f4xx.c.obj
 .debug_macro   0x000129ba      0x287 cmake/stm32cubemx/CMakeFiles/STM32_Drivers.dir/__/__/Core/Src/system_stm32f4xx.c.obj
 .debug_macro   0x00012c41       0x5f cmake/stm32cubemx/CMakeFiles/STM32_Drivers.dir/__/__/Core/Src/system_stm32f4xx.c.obj
 .debug_macro   0x00012ca0      0x236 cmake/stm32cubemx/CMakeFiles/STM32_Drivers.dir/__/__/Core/Src/system_stm32f4xx.c.obj
 .debug_macro   0x00012ed6      0x132 cmake/stm32cubemx/CMakeFiles/STM32_Drivers.dir/__/__/Core/Src/system_stm32f4xx.c.obj
 .debug_macro   0x00013008      0x264 cmake/stm32cubemx/CMakeFiles/STM32_Drivers.dir/__/__/Core/Src/system_stm32f4xx.c.obj
 .debug_macro   0x0001326c       0x2e cmake/stm32cubemx/CMakeFiles/STM32_Drivers.dir/__/__/Core/Src/system_stm32f4xx.c.obj
 .debug_macro   0x0001329a      0x127 cmake/stm32cubemx/CMakeFiles/STM32_Drivers.dir/__/__/Core/Src/system_stm32f4xx.c.obj
 .debug_macro   0x000133c1       0x85 cmake/stm32cubemx/CMakeFiles/STM32_Drivers.dir/__/__/Core/Src/system_stm32f4xx.c.obj
 .debug_macro   0x00013446       0x89 cmake/stm32cubemx/CMakeFiles/STM32_Drivers.dir/__/__/Core/Src/system_stm32f4xx.c.obj
 .debug_macro   0x000134cf      0x8ed cmake/stm32cubemx/CMakeFiles/STM32_Drivers.dir/__/__/Core/Src/system_stm32f4xx.c.obj
 .debug_macro   0x00013dbc       0x47 cmake/stm32cubemx/CMakeFiles/STM32_Drivers.dir/__/__/Core/Src/system_stm32f4xx.c.obj
 .debug_macro   0x00013e03      0x126 cmake/stm32cubemx/CMakeFiles/STM32_Drivers.dir/__/__/Core/Src/system_stm32f4xx.c.obj
 .debug_macro   0x00013f29      0x1c5 cmake/stm32cubemx/CMakeFiles/STM32_Drivers.dir/__/__/Drivers/STM32F4xx_HAL_Driver/Src/stm32f4xx_hal_tim.c.obj
 .debug_macro   0x000140ee      0x1c4 cmake/stm32cubemx/CMakeFiles/STM32_Drivers.dir/__/__/Drivers/STM32F4xx_HAL_Driver/Src/stm32f4xx_hal_tim_ex.c.obj
 .debug_macro   0x000142b2      0x1e8 cmake/stm32cubemx/CMakeFiles/STM32_Drivers.dir/__/__/Drivers/STM32F4xx_HAL_Driver/Src/stm32f4xx_hal_rcc.c.obj
 .debug_macro   0x0001449a      0x1ca cmake/stm32cubemx/CMakeFiles/STM32_Drivers.dir/__/__/Drivers/STM32F4xx_HAL_Driver/Src/stm32f4xx_hal_gpio.c.obj
 .debug_macro   0x00014664      0x1c4 cmake/stm32cubemx/CMakeFiles/STM32_Drivers.dir/__/__/Drivers/STM32F4xx_HAL_Driver/Src/stm32f4xx_hal_cortex.c.obj
 .debug_macro   0x00014828      0x224 cmake/stm32cubemx/CMakeFiles/STM32_Drivers.dir/__/__/Drivers/STM32F4xx_HAL_Driver/Src/stm32f4xx_hal.c.obj
 .debug_macro   0x00014a4c      0x2b1 CMakeFiles/freertos_sysview.dir/Core/Src/main.c.obj
 .debug_macro   0x00014cfd      0xade CMakeFiles/freertos_sysview.dir/Core/Src/main.c.obj
 .debug_macro   0x000157db       0x40 CMakeFiles/freertos_sysview.dir/Core/Src/main.c.obj
 .debug_macro   0x0001581b       0x16 CMakeFiles/freertos_sysview.dir/Core/Src/main.c.obj
 .debug_macro   0x00015831      0x12d CMakeFiles/freertos_sysview.dir/Core/Src/main.c.obj
 .debug_macro   0x0001595e       0x58 CMakeFiles/freertos_sysview.dir/Core/Src/main.c.obj
 .debug_macro   0x000159b6       0x46 CMakeFiles/freertos_sysview.dir/Core/Src/main.c.obj
 .debug_macro   0x000159fc       0x64 CMakeFiles/freertos_sysview.dir/Core/Src/main.c.obj
 .debug_macro   0x00015a60       0x16 CMakeFiles/freertos_sysview.dir/Core/Src/main.c.obj
 .debug_macro   0x00015a76       0x49 CMakeFiles/freertos_sysview.dir/Core/Src/main.c.obj
 .debug_macro   0x00015abf       0xca CMakeFiles/freertos_sysview.dir/Core/Src/main.c.obj
 .debug_macro   0x00015b89      0x234 CMakeFiles/freertos_sysview.dir/Core/Src/main.c.obj
 .debug_macro   0x00015dbd      0xf65 CMakeFiles/freertos_sysview.dir/Core/Src/main.c.obj
 .debug_macro   0x00016d22       0x1c CMakeFiles/freertos_sysview.dir/Core/Src/main.c.obj
 .debug_macro   0x00016d3e      0x182 CMakeFiles/freertos_sysview.dir/Core/Src/main.c.obj
 .debug_macro   0x00016ec0       0xee CMakeFiles/freertos_sysview.dir/Core/Src/main.c.obj
 .debug_macro   0x00016fae       0x28 CMakeFiles/freertos_sysview.dir/Core/Src/main.c.obj
 .debug_macro   0x00016fd6       0x1f CMakeFiles/freertos_sysview.dir/Core/Src/main.c.obj
 .debug_macro   0x00016ff5       0x12 CMakeFiles/freertos_sysview.dir/Core/Src/main.c.obj
 .debug_macro   0x00017007      0xba1 CMakeFiles/freertos_sysview.dir/Core/Src/main.c.obj
 .debug_macro   0x00017ba8       0xc3 CMakeFiles/freertos_sysview.dir/Core/Src/main.c.obj
 .debug_macro   0x00017c6b      0x14f CMakeFiles/freertos_sysview.dir/Core/Src/main.c.obj
 .debug_macro   0x00017dba      0x1dd CMakeFiles/freertos_sysview.dir/Core/Src/stm32f4xx_it.c.obj
 .debug_macro   0x00017f97      0x293 CMakeFiles/freertos_sysview.dir/Core/Src/stm32f4xx_hal_msp.c.obj
 .debug_macro   0x0001822a      0x1c4 CMakeFiles/freertos_sysview.dir/Core/Src/stm32f4xx_hal_timebase_tim.c.obj
 .debug_macro   0x000183ee      0x289 CMakeFiles/freertos_sysview.dir/FreeRTOS/portable/MemMang/heap_4.c.obj
 .debug_macro   0x00018677      0x11c CMakeFiles/freertos_sysview.dir/FreeRTOS/portable/MemMang/heap_4.c.obj
 .debug_macro   0x00018793       0x9b CMakeFiles/freertos_sysview.dir/FreeRTOS/portable/MemMang/heap_4.c.obj
 .debug_macro   0x0001882e       0x16 CMakeFiles/freertos_sysview.dir/FreeRTOS/portable/MemMang/heap_4.c.obj
 .debug_macro   0x00018844       0x20 CMakeFiles/freertos_sysview.dir/FreeRTOS/portable/MemMang/heap_4.c.obj
 .debug_macro   0x00018864      0x12d CMakeFiles/freertos_sysview.dir/FreeRTOS/portable/MemMang/heap_4.c.obj
 .debug_macro   0x00018991      0x146 CMakeFiles/freertos_sysview.dir/Systemview/Config/SEGGER_SYSVIEW_Config_FreeRTOS.c.obj
 .debug_macro   0x00018ad7      0x203 CMakeFiles/freertos_sysview.dir/Systemview/OS/SEGGER_SYSVIEW_FreeRTOS.c.obj
 .debug_macro   0x00018cda       0x74 CMakeFiles/freertos_sysview.dir/Systemview/OS/SEGGER_SYSVIEW_FreeRTOS.c.obj
 .debug_macro   0x00018d4e       0x10 CMakeFiles/freertos_sysview.dir/Systemview/OS/SEGGER_SYSVIEW_FreeRTOS.c.obj
 .debug_macro   0x00018d5e      0x242 CMakeFiles/freertos_sysview.dir/Systemview/SEGGER/SEGGER_SYSVIEW.c.obj
 .debug_macro   0x00018fa0      0x234 CMakeFiles/freertos_sysview.dir/Systemview/SEGGER/SEGGER_SYSVIEW.c.obj
 .debug_macro   0x000191d4       0x3b CMakeFiles/freertos_sysview.dir/Systemview/SEGGER/SEGGER_SYSVIEW.c.obj
 .debug_macro   0x0001920f      0x138 CMakeFiles/freertos_sysview.dir/Systemview/SEGGER/SEGGER_SYSVIEW.c.obj
 .debug_macro   0x00019347      0x1d9 CMakeFiles/freertos_sysview.dir/Systemview/SEGGER/SEGGER_RTT.c.obj
 .debug_macro   0x00019520       0x35 CMakeFiles/freertos_sysview.dir/Systemview/SEGGER/SEGGER_RTT.c.obj
 .debug_macro   0x00019555      0x41c CMakeFiles/freertos_sysview.dir/Systemview/UART_Recorder/segger_uart.c.obj
 .debug_macro   0x00019971      0x230 FreeRTOS/libfreertos_kernel.a(port.c.obj)
 .debug_macro   0x00019ba1      0xacc FreeRTOS/libfreertos_kernel.a(port.c.obj)
 .debug_macro   0x0001a66d      0x311 FreeRTOS/libfreertos_kernel.a(tasks.c.obj)
 .debug_macro   0x0001a97e       0x98 FreeRTOS/libfreertos_kernel.a(tasks.c.obj)
 .debug_macro   0x0001aa16       0x17 FreeRTOS/libfreertos_kernel.a(tasks.c.obj)
 .debug_macro   0x0001aa2d      0x243 FreeRTOS/libfreertos_kernel.a(timers.c.obj)
 .debug_macro   0x0001ac70       0x80 FreeRTOS/libfreertos_kernel.a(timers.c.obj)
 .debug_macro   0x0001acf0       0x9e FreeRTOS/libfreertos_kernel.a(timers.c.obj)
 .debug_macro   0x0001ad8e      0x1f4 FreeRTOS/libfreertos_kernel.a(list.c.obj)
 .debug_macro   0x0001af82      0x28b FreeRTOS/libfreertos_kernel.a(queue.c.obj)

.debug_line     0x00000000    0x13c2a
 .debug_line    0x00000000      0x665 cmake/stm32cubemx/CMakeFiles/STM32_Drivers.dir/__/__/Core/Src/system_stm32f4xx.c.obj
 .debug_line    0x00000665     0x3420 cmake/stm32cubemx/CMakeFiles/STM32_Drivers.dir/__/__/Drivers/STM32F4xx_HAL_Driver/Src/stm32f4xx_hal_tim.c.obj